MPLINK 4.40, Linker
Linker Map File - Created Tue Mar 27 15:16:36 2012

                                 Section Info
                  Section       Type    Address   Location Size(Bytes)
                ---------  ---------  ---------  ---------  ---------
               _entry_scn       code   0x000000    program   0x000006
                   .cinit    romdata   0x000006    program   0x000002
      InterruptVectorHigh       code   0x000008    program   0x000006
         .code_adcclose.o       code   0x00000e    program   0x000006
          .code_adcconv.o       code   0x000014    program   0x000004
       InterruptVectorLow       code   0x000018    program   0x000006
           .code_my_i2c.o       code   0x00001e    program   0x00073e
         .code_messages.o       code   0x00075c    program   0x000506
             .code_main.o       code   0x000c62    program   0x000280
       .code_interrupts.o       code   0x000ee2    program   0x000216
          .code_my_uart.o       code   0x0010f8    program   0x0000d6
               _cinit_scn       code   0x0011ce    program   0x00009e
    .code_timer1_thread.o       code   0x00126c    program   0x00009a
                     PROG       code   0x001306    program   0x000078
  .code_user_interrupts.o       code   0x00137e    program   0x000072
           .code_u2open.o       code   0x0013f0    program   0x000072
           .code_u1open.o       code   0x001462    program   0x00006c
          .code_adcopen.o       code   0x0014ce    program   0x000058
                   STRING       code   0x001526    program   0x000056
           .code_u1read.o       code   0x00157c    program   0x00003e
           .code_newADC.o       code   0x0015ba    program   0x00003c
           .code_t0open.o       code   0x0015f6    program   0x000036
      .code_uart_thread.o       code   0x00162c    program   0x000034
           .code_t2open.o       code   0x001660    program   0x000034
          .code_t1write.o       code   0x001694    program   0x000030
          .code_t0write.o       code   0x0016c4    program   0x000030
          .code_u2write.o       code   0x0016f4    program   0x00002e
          .code_u1write.o       code   0x001722    program   0x00002e
         .code_adcsetch.o       code   0x001750    program   0x00002e
                    .code       code   0x00177e    program   0x000020
    .code_timer0_thread.o       code   0x00179e    program   0x00001c
             _startup_scn       code   0x0017ba    program   0x00001a
          .code_adcread.o       code   0x0017d4    program   0x000018
           .code___init.o       code   0x0017ec    program   0x000002
        .romdata_u2defs.o    romdata   0x0017ee    program   0x000000
        .idata_t2open.o_i    romdata   0x0017ee    program   0x000000
        .romdata_t2open.o    romdata   0x0017ee    program   0x000000
        .idata_u2defs.o_i    romdata   0x0017ee    program   0x000000
        .romdata___init.o    romdata   0x0017ee    program   0x000000
        .idata_u1read.o_i    romdata   0x0017ee    program   0x000000
        .romdata_u1read.o    romdata   0x0017ee    program   0x000000
        .idata___init.o_i    romdata   0x0017ee    program   0x000000
           .code_u2defs.o       code   0x0017ee    program   0x000000
       .idata_adcread.o_i    romdata   0x0017ee    program   0x000000
       .romdata_t1write.o    romdata   0x0017ee    program   0x000000
       .romdata_adcread.o    romdata   0x0017ee    program   0x000000
       .idata_t1write.o_i    romdata   0x0017ee    program   0x000000
      .idata_adcsetch.o_i    romdata   0x0017ee    program   0x000000
      .romdata_adcsetch.o    romdata   0x0017ee    program   0x000000
       .romdata_u2write.o    romdata   0x0017ee    program   0x000000
       .idata_u2write.o_i    romdata   0x0017ee    program   0x000000
       .idata_t0write.o_i    romdata   0x0017ee    program   0x000000
        .idata_u1defs.o_i    romdata   0x0017ee    program   0x000000
       .romdata_t0write.o    romdata   0x0017ee    program   0x000000
        .romdata_u1defs.o    romdata   0x0017ee    program   0x000000
           .code_u1defs.o       code   0x0017ee    program   0x000000
       .romdata_u1write.o    romdata   0x0017ee    program   0x000000
       .idata_u1write.o_i    romdata   0x0017ee    program   0x000000
 .romdata_timer1_thread.o    romdata   0x0017ee    program   0x000000
 .idata_timer1_thread.o_i    romdata   0x0017ee    program   0x000000
   .romdata_uart_thread.o    romdata   0x0017ee    program   0x000000
   .idata_uart_thread.o_i    romdata   0x0017ee    program   0x000000
       .romdata_my_uart.o    romdata   0x0017ee    program   0x000000
       .idata_my_uart.o_i    romdata   0x0017ee    program   0x000000
.romdata_user_interrupts.o    romdata   0x0017ee    program   0x000000
.idata_user_interrupts.o_i    romdata   0x0017ee    program   0x000000
    .romdata_interrupts.o    romdata   0x0017ee    program   0x000000
    .idata_interrupts.o_i    romdata   0x0017ee    program   0x000000
      .romdata_messages.o    romdata   0x0017ee    program   0x000000
      .idata_messages.o_i    romdata   0x0017ee    program   0x000000
          .romdata_main.o    romdata   0x0017ee    program   0x000000
          .idata_main.o_i    romdata   0x0017ee    program   0x000000
          .code_c018i_e.o       code   0x0017ee    program   0x000000
       .romdata_c018i_e.o    romdata   0x0017ee    program   0x000000
       .idata_c018i_e.o_i    romdata   0x0017ee    program   0x000000
        .romdata_t0open.o    romdata   0x0017ee    program   0x000000
        .idata_t0open.o_i    romdata   0x0017ee    program   0x000000
       .romdata_adcopen.o    romdata   0x0017ee    program   0x000000
       .idata_adcopen.o_i    romdata   0x0017ee    program   0x000000
        .romdata_u2open.o    romdata   0x0017ee    program   0x000000
        .idata_u2open.o_i    romdata   0x0017ee    program   0x000000
        .romdata_u1open.o    romdata   0x0017ee    program   0x000000
        .idata_u1open.o_i    romdata   0x0017ee    program   0x000000
       .romdata_adcconv.o    romdata   0x0017ee    program   0x000000
       .idata_adcconv.o_i    romdata   0x0017ee    program   0x000000
      .romdata_adcclose.o    romdata   0x0017ee    program   0x000000
      .idata_adcclose.o_i    romdata   0x0017ee    program   0x000000
        .romdata_newADC.o    romdata   0x0017ee    program   0x000000
        .idata_newADC.o_i    romdata   0x0017ee    program   0x000000
        .romdata_my_i2c.o    romdata   0x0017ee    program   0x000000
        .idata_my_i2c.o_i    romdata   0x0017ee    program   0x000000
 .romdata_timer0_thread.o    romdata   0x0017ee    program   0x000000
 .idata_timer0_thread.o_i    romdata   0x0017ee    program   0x000000
    .config_300003_main.o    romdata   0x300003    program   0x000001
    .config_300006_main.o    romdata   0x300006    program   0x000001
                msgqueue4      udata   0x000000       data   0x00003f
         .udata_c018i_e.o      udata   0x00003f       data   0x00000a
                MATH_DATA      udata   0x000049       data   0x000004
                 .tmpdata      udata   0x00004d       data   0x000004
         .udata_my_uart.o      udata   0x000051       data   0x000002
          .udata_my_i2c.o      udata   0x000053       data   0x000002
          .udata_u2defs.o      udata   0x000055       data   0x000001
          .udata_u1defs.o      udata   0x000056       data   0x000001
         .idata_adcread.o      idata   0x000057       data   0x000000
         .udata_adcread.o      udata   0x000057       data   0x000000
          .idata_u1read.o      idata   0x000057       data   0x000000
          .udata_u1read.o      udata   0x000057       data   0x000000
          .idata_t2open.o      idata   0x000057       data   0x000000
          .udata_t2open.o      udata   0x000057       data   0x000000
          .idata_t0open.o      idata   0x000057       data   0x000000
          .udata_t0open.o      udata   0x000057       data   0x000000
         .idata_adcopen.o      idata   0x000057       data   0x000000
         .udata_adcopen.o      udata   0x000057       data   0x000000
          .udata_u2open.o      udata   0x000057       data   0x000000
          .idata_u2open.o      idata   0x000057       data   0x000000
        .udata_adcsetch.o      udata   0x000057       data   0x000000
        .idata_adcsetch.o      idata   0x000057       data   0x000000
          .idata_u1defs.o      idata   0x000057       data   0x000000
         .udata_u1write.o      udata   0x000057       data   0x000000
         .idata_u1write.o      idata   0x000057       data   0x000000
         .udata_u2write.o      udata   0x000057       data   0x000000
         .idata_u2write.o      idata   0x000057       data   0x000000
          .idata_u2defs.o      idata   0x000057       data   0x000000
         .udata_t0write.o      udata   0x000057       data   0x000000
         .idata_t0write.o      idata   0x000057       data   0x000000
         .udata_t1write.o      udata   0x000057       data   0x000000
         .idata_t1write.o      idata   0x000057       data   0x000000
          .udata___init.o      udata   0x000057       data   0x000000
          .idata___init.o      idata   0x000057       data   0x000000
         .idata_c018i_e.o      idata   0x000057       data   0x000000
            .udata_main.o      udata   0x000057       data   0x000000
            .idata_main.o      idata   0x000057       data   0x000000
        .udata_messages.o      udata   0x000057       data   0x000000
        .idata_messages.o      idata   0x000057       data   0x000000
      .udata_interrupts.o      udata   0x000057       data   0x000000
      .idata_interrupts.o      idata   0x000057       data   0x000000
 .udata_user_interrupts.o      udata   0x000057       data   0x000000
 .idata_user_interrupts.o      idata   0x000057       data   0x000000
         .idata_my_uart.o      idata   0x000057       data   0x000000
     .udata_uart_thread.o      udata   0x000057       data   0x000000
     .idata_uart_thread.o      idata   0x000057       data   0x000000
   .udata_timer1_thread.o      udata   0x000057       data   0x000000
   .idata_timer1_thread.o      idata   0x000057       data   0x000000
   .udata_timer0_thread.o      udata   0x000057       data   0x000000
   .idata_timer0_thread.o      idata   0x000057       data   0x000000
          .idata_my_i2c.o      idata   0x000057       data   0x000000
          .udata_newADC.o      udata   0x000057       data   0x000000
          .idata_newADC.o      idata   0x000057       data   0x000000
          .idata_u1open.o      idata   0x000057       data   0x000000
          .udata_u1open.o      udata   0x000057       data   0x000000
        .udata_adcclose.o      udata   0x000057       data   0x000000
         .idata_adcconv.o      idata   0x000057       data   0x000000
         .udata_adcconv.o      udata   0x000057       data   0x000000
        .idata_adcclose.o      idata   0x000057       data   0x000000
                msgqueue3      udata   0x000060       data   0x00003e
                msgqueue2      udata   0x00009e       data   0x00003e
                msgqueue1      udata   0x000100       data   0x00003e
                   .stack      udata   0x000500       data   0x000100
              SFR_BANKED0      udata   0x000f38       data   0x000028
            SFR_UNBANKED0      udata   0x000f60       data   0x0000a0



                              Program Memory Usage 
                               Start         End      
                           ---------   ---------      
                            0x000000    0x0017ed      
                            0x300003    0x300003      
                            0x300006    0x300006      
            6128 out of 33048 program addresses used, program memory utilization is 18%



                              Symbols - Sorted by Name
                     Name    Address   Location    Storage File                     
                ---------  ---------  ---------  --------- ---------                
                 CloseADC   0x00000e    program     extern C:\MCC18\v3_39\src\pmc_common\ADC\adcclose.c
               ConvertADC   0x000014    program     extern C:\MCC18\v3_39\src\pmc_common\ADC\adcconv.c
     FromMainHigh_recvmsg   0x000af6    program     extern D:\Virginia Tech\VT Spring 2012\Embedded\CODENSTUFF\45k22\messages.c
     FromMainHigh_sendmsg   0x000ac8    program     extern D:\Virginia Tech\VT Spring 2012\Embedded\CODENSTUFF\45k22\messages.c
      FromMainLow_recvmsg   0x000a96    program     extern D:\Virginia Tech\VT Spring 2012\Embedded\CODENSTUFF\45k22\messages.c
      FromMainLow_sendmsg   0x000a68    program     extern D:\Virginia Tech\VT Spring 2012\Embedded\CODENSTUFF\45k22\messages.c
     InterruptHandlerHigh   0x000f6a    program     extern D:\Virginia Tech\VT Spring 2012\Embedded\CODENSTUFF\45k22\interrupts.c
      InterruptHandlerLow   0x00102e    program     extern D:\Virginia Tech\VT Spring 2012\Embedded\CODENSTUFF\45k22\interrupts.c
      InterruptVectorHigh   0x000008    program     extern D:\Virginia Tech\VT Spring 2012\Embedded\CODENSTUFF\45k22\interrupts.c
       InterruptVectorLow   0x000018    program     extern D:\Virginia Tech\VT Spring 2012\Embedded\CODENSTUFF\45k22\interrupts.c
               Open1USART   0x001462    program     extern C:\MCC18\v3_39\src\pmc_common\USART\u1open.c
               Open2USART   0x0013f0    program     extern C:\MCC18\v3_39\src\pmc_common\USART\u2open.c
                  OpenADC   0x0014ce    program     extern C:\MCC18\v3_39\src\pmc_common\ADC\adcopen.c
               OpenTimer0   0x0015f6    program     extern C:\MCC18\v3_39\src\pmc_common\Timers\t0open.c
               OpenTimer2   0x001660    program     extern C:\MCC18\v3_39\src\pmc_common\Timers\t2open.c
                  RESTORE   0x001370    program     static C:\MCC18\v3_39\src\extended\math\div16u.asm
              RETQUOTIENT   0x001368    program     static C:\MCC18\v3_39\src\extended\math\div16u.asm
               Read1USART   0x00157c    program     extern C:\MCC18\v3_39\src\pmc_common\USART\u1read.c
                  ReadADC   0x0017d4    program     extern C:\MCC18\v3_39\src\pmc_common\ADC\adcread.c
                 SETUPSTK   0x001306    program     static C:\MCC18\v3_39\src\extended\math\div16u.asm
               SetChanADC   0x001750    program     extern C:\MCC18\v3_39\src\pmc_common\ADC\adcsetch.c
              SleepIfOkay   0x000baa    program     extern D:\Virginia Tech\VT Spring 2012\Embedded\CODENSTUFF\45k22\messages.c
       ToMainHigh_recvmsg   0x000a36    program     extern D:\Virginia Tech\VT Spring 2012\Embedded\CODENSTUFF\45k22\messages.c
       ToMainHigh_sendmsg   0x000a08    program     extern D:\Virginia Tech\VT Spring 2012\Embedded\CODENSTUFF\45k22\messages.c
        ToMainLow_recvmsg   0x0009d6    program     extern D:\Virginia Tech\VT Spring 2012\Embedded\CODENSTUFF\45k22\messages.c
        ToMainLow_sendmsg   0x0009a8    program     extern D:\Virginia Tech\VT Spring 2012\Embedded\CODENSTUFF\45k22\messages.c
              Write1USART   0x001722    program     extern C:\MCC18\v3_39\src\pmc_common\USART\u1write.c
              Write2USART   0x0016f4    program     extern C:\MCC18\v3_39\src\pmc_common\USART\u2write.c
              WriteTimer0   0x0016c4    program     extern C:\MCC18\v3_39\src\pmc_common\Timers\t0write.c
              WriteTimer1   0x001694    program     extern C:\MCC18\v3_39\src\pmc_common\Timers\t1write.c
              _4jContinue   0x00155a    program     static C:\MCC18\v3_39\src\extended\stdclib\memcpy.asm
                   _5jEnd   0x001564    program     static C:\MCC18\v3_39\src\extended\stdclib\memcpy.asm
       ___return_lbl00000   0x000004    program     static                          
       ___return_lbl00001   0x0017d2    program     static                          
       ___return_lbl00002   0x00126a    program     static                          
       ___return_lbl00012   0x00001c    program     static                          
       ___return_lbl00013   0x00000c    program     static                          
       ___return_lbl00019   0x000b62    program     static                          
               __config_0   0x300003    program     static D:\Virginia Tech\VT Spring 2012\Embedded\CODENSTUFF\45k22\main.c
               __config_1   0x300006    program     static D:\Virginia Tech\VT Spring 2012\Embedded\CODENSTUFF\45k22\main.c
                 __div16u   0x00131e    program     extern C:\MCC18\v3_39\src\extended\math\div16u.asm
                   __init   0x0017ec    program     extern C:\MCC18\v3_39\src\extended\stdclib\__init.c
                 __mod16u   0x001324    program     extern C:\MCC18\v3_39\src\extended\math\div16u.asm
            __zero_memory   0x00177e    program     extern C:\MCC18\v3_39\src\extended\proc\p18F45K22.asm
                _do_cinit   0x0011ce    program     extern C:\MCC18\v3_39\src\extended\startup\c018i_e.c
            _early16uexit   0x001328    program     extern C:\MCC18\v3_39\src\extended\math\div16u.asm
                   _entry   0x000000    program     extern C:\MCC18\v3_39\src\extended\startup\c018i_e.c
                 _startup   0x0017ba    program     extern C:\MCC18\v3_39\src\extended\startup\c018i_e.c
          adc_int_handler   0x0013b2    program     extern D:\Virginia Tech\VT Spring 2012\Embedded\CODENSTUFF\45k22\user_interrupts.c
    block_on_FromMainHigh   0x000c06    program     extern D:\Virginia Tech\VT Spring 2012\Embedded\CODENSTUFF\45k22\messages.c
    block_on_To_msgqueues   0x000c22    program     extern D:\Virginia Tech\VT Spring 2012\Embedded\CODENSTUFF\45k22\messages.c
                check_msg   0x000b64    program     extern D:\Virginia Tech\VT Spring 2012\Embedded\CODENSTUFF\45k22\messages.c
                compare_l   0x001794    program     static C:\MCC18\v3_39\src\extended\proc\p18F45K22.asm
                copy_loop   0x001240    program     static                          
            copy_one_byte   0x001246    program     static                          
                divmod16u   0x00132a    program     static C:\MCC18\v3_39\src\extended\math\div16u.asm
                     done   0x00126a    program     static                          
             done_copying   0x001254    program     static                          
        enable_interrupts   0x000ee2    program     extern D:\Virginia Tech\VT Spring 2012\Embedded\CODENSTUFF\45k22\interrupts.c
                  endloop   0x001350    program     static C:\MCC18\v3_39\src\extended\math\div16u.asm
         enter_sleep_mode   0x000b5e    program     extern D:\Virginia Tech\VT Spring 2012\Embedded\CODENSTUFF\45k22\messages.c
             handle_start   0x000126    program     extern D:\Virginia Tech\VT Spring 2012\Embedded\CODENSTUFF\45k22\my_i2c.c
     i2c_configure_master   0x00001e    program     extern D:\Virginia Tech\VT Spring 2012\Embedded\CODENSTUFF\45k22\my_i2c.c
      i2c_configure_slave   0x000730    program     extern D:\Virginia Tech\VT Spring 2012\Embedded\CODENSTUFF\45k22\my_i2c.c
          i2c_int_handler   0x0001e0    program     extern D:\Virginia Tech\VT Spring 2012\Embedded\CODENSTUFF\45k22\my_i2c.c
          i2c_master_recv   0x000042    program     extern D:\Virginia Tech\VT Spring 2012\Embedded\CODENSTUFF\45k22\my_i2c.c
          i2c_master_send   0x000030    program     extern D:\Virginia Tech\VT Spring 2012\Embedded\CODENSTUFF\45k22\my_i2c.c
              in_high_int   0x000eec    program     extern D:\Virginia Tech\VT Spring 2012\Embedded\CODENSTUFF\45k22\interrupts.c
               in_low_int   0x000f2c    program     extern D:\Virginia Tech\VT Spring 2012\Embedded\CODENSTUFF\45k22\interrupts.c
                  in_main   0x000f44    program     extern D:\Virginia Tech\VT Spring 2012\Embedded\CODENSTUFF\45k22\interrupts.c
                  initADC   0x0015ba    program     extern D:\Virginia Tech\VT Spring 2012\Embedded\CODENSTUFF\45k22\newADC.c
                 init_i2c   0x0006cc    program     extern D:\Virginia Tech\VT Spring 2012\Embedded\CODENSTUFF\45k22\my_i2c.c
               init_queue   0x00075c    program     extern D:\Virginia Tech\VT Spring 2012\Embedded\CODENSTUFF\45k22\messages.c
              init_queues   0x000b28    program     extern D:\Virginia Tech\VT Spring 2012\Embedded\CODENSTUFF\45k22\messages.c
      init_timer1_lthread   0x00126c    program     extern D:\Virginia Tech\VT Spring 2012\Embedded\CODENSTUFF\45k22\timer1_thread.c
           init_uart_recv   0x0011a2    program     extern D:\Virginia Tech\VT Spring 2012\Embedded\CODENSTUFF\45k22\my_uart.c
                     jEnd   0x00156a    program     static C:\MCC18\v3_39\src\extended\stdclib\memcpy.asm
                    jLoop   0x00154e    program     static C:\MCC18\v3_39\src\extended\stdclib\memcpy.asm
                     loop   0x0017c8    program     static                          
                     loop   0x001334    program     static C:\MCC18\v3_39\src\extended\math\div16u.asm
                   loop_h   0x00178c    program     static C:\MCC18\v3_39\src\extended\proc\p18F45K22.asm
                   loop_l   0x001796    program     static C:\MCC18\v3_39\src\extended\proc\p18F45K22.asm
           low_int_active   0x000f0c    program     extern D:\Virginia Tech\VT Spring 2012\Embedded\CODENSTUFF\45k22\interrupts.c
                     main   0x000c62    program     extern D:\Virginia Tech\VT Spring 2012\Embedded\CODENSTUFF\45k22\main.c
                   memcpy   0x001526    program     extern C:\MCC18\v3_39\src\extended\stdclib\memcpy.asm
                  readADC   0x0015dc    program     extern D:\Virginia Tech\VT Spring 2012\Embedded\CODENSTUFF\45k22\newADC.c
                 recv_msg   0x0008a2    program     extern D:\Virginia Tech\VT Spring 2012\Embedded\CODENSTUFF\45k22\messages.c
                 send_msg   0x0007ba    program     extern D:\Virginia Tech\VT Spring 2012\Embedded\CODENSTUFF\45k22\messages.c
    start_i2c_slave_reply   0x000054    program     extern D:\Virginia Tech\VT Spring 2012\Embedded\CODENSTUFF\45k22\my_i2c.c
                  stopADC   0x0015f2    program     extern D:\Virginia Tech\VT Spring 2012\Embedded\CODENSTUFF\45k22\newADC.c
                     test   0x0011e8    program     static                          
       timer0_int_handler   0x00137e    program     extern D:\Virginia Tech\VT Spring 2012\Embedded\CODENSTUFF\45k22\user_interrupts.c
           timer0_lthread   0x00179e    program     extern D:\Virginia Tech\VT Spring 2012\Embedded\CODENSTUFF\45k22\timer0_thread.c
       timer1_int_handler   0x0013a4    program     extern D:\Virginia Tech\VT Spring 2012\Embedded\CODENSTUFF\45k22\user_interrupts.c
           timer1_lthread   0x00128a    program     extern D:\Virginia Tech\VT Spring 2012\Embedded\CODENSTUFF\45k22\timer1_thread.c
             uart_lthread   0x00162c    program     extern D:\Virginia Tech\VT Spring 2012\Embedded\CODENSTUFF\45k22\uart_thread.c
    uart_recv_int_handler   0x0010f8    program     extern D:\Virginia Tech\VT Spring 2012\Embedded\CODENSTUFF\45k22\my_uart.c
               zero_block   0x00178c    program     static C:\MCC18\v3_39\src\extended\proc\p18F45K22.asm
                   ADCON0   0x000fc2       data     extern C:\MCC18\v3_39\src\extended\proc\p18F45K22.asm
               ADCON0bits   0x000fc2       data     extern C:\MCC18\v3_39\src\extended\proc\p18F45K22.asm
                   ADCON1   0x000fc1       data     extern C:\MCC18\v3_39\src\extended\proc\p18F45K22.asm
               ADCON1bits   0x000fc1       data     extern C:\MCC18\v3_39\src\extended\proc\p18F45K22.asm
                   ADCON2   0x000fc0       data     extern C:\MCC18\v3_39\src\extended\proc\p18F45K22.asm
               ADCON2bits   0x000fc0       data     extern C:\MCC18\v3_39\src\extended\proc\p18F45K22.asm
                    ADRES   0x000fc3       data     extern C:\MCC18\v3_39\src\extended\proc\p18F45K22.asm
                   ADRESH   0x000fc4       data     extern C:\MCC18\v3_39\src\extended\proc\p18F45K22.asm
                   ADRESL   0x000fc3       data     extern C:\MCC18\v3_39\src\extended\proc\p18F45K22.asm
                   ANSELA   0x000f38       data     extern C:\MCC18\v3_39\src\extended\proc\p18F45K22.asm
               ANSELAbits   0x000f38       data     extern C:\MCC18\v3_39\src\extended\proc\p18F45K22.asm
                   ANSELB   0x000f39       data     extern C:\MCC18\v3_39\src\extended\proc\p18F45K22.asm
               ANSELBbits   0x000f39       data     extern C:\MCC18\v3_39\src\extended\proc\p18F45K22.asm
                   ANSELC   0x000f3a       data     extern C:\MCC18\v3_39\src\extended\proc\p18F45K22.asm
               ANSELCbits   0x000f3a       data     extern C:\MCC18\v3_39\src\extended\proc\p18F45K22.asm
                   ANSELD   0x000f3b       data     extern C:\MCC18\v3_39\src\extended\proc\p18F45K22.asm
               ANSELDbits   0x000f3b       data     extern C:\MCC18\v3_39\src\extended\proc\p18F45K22.asm
                   ANSELE   0x000f3c       data     extern C:\MCC18\v3_39\src\extended\proc\p18F45K22.asm
               ANSELEbits   0x000f3c       data     extern C:\MCC18\v3_39\src\extended\proc\p18F45K22.asm
                 BAUD1CON   0x000fb8       data     extern C:\MCC18\v3_39\src\extended\proc\p18F45K22.asm
             BAUD1CONbits   0x000fb8       data     extern C:\MCC18\v3_39\src\extended\proc\p18F45K22.asm
                 BAUD2CON   0x000f70       data     extern C:\MCC18\v3_39\src\extended\proc\p18F45K22.asm
             BAUD2CONbits   0x000f70       data     extern C:\MCC18\v3_39\src\extended\proc\p18F45K22.asm
                  BAUDCON   0x000fb8       data     extern C:\MCC18\v3_39\src\extended\proc\p18F45K22.asm
                 BAUDCON1   0x000fb8       data     extern C:\MCC18\v3_39\src\extended\proc\p18F45K22.asm
             BAUDCON1bits   0x000fb8       data     extern C:\MCC18\v3_39\src\extended\proc\p18F45K22.asm
                 BAUDCON2   0x000f70       data     extern C:\MCC18\v3_39\src\extended\proc\p18F45K22.asm
             BAUDCON2bits   0x000f70       data     extern C:\MCC18\v3_39\src\extended\proc\p18F45K22.asm
              BAUDCONbits   0x000fb8       data     extern C:\MCC18\v3_39\src\extended\proc\p18F45K22.asm
                  BAUDCTL   0x000fb8       data     extern C:\MCC18\v3_39\src\extended\proc\p18F45K22.asm
              BAUDCTLbits   0x000fb8       data     extern C:\MCC18\v3_39\src\extended\proc\p18F45K22.asm
                      BSR   0x000fe0       data     extern C:\MCC18\v3_39\src\extended\proc\p18F45K22.asm
                  CCP1CON   0x000fbd       data     extern C:\MCC18\v3_39\src\extended\proc\p18F45K22.asm
              CCP1CONbits   0x000fbd       data     extern C:\MCC18\v3_39\src\extended\proc\p18F45K22.asm
                   CCP2AS   0x000f64       data     extern C:\MCC18\v3_39\src\extended\proc\p18F45K22.asm
               CCP2ASbits   0x000f64       data     extern C:\MCC18\v3_39\src\extended\proc\p18F45K22.asm
                  CCP2CON   0x000f66       data     extern C:\MCC18\v3_39\src\extended\proc\p18F45K22.asm
              CCP2CONbits   0x000f66       data     extern C:\MCC18\v3_39\src\extended\proc\p18F45K22.asm
                   CCP3AS   0x000f5b       data     extern C:\MCC18\v3_39\src\extended\proc\p18F45K22.asm
               CCP3ASbits   0x000f5b       data     extern C:\MCC18\v3_39\src\extended\proc\p18F45K22.asm
                  CCP3CON   0x000f5d       data     extern C:\MCC18\v3_39\src\extended\proc\p18F45K22.asm
              CCP3CONbits   0x000f5d       data     extern C:\MCC18\v3_39\src\extended\proc\p18F45K22.asm
                  CCP4CON   0x000f57       data     extern C:\MCC18\v3_39\src\extended\proc\p18F45K22.asm
              CCP4CONbits   0x000f57       data     extern C:\MCC18\v3_39\src\extended\proc\p18F45K22.asm
                  CCP5CON   0x000f54       data     extern C:\MCC18\v3_39\src\extended\proc\p18F45K22.asm
              CCP5CONbits   0x000f54       data     extern C:\MCC18\v3_39\src\extended\proc\p18F45K22.asm
                    CCPR1   0x000fbe       data     extern C:\MCC18\v3_39\src\extended\proc\p18F45K22.asm
                   CCPR1H   0x000fbf       data     extern C:\MCC18\v3_39\src\extended\proc\p18F45K22.asm
                   CCPR1L   0x000fbe       data     extern C:\MCC18\v3_39\src\extended\proc\p18F45K22.asm
                    CCPR2   0x000f67       data     extern C:\MCC18\v3_39\src\extended\proc\p18F45K22.asm
                   CCPR2H   0x000f68       data     extern C:\MCC18\v3_39\src\extended\proc\p18F45K22.asm
                   CCPR2L   0x000f67       data     extern C:\MCC18\v3_39\src\extended\proc\p18F45K22.asm
                    CCPR3   0x000f5e       data     extern C:\MCC18\v3_39\src\extended\proc\p18F45K22.asm
                   CCPR3H   0x000f5f       data     extern C:\MCC18\v3_39\src\extended\proc\p18F45K22.asm
                   CCPR3L   0x000f5e       data     extern C:\MCC18\v3_39\src\extended\proc\p18F45K22.asm
                    CCPR4   0x000f58       data     extern C:\MCC18\v3_39\src\extended\proc\p18F45K22.asm
                   CCPR4H   0x000f59       data     extern C:\MCC18\v3_39\src\extended\proc\p18F45K22.asm
                   CCPR4L   0x000f58       data     extern C:\MCC18\v3_39\src\extended\proc\p18F45K22.asm
                    CCPR5   0x000f55       data     extern C:\MCC18\v3_39\src\extended\proc\p18F45K22.asm
                   CCPR5H   0x000f56       data     extern C:\MCC18\v3_39\src\extended\proc\p18F45K22.asm
                   CCPR5L   0x000f55       data     extern C:\MCC18\v3_39\src\extended\proc\p18F45K22.asm
                 CCPTMRS0   0x000f49       data     extern C:\MCC18\v3_39\src\extended\proc\p18F45K22.asm
             CCPTMRS0bits   0x000f49       data     extern C:\MCC18\v3_39\src\extended\proc\p18F45K22.asm
                 CCPTMRS1   0x000f48       data     extern C:\MCC18\v3_39\src\extended\proc\p18F45K22.asm
             CCPTMRS1bits   0x000f48       data     extern C:\MCC18\v3_39\src\extended\proc\p18F45K22.asm
                  CM12CON   0x000f77       data     extern C:\MCC18\v3_39\src\extended\proc\p18F45K22.asm
              CM12CONbits   0x000f77       data     extern C:\MCC18\v3_39\src\extended\proc\p18F45K22.asm
                   CM1CON   0x000f79       data     extern C:\MCC18\v3_39\src\extended\proc\p18F45K22.asm
                  CM1CON0   0x000f79       data     extern C:\MCC18\v3_39\src\extended\proc\p18F45K22.asm
              CM1CON0bits   0x000f79       data     extern C:\MCC18\v3_39\src\extended\proc\p18F45K22.asm
               CM1CONbits   0x000f79       data     extern C:\MCC18\v3_39\src\extended\proc\p18F45K22.asm
                   CM2CON   0x000f78       data     extern C:\MCC18\v3_39\src\extended\proc\p18F45K22.asm
                  CM2CON0   0x000f78       data     extern C:\MCC18\v3_39\src\extended\proc\p18F45K22.asm
              CM2CON0bits   0x000f78       data     extern C:\MCC18\v3_39\src\extended\proc\p18F45K22.asm
                  CM2CON1   0x000f77       data     extern C:\MCC18\v3_39\src\extended\proc\p18F45K22.asm
              CM2CON1bits   0x000f77       data     extern C:\MCC18\v3_39\src\extended\proc\p18F45K22.asm
               CM2CONbits   0x000f78       data     extern C:\MCC18\v3_39\src\extended\proc\p18F45K22.asm
                 CTMUCON0   0x000f45       data     extern C:\MCC18\v3_39\src\extended\proc\p18F45K22.asm
             CTMUCON0bits   0x000f45       data     extern C:\MCC18\v3_39\src\extended\proc\p18F45K22.asm
                 CTMUCON1   0x000f44       data     extern C:\MCC18\v3_39\src\extended\proc\p18F45K22.asm
             CTMUCON1bits   0x000f44       data     extern C:\MCC18\v3_39\src\extended\proc\p18F45K22.asm
                 CTMUCONH   0x000f45       data     extern C:\MCC18\v3_39\src\extended\proc\p18F45K22.asm
             CTMUCONHbits   0x000f45       data     extern C:\MCC18\v3_39\src\extended\proc\p18F45K22.asm
                 CTMUCONL   0x000f44       data     extern C:\MCC18\v3_39\src\extended\proc\p18F45K22.asm
             CTMUCONLbits   0x000f44       data     extern C:\MCC18\v3_39\src\extended\proc\p18F45K22.asm
                 CTMUICON   0x000f43       data     extern C:\MCC18\v3_39\src\extended\proc\p18F45K22.asm
                CTMUICONH   0x000f43       data     extern C:\MCC18\v3_39\src\extended\proc\p18F45K22.asm
            CTMUICONHbits   0x000f43       data     extern C:\MCC18\v3_39\src\extended\proc\p18F45K22.asm
             CTMUICONbits   0x000f43       data     extern C:\MCC18\v3_39\src\extended\proc\p18F45K22.asm
                  DACCON0   0x000f41       data     extern C:\MCC18\v3_39\src\extended\proc\p18F45K22.asm
              DACCON0bits   0x000f41       data     extern C:\MCC18\v3_39\src\extended\proc\p18F45K22.asm
                  DACCON1   0x000f40       data     extern C:\MCC18\v3_39\src\extended\proc\p18F45K22.asm
              DACCON1bits   0x000f40       data     extern C:\MCC18\v3_39\src\extended\proc\p18F45K22.asm
                     DDRA   0x000f92       data     extern C:\MCC18\v3_39\src\extended\proc\p18F45K22.asm
                 DDRAbits   0x000f92       data     extern C:\MCC18\v3_39\src\extended\proc\p18F45K22.asm
                     DDRB   0x000f93       data     extern C:\MCC18\v3_39\src\extended\proc\p18F45K22.asm
                 DDRBbits   0x000f93       data     extern C:\MCC18\v3_39\src\extended\proc\p18F45K22.asm
                     DDRC   0x000f94       data     extern C:\MCC18\v3_39\src\extended\proc\p18F45K22.asm
                 DDRCbits   0x000f94       data     extern C:\MCC18\v3_39\src\extended\proc\p18F45K22.asm
                     DDRD   0x000f95       data     extern C:\MCC18\v3_39\src\extended\proc\p18F45K22.asm
                 DDRDbits   0x000f95       data     extern C:\MCC18\v3_39\src\extended\proc\p18F45K22.asm
                     DDRE   0x000f96       data     extern C:\MCC18\v3_39\src\extended\proc\p18F45K22.asm
                 DDREbits   0x000f96       data     extern C:\MCC18\v3_39\src\extended\proc\p18F45K22.asm
                  ECCP1AS   0x000fb6       data     extern C:\MCC18\v3_39\src\extended\proc\p18F45K22.asm
              ECCP1ASbits   0x000fb6       data     extern C:\MCC18\v3_39\src\extended\proc\p18F45K22.asm
                  ECCP2AS   0x000f64       data     extern C:\MCC18\v3_39\src\extended\proc\p18F45K22.asm
              ECCP2ASbits   0x000f64       data     extern C:\MCC18\v3_39\src\extended\proc\p18F45K22.asm
                  ECCP3AS   0x000f5b       data     extern C:\MCC18\v3_39\src\extended\proc\p18F45K22.asm
              ECCP3ASbits   0x000f5b       data     extern C:\MCC18\v3_39\src\extended\proc\p18F45K22.asm
                   ECCPAS   0x000fb6       data     extern C:\MCC18\v3_39\src\extended\proc\p18F45K22.asm
               ECCPASbits   0x000fb6       data     extern C:\MCC18\v3_39\src\extended\proc\p18F45K22.asm
                    EEADR   0x000fa9       data     extern C:\MCC18\v3_39\src\extended\proc\p18F45K22.asm
                EEADRbits   0x000fa9       data     extern C:\MCC18\v3_39\src\extended\proc\p18F45K22.asm
                   EECON1   0x000fa6       data     extern C:\MCC18\v3_39\src\extended\proc\p18F45K22.asm
               EECON1bits   0x000fa6       data     extern C:\MCC18\v3_39\src\extended\proc\p18F45K22.asm
                   EECON2   0x000fa7       data     extern C:\MCC18\v3_39\src\extended\proc\p18F45K22.asm
                   EEDATA   0x000fa8       data     extern C:\MCC18\v3_39\src\extended\proc\p18F45K22.asm
                     FSR0   0x000fe9       data     extern C:\MCC18\v3_39\src\extended\proc\p18F45K22.asm
                    FSR0H   0x000fea       data     extern C:\MCC18\v3_39\src\extended\proc\p18F45K22.asm
                    FSR0L   0x000fe9       data     extern C:\MCC18\v3_39\src\extended\proc\p18F45K22.asm
                     FSR1   0x000fe1       data     extern C:\MCC18\v3_39\src\extended\proc\p18F45K22.asm
                    FSR1H   0x000fe2       data     extern C:\MCC18\v3_39\src\extended\proc\p18F45K22.asm
                    FSR1L   0x000fe1       data     extern C:\MCC18\v3_39\src\extended\proc\p18F45K22.asm
                     FSR2   0x000fd9       data     extern C:\MCC18\v3_39\src\extended\proc\p18F45K22.asm
                    FSR2H   0x000fda       data     extern C:\MCC18\v3_39\src\extended\proc\p18F45K22.asm
                    FSR2L   0x000fd9       data     extern C:\MCC18\v3_39\src\extended\proc\p18F45K22.asm
                   FVRCON   0x000f42       data     extern C:\MCC18\v3_39\src\extended\proc\p18F45K22.asm
               FVRCONbits   0x000f42       data     extern C:\MCC18\v3_39\src\extended\proc\p18F45K22.asm
          FromMainHigh_MQ   0x000000       data     static D:\Virginia Tech\VT Spring 2012\Embedded\CODENSTUFF\45k22\messages.c
           FromMainLow_MQ   0x000060       data     static D:\Virginia Tech\VT Spring 2012\Embedded\CODENSTUFF\45k22\messages.c
                  HLVDCON   0x000f9c       data     extern C:\MCC18\v3_39\src\extended\proc\p18F45K22.asm
              HLVDCONbits   0x000f9c       data     extern C:\MCC18\v3_39\src\extended\proc\p18F45K22.asm
                    INDF0   0x000fef       data     extern C:\MCC18\v3_39\src\extended\proc\p18F45K22.asm
                    INDF1   0x000fe7       data     extern C:\MCC18\v3_39\src\extended\proc\p18F45K22.asm
                    INDF2   0x000fdf       data     extern C:\MCC18\v3_39\src\extended\proc\p18F45K22.asm
                   INTCON   0x000ff2       data     extern C:\MCC18\v3_39\src\extended\proc\p18F45K22.asm
                  INTCON2   0x000ff1       data     extern C:\MCC18\v3_39\src\extended\proc\p18F45K22.asm
              INTCON2bits   0x000ff1       data     extern C:\MCC18\v3_39\src\extended\proc\p18F45K22.asm
                  INTCON3   0x000ff0       data     extern C:\MCC18\v3_39\src\extended\proc\p18F45K22.asm
              INTCON3bits   0x000ff0       data     extern C:\MCC18\v3_39\src\extended\proc\p18F45K22.asm
               INTCONbits   0x000ff2       data     extern C:\MCC18\v3_39\src\extended\proc\p18F45K22.asm
                     IOCB   0x000f62       data     extern C:\MCC18\v3_39\src\extended\proc\p18F45K22.asm
                 IOCBbits   0x000f62       data     extern C:\MCC18\v3_39\src\extended\proc\p18F45K22.asm
                     IPR1   0x000f9f       data     extern C:\MCC18\v3_39\src\extended\proc\p18F45K22.asm
                 IPR1bits   0x000f9f       data     extern C:\MCC18\v3_39\src\extended\proc\p18F45K22.asm
                     IPR2   0x000fa2       data     extern C:\MCC18\v3_39\src\extended\proc\p18F45K22.asm
                 IPR2bits   0x000fa2       data     extern C:\MCC18\v3_39\src\extended\proc\p18F45K22.asm
                     IPR3   0x000fa5       data     extern C:\MCC18\v3_39\src\extended\proc\p18F45K22.asm
                 IPR3bits   0x000fa5       data     extern C:\MCC18\v3_39\src\extended\proc\p18F45K22.asm
                     IPR4   0x000f7c       data     extern C:\MCC18\v3_39\src\extended\proc\p18F45K22.asm
                 IPR4bits   0x000f7c       data     extern C:\MCC18\v3_39\src\extended\proc\p18F45K22.asm
                     IPR5   0x000f7f       data     extern C:\MCC18\v3_39\src\extended\proc\p18F45K22.asm
                 IPR5bits   0x000f7f       data     extern C:\MCC18\v3_39\src\extended\proc\p18F45K22.asm
                     LATA   0x000f89       data     extern C:\MCC18\v3_39\src\extended\proc\p18F45K22.asm
                 LATAbits   0x000f89       data     extern C:\MCC18\v3_39\src\extended\proc\p18F45K22.asm
                     LATB   0x000f8a       data     extern C:\MCC18\v3_39\src\extended\proc\p18F45K22.asm
                 LATBbits   0x000f8a       data     extern C:\MCC18\v3_39\src\extended\proc\p18F45K22.asm
                     LATC   0x000f8b       data     extern C:\MCC18\v3_39\src\extended\proc\p18F45K22.asm
                 LATCbits   0x000f8b       data     extern C:\MCC18\v3_39\src\extended\proc\p18F45K22.asm
                     LATD   0x000f8c       data     extern C:\MCC18\v3_39\src\extended\proc\p18F45K22.asm
                 LATDbits   0x000f8c       data     extern C:\MCC18\v3_39\src\extended\proc\p18F45K22.asm
                     LATE   0x000f8d       data     extern C:\MCC18\v3_39\src\extended\proc\p18F45K22.asm
                 LATEbits   0x000f8d       data     extern C:\MCC18\v3_39\src\extended\proc\p18F45K22.asm
                   LVDCON   0x000f9c       data     extern C:\MCC18\v3_39\src\extended\proc\p18F45K22.asm
               LVDCONbits   0x000f9c       data     extern C:\MCC18\v3_39\src\extended\proc\p18F45K22.asm
 MQ_Main_Willing_to_block   0x00003e       data     static D:\Virginia Tech\VT Spring 2012\Embedded\CODENSTUFF\45k22\messages.c
                   OSCCON   0x000fd3       data     extern C:\MCC18\v3_39\src\extended\proc\p18F45K22.asm
                  OSCCON2   0x000fd2       data     extern C:\MCC18\v3_39\src\extended\proc\p18F45K22.asm
              OSCCON2bits   0x000fd2       data     extern C:\MCC18\v3_39\src\extended\proc\p18F45K22.asm
               OSCCONbits   0x000fd3       data     extern C:\MCC18\v3_39\src\extended\proc\p18F45K22.asm
                  OSCTUNE   0x000f9b       data     extern C:\MCC18\v3_39\src\extended\proc\p18F45K22.asm
              OSCTUNEbits   0x000f9b       data     extern C:\MCC18\v3_39\src\extended\proc\p18F45K22.asm
                       PC   0x000ff9       data     extern C:\MCC18\v3_39\src\extended\proc\p18F45K22.asm
                      PCL   0x000ff9       data     extern C:\MCC18\v3_39\src\extended\proc\p18F45K22.asm
                   PCLATH   0x000ffa       data     extern C:\MCC18\v3_39\src\extended\proc\p18F45K22.asm
                   PCLATU   0x000ffb       data     extern C:\MCC18\v3_39\src\extended\proc\p18F45K22.asm
                     PIE1   0x000f9d       data     extern C:\MCC18\v3_39\src\extended\proc\p18F45K22.asm
                 PIE1bits   0x000f9d       data     extern C:\MCC18\v3_39\src\extended\proc\p18F45K22.asm
                     PIE2   0x000fa0       data     extern C:\MCC18\v3_39\src\extended\proc\p18F45K22.asm
                 PIE2bits   0x000fa0       data     extern C:\MCC18\v3_39\src\extended\proc\p18F45K22.asm
                     PIE3   0x000fa3       data     extern C:\MCC18\v3_39\src\extended\proc\p18F45K22.asm
                 PIE3bits   0x000fa3       data     extern C:\MCC18\v3_39\src\extended\proc\p18F45K22.asm
                     PIE4   0x000f7a       data     extern C:\MCC18\v3_39\src\extended\proc\p18F45K22.asm
                 PIE4bits   0x000f7a       data     extern C:\MCC18\v3_39\src\extended\proc\p18F45K22.asm
                     PIE5   0x000f7d       data     extern C:\MCC18\v3_39\src\extended\proc\p18F45K22.asm
                 PIE5bits   0x000f7d       data     extern C:\MCC18\v3_39\src\extended\proc\p18F45K22.asm
                     PIR1   0x000f9e       data     extern C:\MCC18\v3_39\src\extended\proc\p18F45K22.asm
                 PIR1bits   0x000f9e       data     extern C:\MCC18\v3_39\src\extended\proc\p18F45K22.asm
                     PIR2   0x000fa1       data     extern C:\MCC18\v3_39\src\extended\proc\p18F45K22.asm
                 PIR2bits   0x000fa1       data     extern C:\MCC18\v3_39\src\extended\proc\p18F45K22.asm
                     PIR3   0x000fa4       data     extern C:\MCC18\v3_39\src\extended\proc\p18F45K22.asm
                 PIR3bits   0x000fa4       data     extern C:\MCC18\v3_39\src\extended\proc\p18F45K22.asm
                     PIR4   0x000f7b       data     extern C:\MCC18\v3_39\src\extended\proc\p18F45K22.asm
                 PIR4bits   0x000f7b       data     extern C:\MCC18\v3_39\src\extended\proc\p18F45K22.asm
                     PIR5   0x000f7e       data     extern C:\MCC18\v3_39\src\extended\proc\p18F45K22.asm
                 PIR5bits   0x000f7e       data     extern C:\MCC18\v3_39\src\extended\proc\p18F45K22.asm
                   PLUSW0   0x000feb       data     extern C:\MCC18\v3_39\src\extended\proc\p18F45K22.asm
                   PLUSW1   0x000fe3       data     extern C:\MCC18\v3_39\src\extended\proc\p18F45K22.asm
                   PLUSW2   0x000fdb       data     extern C:\MCC18\v3_39\src\extended\proc\p18F45K22.asm
                     PMD0   0x000f3f       data     extern C:\MCC18\v3_39\src\extended\proc\p18F45K22.asm
                 PMD0bits   0x000f3f       data     extern C:\MCC18\v3_39\src\extended\proc\p18F45K22.asm
                     PMD1   0x000f3e       data     extern C:\MCC18\v3_39\src\extended\proc\p18F45K22.asm
                 PMD1bits   0x000f3e       data     extern C:\MCC18\v3_39\src\extended\proc\p18F45K22.asm
                     PMD2   0x000f3d       data     extern C:\MCC18\v3_39\src\extended\proc\p18F45K22.asm
                 PMD2bits   0x000f3d       data     extern C:\MCC18\v3_39\src\extended\proc\p18F45K22.asm
                    PORTA   0x000f80       data     extern C:\MCC18\v3_39\src\extended\proc\p18F45K22.asm
                PORTAbits   0x000f80       data     extern C:\MCC18\v3_39\src\extended\proc\p18F45K22.asm
                    PORTB   0x000f81       data     extern C:\MCC18\v3_39\src\extended\proc\p18F45K22.asm
                PORTBbits   0x000f81       data     extern C:\MCC18\v3_39\src\extended\proc\p18F45K22.asm
                    PORTC   0x000f82       data     extern C:\MCC18\v3_39\src\extended\proc\p18F45K22.asm
                PORTCbits   0x000f82       data     extern C:\MCC18\v3_39\src\extended\proc\p18F45K22.asm
                    PORTD   0x000f83       data     extern C:\MCC18\v3_39\src\extended\proc\p18F45K22.asm
                PORTDbits   0x000f83       data     extern C:\MCC18\v3_39\src\extended\proc\p18F45K22.asm
                    PORTE   0x000f84       data     extern C:\MCC18\v3_39\src\extended\proc\p18F45K22.asm
                PORTEbits   0x000f84       data     extern C:\MCC18\v3_39\src\extended\proc\p18F45K22.asm
                 POSTDEC0   0x000fed       data     extern C:\MCC18\v3_39\src\extended\proc\p18F45K22.asm
                 POSTDEC1   0x000fe5       data     extern C:\MCC18\v3_39\src\extended\proc\p18F45K22.asm
                 POSTDEC2   0x000fdd       data     extern C:\MCC18\v3_39\src\extended\proc\p18F45K22.asm
                 POSTINC0   0x000fee       data     extern C:\MCC18\v3_39\src\extended\proc\p18F45K22.asm
                 POSTINC1   0x000fe6       data     extern C:\MCC18\v3_39\src\extended\proc\p18F45K22.asm
                 POSTINC2   0x000fde       data     extern C:\MCC18\v3_39\src\extended\proc\p18F45K22.asm
                      PR2   0x000fbb       data     extern C:\MCC18\v3_39\src\extended\proc\p18F45K22.asm
                      PR4   0x000f52       data     extern C:\MCC18\v3_39\src\extended\proc\p18F45K22.asm
                      PR6   0x000f4b       data     extern C:\MCC18\v3_39\src\extended\proc\p18F45K22.asm
                  PREINC0   0x000fec       data     extern C:\MCC18\v3_39\src\extended\proc\p18F45K22.asm
                  PREINC1   0x000fe4       data     extern C:\MCC18\v3_39\src\extended\proc\p18F45K22.asm
                  PREINC2   0x000fdc       data     extern C:\MCC18\v3_39\src\extended\proc\p18F45K22.asm
                     PROD   0x000ff3       data     extern C:\MCC18\v3_39\src\extended\proc\p18F45K22.asm
                    PRODH   0x000ff4       data     extern C:\MCC18\v3_39\src\extended\proc\p18F45K22.asm
                    PRODL   0x000ff3       data     extern C:\MCC18\v3_39\src\extended\proc\p18F45K22.asm
                 PSTR1CON   0x000fb9       data     extern C:\MCC18\v3_39\src\extended\proc\p18F45K22.asm
             PSTR1CONbits   0x000fb9       data     extern C:\MCC18\v3_39\src\extended\proc\p18F45K22.asm
                 PSTR2CON   0x000f63       data     extern C:\MCC18\v3_39\src\extended\proc\p18F45K22.asm
             PSTR2CONbits   0x000f63       data     extern C:\MCC18\v3_39\src\extended\proc\p18F45K22.asm
                 PSTR3CON   0x000f5a       data     extern C:\MCC18\v3_39\src\extended\proc\p18F45K22.asm
             PSTR3CONbits   0x000f5a       data     extern C:\MCC18\v3_39\src\extended\proc\p18F45K22.asm
                  PSTRCON   0x000fb9       data     extern C:\MCC18\v3_39\src\extended\proc\p18F45K22.asm
              PSTRCONbits   0x000fb9       data     extern C:\MCC18\v3_39\src\extended\proc\p18F45K22.asm
                  PWM1CON   0x000fb7       data     extern C:\MCC18\v3_39\src\extended\proc\p18F45K22.asm
              PWM1CONbits   0x000fb7       data     extern C:\MCC18\v3_39\src\extended\proc\p18F45K22.asm
                  PWM2CON   0x000f65       data     extern C:\MCC18\v3_39\src\extended\proc\p18F45K22.asm
              PWM2CONbits   0x000f65       data     extern C:\MCC18\v3_39\src\extended\proc\p18F45K22.asm
                  PWM3CON   0x000f5c       data     extern C:\MCC18\v3_39\src\extended\proc\p18F45K22.asm
              PWM3CONbits   0x000f5c       data     extern C:\MCC18\v3_39\src\extended\proc\p18F45K22.asm
                   PWMCON   0x000fb7       data     extern C:\MCC18\v3_39\src\extended\proc\p18F45K22.asm
               PWMCONbits   0x000fb7       data     extern C:\MCC18\v3_39\src\extended\proc\p18F45K22.asm
                   RC1REG   0x000fae       data     extern C:\MCC18\v3_39\src\extended\proc\p18F45K22.asm
               RC1REGbits   0x000fae       data     extern C:\MCC18\v3_39\src\extended\proc\p18F45K22.asm
                   RC1STA   0x000fab       data     extern C:\MCC18\v3_39\src\extended\proc\p18F45K22.asm
               RC1STAbits   0x000fab       data     extern C:\MCC18\v3_39\src\extended\proc\p18F45K22.asm
                   RC2REG   0x000f74       data     extern C:\MCC18\v3_39\src\extended\proc\p18F45K22.asm
                   RC2STA   0x000f71       data     extern C:\MCC18\v3_39\src\extended\proc\p18F45K22.asm
               RC2STAbits   0x000f71       data     extern C:\MCC18\v3_39\src\extended\proc\p18F45K22.asm
                     RCON   0x000fd0       data     extern C:\MCC18\v3_39\src\extended\proc\p18F45K22.asm
                 RCONbits   0x000fd0       data     extern C:\MCC18\v3_39\src\extended\proc\p18F45K22.asm
                    RCREG   0x000fae       data     extern C:\MCC18\v3_39\src\extended\proc\p18F45K22.asm
                   RCREG1   0x000fae       data     extern C:\MCC18\v3_39\src\extended\proc\p18F45K22.asm
               RCREG1bits   0x000fae       data     extern C:\MCC18\v3_39\src\extended\proc\p18F45K22.asm
                   RCREG2   0x000f74       data     extern C:\MCC18\v3_39\src\extended\proc\p18F45K22.asm
                RCREGbits   0x000fae       data     extern C:\MCC18\v3_39\src\extended\proc\p18F45K22.asm
                    RCSTA   0x000fab       data     extern C:\MCC18\v3_39\src\extended\proc\p18F45K22.asm
                   RCSTA1   0x000fab       data     extern C:\MCC18\v3_39\src\extended\proc\p18F45K22.asm
               RCSTA1bits   0x000fab       data     extern C:\MCC18\v3_39\src\extended\proc\p18F45K22.asm
                   RCSTA2   0x000f71       data     extern C:\MCC18\v3_39\src\extended\proc\p18F45K22.asm
               RCSTA2bits   0x000f71       data     extern C:\MCC18\v3_39\src\extended\proc\p18F45K22.asm
                RCSTAbits   0x000fab       data     extern C:\MCC18\v3_39\src\extended\proc\p18F45K22.asm
                   SLRCON   0x000f60       data     extern C:\MCC18\v3_39\src\extended\proc\p18F45K22.asm
               SLRCONbits   0x000f60       data     extern C:\MCC18\v3_39\src\extended\proc\p18F45K22.asm
                   SP1BRG   0x000faf       data     extern C:\MCC18\v3_39\src\extended\proc\p18F45K22.asm
                  SP1BRGH   0x000fb0       data     extern C:\MCC18\v3_39\src\extended\proc\p18F45K22.asm
              SP1BRGHbits   0x000fb0       data     extern C:\MCC18\v3_39\src\extended\proc\p18F45K22.asm
               SP1BRGbits   0x000faf       data     extern C:\MCC18\v3_39\src\extended\proc\p18F45K22.asm
                   SP2BRG   0x000f75       data     extern C:\MCC18\v3_39\src\extended\proc\p18F45K22.asm
                  SP2BRGH   0x000f76       data     extern C:\MCC18\v3_39\src\extended\proc\p18F45K22.asm
                    SPBRG   0x000faf       data     extern C:\MCC18\v3_39\src\extended\proc\p18F45K22.asm
                   SPBRG1   0x000faf       data     extern C:\MCC18\v3_39\src\extended\proc\p18F45K22.asm
               SPBRG1bits   0x000faf       data     extern C:\MCC18\v3_39\src\extended\proc\p18F45K22.asm
                   SPBRG2   0x000f75       data     extern C:\MCC18\v3_39\src\extended\proc\p18F45K22.asm
                   SPBRGH   0x000fb0       data     extern C:\MCC18\v3_39\src\extended\proc\p18F45K22.asm
                  SPBRGH1   0x000fb0       data     extern C:\MCC18\v3_39\src\extended\proc\p18F45K22.asm
              SPBRGH1bits   0x000fb0       data     extern C:\MCC18\v3_39\src\extended\proc\p18F45K22.asm
                  SPBRGH2   0x000f76       data     extern C:\MCC18\v3_39\src\extended\proc\p18F45K22.asm
               SPBRGHbits   0x000fb0       data     extern C:\MCC18\v3_39\src\extended\proc\p18F45K22.asm
                SPBRGbits   0x000faf       data     extern C:\MCC18\v3_39\src\extended\proc\p18F45K22.asm
                   SRCON0   0x000f47       data     extern C:\MCC18\v3_39\src\extended\proc\p18F45K22.asm
               SRCON0bits   0x000f47       data     extern C:\MCC18\v3_39\src\extended\proc\p18F45K22.asm
                   SRCON1   0x000f46       data     extern C:\MCC18\v3_39\src\extended\proc\p18F45K22.asm
               SRCON1bits   0x000f46       data     extern C:\MCC18\v3_39\src\extended\proc\p18F45K22.asm
                  SSP1ADD   0x000fc8       data     extern C:\MCC18\v3_39\src\extended\proc\p18F45K22.asm
              SSP1ADDbits   0x000fc8       data     extern C:\MCC18\v3_39\src\extended\proc\p18F45K22.asm
                  SSP1BUF   0x000fc9       data     extern C:\MCC18\v3_39\src\extended\proc\p18F45K22.asm
              SSP1BUFbits   0x000fc9       data     extern C:\MCC18\v3_39\src\extended\proc\p18F45K22.asm
                 SSP1CON1   0x000fc6       data     extern C:\MCC18\v3_39\src\extended\proc\p18F45K22.asm
             SSP1CON1bits   0x000fc6       data     extern C:\MCC18\v3_39\src\extended\proc\p18F45K22.asm
                 SSP1CON2   0x000fc5       data     extern C:\MCC18\v3_39\src\extended\proc\p18F45K22.asm
             SSP1CON2bits   0x000fc5       data     extern C:\MCC18\v3_39\src\extended\proc\p18F45K22.asm
                 SSP1CON3   0x000fcb       data     extern C:\MCC18\v3_39\src\extended\proc\p18F45K22.asm
             SSP1CON3bits   0x000fcb       data     extern C:\MCC18\v3_39\src\extended\proc\p18F45K22.asm
                  SSP1MSK   0x000fca       data     extern C:\MCC18\v3_39\src\extended\proc\p18F45K22.asm
              SSP1MSKbits   0x000fca       data     extern C:\MCC18\v3_39\src\extended\proc\p18F45K22.asm
                 SSP1STAT   0x000fc7       data     extern C:\MCC18\v3_39\src\extended\proc\p18F45K22.asm
             SSP1STATbits   0x000fc7       data     extern C:\MCC18\v3_39\src\extended\proc\p18F45K22.asm
                  SSP2ADD   0x000f6e       data     extern C:\MCC18\v3_39\src\extended\proc\p18F45K22.asm
                  SSP2BUF   0x000f6f       data     extern C:\MCC18\v3_39\src\extended\proc\p18F45K22.asm
                 SSP2CON1   0x000f6c       data     extern C:\MCC18\v3_39\src\extended\proc\p18F45K22.asm
             SSP2CON1bits   0x000f6c       data     extern C:\MCC18\v3_39\src\extended\proc\p18F45K22.asm
                 SSP2CON2   0x000f6b       data     extern C:\MCC18\v3_39\src\extended\proc\p18F45K22.asm
             SSP2CON2bits   0x000f6b       data     extern C:\MCC18\v3_39\src\extended\proc\p18F45K22.asm
                 SSP2CON3   0x000f69       data     extern C:\MCC18\v3_39\src\extended\proc\p18F45K22.asm
             SSP2CON3bits   0x000f69       data     extern C:\MCC18\v3_39\src\extended\proc\p18F45K22.asm
                  SSP2MSK   0x000f6a       data     extern C:\MCC18\v3_39\src\extended\proc\p18F45K22.asm
              SSP2MSKbits   0x000f6a       data     extern C:\MCC18\v3_39\src\extended\proc\p18F45K22.asm
                 SSP2STAT   0x000f6d       data     extern C:\MCC18\v3_39\src\extended\proc\p18F45K22.asm
             SSP2STATbits   0x000f6d       data     extern C:\MCC18\v3_39\src\extended\proc\p18F45K22.asm
                   SSPADD   0x000fc8       data     extern C:\MCC18\v3_39\src\extended\proc\p18F45K22.asm
               SSPADDbits   0x000fc8       data     extern C:\MCC18\v3_39\src\extended\proc\p18F45K22.asm
                   SSPBUF   0x000fc9       data     extern C:\MCC18\v3_39\src\extended\proc\p18F45K22.asm
               SSPBUFbits   0x000fc9       data     extern C:\MCC18\v3_39\src\extended\proc\p18F45K22.asm
                  SSPCON1   0x000fc6       data     extern C:\MCC18\v3_39\src\extended\proc\p18F45K22.asm
              SSPCON1bits   0x000fc6       data     extern C:\MCC18\v3_39\src\extended\proc\p18F45K22.asm
                  SSPCON2   0x000fc5       data     extern C:\MCC18\v3_39\src\extended\proc\p18F45K22.asm
              SSPCON2bits   0x000fc5       data     extern C:\MCC18\v3_39\src\extended\proc\p18F45K22.asm
                  SSPCON3   0x000fcb       data     extern C:\MCC18\v3_39\src\extended\proc\p18F45K22.asm
              SSPCON3bits   0x000fcb       data     extern C:\MCC18\v3_39\src\extended\proc\p18F45K22.asm
                   SSPMSK   0x000fca       data     extern C:\MCC18\v3_39\src\extended\proc\p18F45K22.asm
               SSPMSKbits   0x000fca       data     extern C:\MCC18\v3_39\src\extended\proc\p18F45K22.asm
                  SSPSTAT   0x000fc7       data     extern C:\MCC18\v3_39\src\extended\proc\p18F45K22.asm
              SSPSTATbits   0x000fc7       data     extern C:\MCC18\v3_39\src\extended\proc\p18F45K22.asm
                   STATUS   0x000fd8       data     extern C:\MCC18\v3_39\src\extended\proc\p18F45K22.asm
               STATUSbits   0x000fd8       data     extern C:\MCC18\v3_39\src\extended\proc\p18F45K22.asm
                   STKPTR   0x000ffc       data     extern C:\MCC18\v3_39\src\extended\proc\p18F45K22.asm
               STKPTRbits   0x000ffc       data     extern C:\MCC18\v3_39\src\extended\proc\p18F45K22.asm
                    T0CON   0x000fd5       data     extern C:\MCC18\v3_39\src\extended\proc\p18F45K22.asm
                T0CONbits   0x000fd5       data     extern C:\MCC18\v3_39\src\extended\proc\p18F45K22.asm
                    T1CON   0x000fcd       data     extern C:\MCC18\v3_39\src\extended\proc\p18F45K22.asm
                T1CONbits   0x000fcd       data     extern C:\MCC18\v3_39\src\extended\proc\p18F45K22.asm
                   T1GCON   0x000fcc       data     extern C:\MCC18\v3_39\src\extended\proc\p18F45K22.asm
               T1GCONbits   0x000fcc       data     extern C:\MCC18\v3_39\src\extended\proc\p18F45K22.asm
                    T2CON   0x000fba       data     extern C:\MCC18\v3_39\src\extended\proc\p18F45K22.asm
                T2CONbits   0x000fba       data     extern C:\MCC18\v3_39\src\extended\proc\p18F45K22.asm
                    T3CON   0x000fb1       data     extern C:\MCC18\v3_39\src\extended\proc\p18F45K22.asm
                T3CONbits   0x000fb1       data     extern C:\MCC18\v3_39\src\extended\proc\p18F45K22.asm
                   T3GCON   0x000fb4       data     extern C:\MCC18\v3_39\src\extended\proc\p18F45K22.asm
               T3GCONbits   0x000fb4       data     extern C:\MCC18\v3_39\src\extended\proc\p18F45K22.asm
                    T4CON   0x000f51       data     extern C:\MCC18\v3_39\src\extended\proc\p18F45K22.asm
                T4CONbits   0x000f51       data     extern C:\MCC18\v3_39\src\extended\proc\p18F45K22.asm
                    T5CON   0x000f4e       data     extern C:\MCC18\v3_39\src\extended\proc\p18F45K22.asm
                T5CONbits   0x000f4e       data     extern C:\MCC18\v3_39\src\extended\proc\p18F45K22.asm
                   T5GCON   0x000f4d       data     extern C:\MCC18\v3_39\src\extended\proc\p18F45K22.asm
               T5GCONbits   0x000f4d       data     extern C:\MCC18\v3_39\src\extended\proc\p18F45K22.asm
                    T6CON   0x000f4a       data     extern C:\MCC18\v3_39\src\extended\proc\p18F45K22.asm
                T6CONbits   0x000f4a       data     extern C:\MCC18\v3_39\src\extended\proc\p18F45K22.asm
                   TABLAT   0x000ff5       data     extern C:\MCC18\v3_39\src\extended\proc\p18F45K22.asm
                   TBLPTR   0x000ff6       data     extern C:\MCC18\v3_39\src\extended\proc\p18F45K22.asm
                  TBLPTRH   0x000ff7       data     extern C:\MCC18\v3_39\src\extended\proc\p18F45K22.asm
                  TBLPTRL   0x000ff6       data     extern C:\MCC18\v3_39\src\extended\proc\p18F45K22.asm
                  TBLPTRU   0x000ff8       data     extern C:\MCC18\v3_39\src\extended\proc\p18F45K22.asm
              TBLPTRUbits   0x000ff8       data     extern C:\MCC18\v3_39\src\extended\proc\p18F45K22.asm
                    TMR0H   0x000fd7       data     extern C:\MCC18\v3_39\src\extended\proc\p18F45K22.asm
                    TMR0L   0x000fd6       data     extern C:\MCC18\v3_39\src\extended\proc\p18F45K22.asm
                    TMR1H   0x000fcf       data     extern C:\MCC18\v3_39\src\extended\proc\p18F45K22.asm
                    TMR1L   0x000fce       data     extern C:\MCC18\v3_39\src\extended\proc\p18F45K22.asm
                     TMR2   0x000fbc       data     extern C:\MCC18\v3_39\src\extended\proc\p18F45K22.asm
                    TMR3H   0x000fb3       data     extern C:\MCC18\v3_39\src\extended\proc\p18F45K22.asm
                    TMR3L   0x000fb2       data     extern C:\MCC18\v3_39\src\extended\proc\p18F45K22.asm
                     TMR4   0x000f53       data     extern C:\MCC18\v3_39\src\extended\proc\p18F45K22.asm
                    TMR5H   0x000f50       data     extern C:\MCC18\v3_39\src\extended\proc\p18F45K22.asm
                    TMR5L   0x000f4f       data     extern C:\MCC18\v3_39\src\extended\proc\p18F45K22.asm
                     TMR6   0x000f4c       data     extern C:\MCC18\v3_39\src\extended\proc\p18F45K22.asm
                      TOS   0x000ffd       data     extern C:\MCC18\v3_39\src\extended\proc\p18F45K22.asm
                     TOSH   0x000ffe       data     extern C:\MCC18\v3_39\src\extended\proc\p18F45K22.asm
                     TOSL   0x000ffd       data     extern C:\MCC18\v3_39\src\extended\proc\p18F45K22.asm
                     TOSU   0x000fff       data     extern C:\MCC18\v3_39\src\extended\proc\p18F45K22.asm
                    TRISA   0x000f92       data     extern C:\MCC18\v3_39\src\extended\proc\p18F45K22.asm
                TRISAbits   0x000f92       data     extern C:\MCC18\v3_39\src\extended\proc\p18F45K22.asm
                    TRISB   0x000f93       data     extern C:\MCC18\v3_39\src\extended\proc\p18F45K22.asm
                TRISBbits   0x000f93       data     extern C:\MCC18\v3_39\src\extended\proc\p18F45K22.asm
                    TRISC   0x000f94       data     extern C:\MCC18\v3_39\src\extended\proc\p18F45K22.asm
                TRISCbits   0x000f94       data     extern C:\MCC18\v3_39\src\extended\proc\p18F45K22.asm
                    TRISD   0x000f95       data     extern C:\MCC18\v3_39\src\extended\proc\p18F45K22.asm
                TRISDbits   0x000f95       data     extern C:\MCC18\v3_39\src\extended\proc\p18F45K22.asm
                    TRISE   0x000f96       data     extern C:\MCC18\v3_39\src\extended\proc\p18F45K22.asm
                TRISEbits   0x000f96       data     extern C:\MCC18\v3_39\src\extended\proc\p18F45K22.asm
                   TX1REG   0x000fad       data     extern C:\MCC18\v3_39\src\extended\proc\p18F45K22.asm
               TX1REGbits   0x000fad       data     extern C:\MCC18\v3_39\src\extended\proc\p18F45K22.asm
                   TX1STA   0x000fac       data     extern C:\MCC18\v3_39\src\extended\proc\p18F45K22.asm
               TX1STAbits   0x000fac       data     extern C:\MCC18\v3_39\src\extended\proc\p18F45K22.asm
                   TX2REG   0x000f73       data     extern C:\MCC18\v3_39\src\extended\proc\p18F45K22.asm
                   TX2STA   0x000f72       data     extern C:\MCC18\v3_39\src\extended\proc\p18F45K22.asm
               TX2STAbits   0x000f72       data     extern C:\MCC18\v3_39\src\extended\proc\p18F45K22.asm
                    TXREG   0x000fad       data     extern C:\MCC18\v3_39\src\extended\proc\p18F45K22.asm
                   TXREG1   0x000fad       data     extern C:\MCC18\v3_39\src\extended\proc\p18F45K22.asm
               TXREG1bits   0x000fad       data     extern C:\MCC18\v3_39\src\extended\proc\p18F45K22.asm
                   TXREG2   0x000f73       data     extern C:\MCC18\v3_39\src\extended\proc\p18F45K22.asm
                TXREGbits   0x000fad       data     extern C:\MCC18\v3_39\src\extended\proc\p18F45K22.asm
                    TXSTA   0x000fac       data     extern C:\MCC18\v3_39\src\extended\proc\p18F45K22.asm
                   TXSTA1   0x000fac       data     extern C:\MCC18\v3_39\src\extended\proc\p18F45K22.asm
               TXSTA1bits   0x000fac       data     extern C:\MCC18\v3_39\src\extended\proc\p18F45K22.asm
                   TXSTA2   0x000f72       data     extern C:\MCC18\v3_39\src\extended\proc\p18F45K22.asm
               TXSTA2bits   0x000f72       data     extern C:\MCC18\v3_39\src\extended\proc\p18F45K22.asm
                TXSTAbits   0x000fac       data     extern C:\MCC18\v3_39\src\extended\proc\p18F45K22.asm
            ToMainHigh_MQ   0x00009e       data     static D:\Virginia Tech\VT Spring 2012\Embedded\CODENSTUFF\45k22\messages.c
             ToMainLow_MQ   0x000100       data     static D:\Virginia Tech\VT Spring 2012\Embedded\CODENSTUFF\45k22\messages.c
            USART1_Status   0x000056       data     extern C:\MCC18\v3_39\src\pmc_common\USART\u1defs.c
            USART2_Status   0x000055       data     extern C:\MCC18\v3_39\src\pmc_common\USART\u2defs.c
                 VREFCON0   0x000f42       data     extern C:\MCC18\v3_39\src\extended\proc\p18F45K22.asm
             VREFCON0bits   0x000f42       data     extern C:\MCC18\v3_39\src\extended\proc\p18F45K22.asm
                 VREFCON1   0x000f41       data     extern C:\MCC18\v3_39\src\extended\proc\p18F45K22.asm
             VREFCON1bits   0x000f41       data     extern C:\MCC18\v3_39\src\extended\proc\p18F45K22.asm
                 VREFCON2   0x000f40       data     extern C:\MCC18\v3_39\src\extended\proc\p18F45K22.asm
             VREFCON2bits   0x000f40       data     extern C:\MCC18\v3_39\src\extended\proc\p18F45K22.asm
                        W   0x000fe8       data     extern C:\MCC18\v3_39\src\extended\proc\p18F45K22.asm
                   WDTCON   0x000fd1       data     extern C:\MCC18\v3_39\src\extended\proc\p18F45K22.asm
               WDTCONbits   0x000fd1       data     extern C:\MCC18\v3_39\src\extended\proc\p18F45K22.asm
                     WPUB   0x000f61       data     extern C:\MCC18\v3_39\src\extended\proc\p18F45K22.asm
                 WPUBbits   0x000f61       data     extern C:\MCC18\v3_39\src\extended\proc\p18F45K22.asm
                     WREG   0x000fe8       data     extern C:\MCC18\v3_39\src\extended\proc\p18F45K22.asm
                __RETVAL0   0x000049       data     extern C:\MCC18\v3_39\src\extended\math\cmath18.asm
                __RETVAL1   0x00004a       data     extern C:\MCC18\v3_39\src\extended\math\cmath18.asm
                __RETVAL2   0x00004b       data     extern C:\MCC18\v3_39\src\extended\math\cmath18.asm
                __RETVAL3   0x00004c       data     extern C:\MCC18\v3_39\src\extended\math\cmath18.asm
                  __tmp_0   0x00004d       data     static D:\Virginia Tech\VT Spring 2012\Embedded\CODENSTUFF\45k22\main.c
                  __tmp_0   0x00004d       data     static D:\Virginia Tech\VT Spring 2012\Embedded\CODENSTUFF\45k22\messages.c
                  __tmp_0   0x00004d       data     static C:\MCC18\v3_39\src\pmc_common\ADC\adcsetch.c
                  __tmp_0   0x00004d       data     static C:\MCC18\v3_39\src\pmc_common\ADC\adcread.c
                  __tmp_0   0x00004d       data     static C:\MCC18\v3_39\src\pmc_common\ADC\adcopen.c
                  __tmp_0   0x00004d       data     static C:\MCC18\v3_39\src\pmc_common\USART\u2open.c
                  __tmp_0   0x00004d       data     static C:\MCC18\v3_39\src\pmc_common\USART\u1open.c
                  __tmp_0   0x00004d       data     static D:\Virginia Tech\VT Spring 2012\Embedded\CODENSTUFF\45k22\interrupts.c
                  __tmp_0   0x00004d       data     static D:\Virginia Tech\VT Spring 2012\Embedded\CODENSTUFF\45k22\my_uart.c
                  __tmp_0   0x00004d       data     static D:\Virginia Tech\VT Spring 2012\Embedded\CODENSTUFF\45k22\timer1_thread.c
                  __tmp_0   0x00004d       data     static D:\Virginia Tech\VT Spring 2012\Embedded\CODENSTUFF\45k22\my_i2c.c
                curr_byte   0x000042       data     static C:\MCC18\v3_39\src\extended\startup\c018i_e.c
               curr_entry   0x000044       data     static C:\MCC18\v3_39\src\extended\startup\c018i_e.c
                 data_ptr   0x000046       data     static C:\MCC18\v3_39\src\extended\startup\c018i_e.c
                   ic_ptr   0x000053       data     static D:\Virginia Tech\VT Spring 2012\Embedded\CODENSTUFF\45k22\my_i2c.c
                     prom   0x00003f       data     static C:\MCC18\v3_39\src\extended\startup\c018i_e.c
                   uc_ptr   0x000051       data     static D:\Virginia Tech\VT Spring 2012\Embedded\CODENSTUFF\45k22\my_uart.c



                              Symbols - Sorted by Address
                     Name    Address   Location    Storage File                     
                ---------  ---------  ---------  --------- ---------                
                   _entry   0x000000    program     extern C:\MCC18\v3_39\src\extended\startup\c018i_e.c
       ___return_lbl00000   0x000004    program     static                          
      InterruptVectorHigh   0x000008    program     extern D:\Virginia Tech\VT Spring 2012\Embedded\CODENSTUFF\45k22\interrupts.c
       ___return_lbl00013   0x00000c    program     static                          
                 CloseADC   0x00000e    program     extern C:\MCC18\v3_39\src\pmc_common\ADC\adcclose.c
               ConvertADC   0x000014    program     extern C:\MCC18\v3_39\src\pmc_common\ADC\adcconv.c
       InterruptVectorLow   0x000018    program     extern D:\Virginia Tech\VT Spring 2012\Embedded\CODENSTUFF\45k22\interrupts.c
       ___return_lbl00012   0x00001c    program     static                          
     i2c_configure_master   0x00001e    program     extern D:\Virginia Tech\VT Spring 2012\Embedded\CODENSTUFF\45k22\my_i2c.c
          i2c_master_send   0x000030    program     extern D:\Virginia Tech\VT Spring 2012\Embedded\CODENSTUFF\45k22\my_i2c.c
          i2c_master_recv   0x000042    program     extern D:\Virginia Tech\VT Spring 2012\Embedded\CODENSTUFF\45k22\my_i2c.c
    start_i2c_slave_reply   0x000054    program     extern D:\Virginia Tech\VT Spring 2012\Embedded\CODENSTUFF\45k22\my_i2c.c
             handle_start   0x000126    program     extern D:\Virginia Tech\VT Spring 2012\Embedded\CODENSTUFF\45k22\my_i2c.c
          i2c_int_handler   0x0001e0    program     extern D:\Virginia Tech\VT Spring 2012\Embedded\CODENSTUFF\45k22\my_i2c.c
                 init_i2c   0x0006cc    program     extern D:\Virginia Tech\VT Spring 2012\Embedded\CODENSTUFF\45k22\my_i2c.c
      i2c_configure_slave   0x000730    program     extern D:\Virginia Tech\VT Spring 2012\Embedded\CODENSTUFF\45k22\my_i2c.c
               init_queue   0x00075c    program     extern D:\Virginia Tech\VT Spring 2012\Embedded\CODENSTUFF\45k22\messages.c
                 send_msg   0x0007ba    program     extern D:\Virginia Tech\VT Spring 2012\Embedded\CODENSTUFF\45k22\messages.c
                 recv_msg   0x0008a2    program     extern D:\Virginia Tech\VT Spring 2012\Embedded\CODENSTUFF\45k22\messages.c
        ToMainLow_sendmsg   0x0009a8    program     extern D:\Virginia Tech\VT Spring 2012\Embedded\CODENSTUFF\45k22\messages.c
        ToMainLow_recvmsg   0x0009d6    program     extern D:\Virginia Tech\VT Spring 2012\Embedded\CODENSTUFF\45k22\messages.c
       ToMainHigh_sendmsg   0x000a08    program     extern D:\Virginia Tech\VT Spring 2012\Embedded\CODENSTUFF\45k22\messages.c
       ToMainHigh_recvmsg   0x000a36    program     extern D:\Virginia Tech\VT Spring 2012\Embedded\CODENSTUFF\45k22\messages.c
      FromMainLow_sendmsg   0x000a68    program     extern D:\Virginia Tech\VT Spring 2012\Embedded\CODENSTUFF\45k22\messages.c
      FromMainLow_recvmsg   0x000a96    program     extern D:\Virginia Tech\VT Spring 2012\Embedded\CODENSTUFF\45k22\messages.c
     FromMainHigh_sendmsg   0x000ac8    program     extern D:\Virginia Tech\VT Spring 2012\Embedded\CODENSTUFF\45k22\messages.c
     FromMainHigh_recvmsg   0x000af6    program     extern D:\Virginia Tech\VT Spring 2012\Embedded\CODENSTUFF\45k22\messages.c
              init_queues   0x000b28    program     extern D:\Virginia Tech\VT Spring 2012\Embedded\CODENSTUFF\45k22\messages.c
         enter_sleep_mode   0x000b5e    program     extern D:\Virginia Tech\VT Spring 2012\Embedded\CODENSTUFF\45k22\messages.c
       ___return_lbl00019   0x000b62    program     static                          
                check_msg   0x000b64    program     extern D:\Virginia Tech\VT Spring 2012\Embedded\CODENSTUFF\45k22\messages.c
              SleepIfOkay   0x000baa    program     extern D:\Virginia Tech\VT Spring 2012\Embedded\CODENSTUFF\45k22\messages.c
    block_on_FromMainHigh   0x000c06    program     extern D:\Virginia Tech\VT Spring 2012\Embedded\CODENSTUFF\45k22\messages.c
    block_on_To_msgqueues   0x000c22    program     extern D:\Virginia Tech\VT Spring 2012\Embedded\CODENSTUFF\45k22\messages.c
                     main   0x000c62    program     extern D:\Virginia Tech\VT Spring 2012\Embedded\CODENSTUFF\45k22\main.c
        enable_interrupts   0x000ee2    program     extern D:\Virginia Tech\VT Spring 2012\Embedded\CODENSTUFF\45k22\interrupts.c
              in_high_int   0x000eec    program     extern D:\Virginia Tech\VT Spring 2012\Embedded\CODENSTUFF\45k22\interrupts.c
           low_int_active   0x000f0c    program     extern D:\Virginia Tech\VT Spring 2012\Embedded\CODENSTUFF\45k22\interrupts.c
               in_low_int   0x000f2c    program     extern D:\Virginia Tech\VT Spring 2012\Embedded\CODENSTUFF\45k22\interrupts.c
                  in_main   0x000f44    program     extern D:\Virginia Tech\VT Spring 2012\Embedded\CODENSTUFF\45k22\interrupts.c
     InterruptHandlerHigh   0x000f6a    program     extern D:\Virginia Tech\VT Spring 2012\Embedded\CODENSTUFF\45k22\interrupts.c
      InterruptHandlerLow   0x00102e    program     extern D:\Virginia Tech\VT Spring 2012\Embedded\CODENSTUFF\45k22\interrupts.c
    uart_recv_int_handler   0x0010f8    program     extern D:\Virginia Tech\VT Spring 2012\Embedded\CODENSTUFF\45k22\my_uart.c
           init_uart_recv   0x0011a2    program     extern D:\Virginia Tech\VT Spring 2012\Embedded\CODENSTUFF\45k22\my_uart.c
                _do_cinit   0x0011ce    program     extern C:\MCC18\v3_39\src\extended\startup\c018i_e.c
                     test   0x0011e8    program     static                          
                copy_loop   0x001240    program     static                          
            copy_one_byte   0x001246    program     static                          
             done_copying   0x001254    program     static                          
                     done   0x00126a    program     static                          
       ___return_lbl00002   0x00126a    program     static                          
      init_timer1_lthread   0x00126c    program     extern D:\Virginia Tech\VT Spring 2012\Embedded\CODENSTUFF\45k22\timer1_thread.c
           timer1_lthread   0x00128a    program     extern D:\Virginia Tech\VT Spring 2012\Embedded\CODENSTUFF\45k22\timer1_thread.c
                 SETUPSTK   0x001306    program     static C:\MCC18\v3_39\src\extended\math\div16u.asm
                 __div16u   0x00131e    program     extern C:\MCC18\v3_39\src\extended\math\div16u.asm
                 __mod16u   0x001324    program     extern C:\MCC18\v3_39\src\extended\math\div16u.asm
            _early16uexit   0x001328    program     extern C:\MCC18\v3_39\src\extended\math\div16u.asm
                divmod16u   0x00132a    program     static C:\MCC18\v3_39\src\extended\math\div16u.asm
                     loop   0x001334    program     static C:\MCC18\v3_39\src\extended\math\div16u.asm
                  endloop   0x001350    program     static C:\MCC18\v3_39\src\extended\math\div16u.asm
              RETQUOTIENT   0x001368    program     static C:\MCC18\v3_39\src\extended\math\div16u.asm
                  RESTORE   0x001370    program     static C:\MCC18\v3_39\src\extended\math\div16u.asm
       timer0_int_handler   0x00137e    program     extern D:\Virginia Tech\VT Spring 2012\Embedded\CODENSTUFF\45k22\user_interrupts.c
       timer1_int_handler   0x0013a4    program     extern D:\Virginia Tech\VT Spring 2012\Embedded\CODENSTUFF\45k22\user_interrupts.c
          adc_int_handler   0x0013b2    program     extern D:\Virginia Tech\VT Spring 2012\Embedded\CODENSTUFF\45k22\user_interrupts.c
               Open2USART   0x0013f0    program     extern C:\MCC18\v3_39\src\pmc_common\USART\u2open.c
               Open1USART   0x001462    program     extern C:\MCC18\v3_39\src\pmc_common\USART\u1open.c
                  OpenADC   0x0014ce    program     extern C:\MCC18\v3_39\src\pmc_common\ADC\adcopen.c
                   memcpy   0x001526    program     extern C:\MCC18\v3_39\src\extended\stdclib\memcpy.asm
                    jLoop   0x00154e    program     static C:\MCC18\v3_39\src\extended\stdclib\memcpy.asm
              _4jContinue   0x00155a    program     static C:\MCC18\v3_39\src\extended\stdclib\memcpy.asm
                   _5jEnd   0x001564    program     static C:\MCC18\v3_39\src\extended\stdclib\memcpy.asm
                     jEnd   0x00156a    program     static C:\MCC18\v3_39\src\extended\stdclib\memcpy.asm
               Read1USART   0x00157c    program     extern C:\MCC18\v3_39\src\pmc_common\USART\u1read.c
                  initADC   0x0015ba    program     extern D:\Virginia Tech\VT Spring 2012\Embedded\CODENSTUFF\45k22\newADC.c
                  readADC   0x0015dc    program     extern D:\Virginia Tech\VT Spring 2012\Embedded\CODENSTUFF\45k22\newADC.c
                  stopADC   0x0015f2    program     extern D:\Virginia Tech\VT Spring 2012\Embedded\CODENSTUFF\45k22\newADC.c
[...]
               EECON1bits   0x000fa6       data     extern C:\MCC18\v3_39\src\extended\proc\p18F45K22.asm
                   EECON1   0x000fa6       data     extern C:\MCC18\v3_39\src\extended\proc\p18F45K22.asm
                   EECON2   0x000fa7       data     extern C:\MCC18\v3_39\src\extended\proc\p18F45K22.asm
                   EEDATA   0x000fa8       data     extern C:\MCC18\v3_39\src\extended\proc\p18F45K22.asm
                EEADRbits   0x000fa9       data     extern C:\MCC18\v3_39\src\extended\proc\p18F45K22.asm
                    EEADR   0x000fa9       data     extern C:\MCC18\v3_39\src\extended\proc\p18F45K22.asm
               RC1STAbits   0x000fab       data     extern C:\MCC18\v3_39\src\extended\proc\p18F45K22.asm
                RCSTAbits   0x000fab       data     extern C:\MCC18\v3_39\src\extended\proc\p18F45K22.asm
                   RC1STA   0x000fab       data     extern C:\MCC18\v3_39\src\extended\proc\p18F45K22.asm
                    RCSTA   0x000fab       data     extern C:\MCC18\v3_39\src\extended\proc\p18F45K22.asm
                   RCSTA1   0x000fab       data     extern C:\MCC18\v3_39\src\extended\proc\p18F45K22.asm
               RCSTA1bits   0x000fab       data     extern C:\MCC18\v3_39\src\extended\proc\p18F45K22.asm
                TXSTAbits   0x000fac       data     extern C:\MCC18\v3_39\src\extended\proc\p18F45K22.asm
                    TXSTA   0x000fac       data     extern C:\MCC18\v3_39\src\extended\proc\p18F45K22.asm
                   TXSTA1   0x000fac       data     extern C:\MCC18\v3_39\src\extended\proc\p18F45K22.asm
               TXSTA1bits   0x000fac       data     extern C:\MCC18\v3_39\src\extended\proc\p18F45K22.asm
               TX1STAbits   0x000fac       data     extern C:\MCC18\v3_39\src\extended\proc\p18F45K22.asm
                   TX1STA   0x000fac       data     extern C:\MCC18\v3_39\src\extended\proc\p18F45K22.asm
               TXREG1bits   0x000fad       data     extern C:\MCC18\v3_39\src\extended\proc\p18F45K22.asm
                   TXREG1   0x000fad       data     extern C:\MCC18\v3_39\src\extended\proc\p18F45K22.asm
                    TXREG   0x000fad       data     extern C:\MCC18\v3_39\src\extended\proc\p18F45K22.asm
                TXREGbits   0x000fad       data     extern C:\MCC18\v3_39\src\extended\proc\p18F45K22.asm
                   TX1REG   0x000fad       data     extern C:\MCC18\v3_39\src\extended\proc\p18F45K22.asm
               TX1REGbits   0x000fad       data     extern C:\MCC18\v3_39\src\extended\proc\p18F45K22.asm
                   RC1REG   0x000fae       data     extern C:\MCC18\v3_39\src\extended\proc\p18F45K22.asm
               RC1REGbits   0x000fae       data     extern C:\MCC18\v3_39\src\extended\proc\p18F45K22.asm
                    RCREG   0x000fae       data     extern C:\MCC18\v3_39\src\extended\proc\p18F45K22.asm
                   RCREG1   0x000fae       data     extern C:\MCC18\v3_39\src\extended\proc\p18F45K22.asm
               RCREG1bits   0x000fae       data     extern C:\MCC18\v3_39\src\extended\proc\p18F45K22.asm
                RCREGbits   0x000fae       data     extern C:\MCC18\v3_39\src\extended\proc\p18F45K22.asm
                   SP1BRG   0x000faf       data     extern C:\MCC18\v3_39\src\extended\proc\p18F45K22.asm
                SPBRGbits   0x000faf       data     extern C:\MCC18\v3_39\src\extended\proc\p18F45K22.asm
               SP1BRGbits   0x000faf       data     extern C:\MCC18\v3_39\src\extended\proc\p18F45K22.asm
               SPBRG1bits   0x000faf       data     extern C:\MCC18\v3_39\src\extended\proc\p18F45K22.asm
                   SPBRG1   0x000faf       data     extern C:\MCC18\v3_39\src\extended\proc\p18F45K22.asm
                    SPBRG   0x000faf       data     extern C:\MCC18\v3_39\src\extended\proc\p18F45K22.asm
                  SP1BRGH   0x000fb0       data     extern C:\MCC18\v3_39\src\extended\proc\p18F45K22.asm
              SP1BRGHbits   0x000fb0       data     extern C:\MCC18\v3_39\src\extended\proc\p18F45K22.asm
                   SPBRGH   0x000fb0       data     extern C:\MCC18\v3_39\src\extended\proc\p18F45K22.asm
               SPBRGHbits   0x000fb0       data     extern C:\MCC18\v3_39\src\extended\proc\p18F45K22.asm
                  SPBRGH1   0x000fb0       data     extern C:\MCC18\v3_39\src\extended\proc\p18F45K22.asm
              SPBRGH1bits   0x000fb0       data     extern C:\MCC18\v3_39\src\extended\proc\p18F45K22.asm
                T3CONbits   0x000fb1       data     extern C:\MCC18\v3_39\src\extended\proc\p18F45K22.asm
                    T3CON   0x000fb1       data     extern C:\MCC18\v3_39\src\extended\proc\p18F45K22.asm
                    TMR3L   0x000fb2       data     extern C:\MCC18\v3_39\src\extended\proc\p18F45K22.asm
                    TMR3H   0x000fb3       data     extern C:\MCC18\v3_39\src\extended\proc\p18F45K22.asm
               T3GCONbits   0x000fb4       data     extern C:\MCC18\v3_39\src\extended\proc\p18F45K22.asm
                   T3GCON   0x000fb4       data     extern C:\MCC18\v3_39\src\extended\proc\p18F45K22.asm
              ECCP1ASbits   0x000fb6       data     extern C:\MCC18\v3_39\src\extended\proc\p18F45K22.asm
                  ECCP1AS   0x000fb6       data     extern C:\MCC18\v3_39\src\extended\proc\p18F45K22.asm
                   ECCPAS   0x000fb6       data     extern C:\MCC18\v3_39\src\extended\proc\p18F45K22.asm
               ECCPASbits   0x000fb6       data     extern C:\MCC18\v3_39\src\extended\proc\p18F45K22.asm
               PWMCONbits   0x000fb7       data     extern C:\MCC18\v3_39\src\extended\proc\p18F45K22.asm
                  PWM1CON   0x000fb7       data     extern C:\MCC18\v3_39\src\extended\proc\p18F45K22.asm
              PWM1CONbits   0x000fb7       data     extern C:\MCC18\v3_39\src\extended\proc\p18F45K22.asm
                   PWMCON   0x000fb7       data     extern C:\MCC18\v3_39\src\extended\proc\p18F45K22.asm
              BAUDCONbits   0x000fb8       data     extern C:\MCC18\v3_39\src\extended\proc\p18F45K22.asm
                  BAUDCTL   0x000fb8       data     extern C:\MCC18\v3_39\src\extended\proc\p18F45K22.asm
              BAUDCTLbits   0x000fb8       data     extern C:\MCC18\v3_39\src\extended\proc\p18F45K22.asm
             BAUD1CONbits   0x000fb8       data     extern C:\MCC18\v3_39\src\extended\proc\p18F45K22.asm
                 BAUD1CON   0x000fb8       data     extern C:\MCC18\v3_39\src\extended\proc\p18F45K22.asm
                  BAUDCON   0x000fb8       data     extern C:\MCC18\v3_39\src\extended\proc\p18F45K22.asm
                 BAUDCON1   0x000fb8       data     extern C:\MCC18\v3_39\src\extended\proc\p18F45K22.asm
             BAUDCON1bits   0x000fb8       data     extern C:\MCC18\v3_39\src\extended\proc\p18F45K22.asm
              PSTRCONbits   0x000fb9       data     extern C:\MCC18\v3_39\src\extended\proc\p18F45K22.asm
                  PSTRCON   0x000fb9       data     extern C:\MCC18\v3_39\src\extended\proc\p18F45K22.asm
             PSTR1CONbits   0x000fb9       data     extern C:\MCC18\v3_39\src\extended\proc\p18F45K22.asm
                 PSTR1CON   0x000fb9       data     extern C:\MCC18\v3_39\src\extended\proc\p18F45K22.asm
                T2CONbits   0x000fba       data     extern C:\MCC18\v3_39\src\extended\proc\p18F45K22.asm
                    T2CON   0x000fba       data     extern C:\MCC18\v3_39\src\extended\proc\p18F45K22.asm
                      PR2   0x000fbb       data     extern C:\MCC18\v3_39\src\extended\proc\p18F45K22.asm
                     TMR2   0x000fbc       data     extern C:\MCC18\v3_39\src\extended\proc\p18F45K22.asm
                  CCP1CON   0x000fbd       data     extern C:\MCC18\v3_39\src\extended\proc\p18F45K22.asm
              CCP1CONbits   0x000fbd       data     extern C:\MCC18\v3_39\src\extended\proc\p18F45K22.asm
                    CCPR1   0x000fbe       data     extern C:\MCC18\v3_39\src\extended\proc\p18F45K22.asm
                   CCPR1L   0x000fbe       data     extern C:\MCC18\v3_39\src\extended\proc\p18F45K22.asm
                   CCPR1H   0x000fbf       data     extern C:\MCC18\v3_39\src\extended\proc\p18F45K22.asm
                   ADCON2   0x000fc0       data     extern C:\MCC18\v3_39\src\extended\proc\p18F45K22.asm
               ADCON2bits   0x000fc0       data     extern C:\MCC18\v3_39\src\extended\proc\p18F45K22.asm
                   ADCON1   0x000fc1       data     extern C:\MCC18\v3_39\src\extended\proc\p18F45K22.asm
               ADCON1bits   0x000fc1       data     extern C:\MCC18\v3_39\src\extended\proc\p18F45K22.asm
                   ADCON0   0x000fc2       data     extern C:\MCC18\v3_39\src\extended\proc\p18F45K22.asm
               ADCON0bits   0x000fc2       data     extern C:\MCC18\v3_39\src\extended\proc\p18F45K22.asm
                    ADRES   0x000fc3       data     extern C:\MCC18\v3_39\src\extended\proc\p18F45K22.asm
                   ADRESL   0x000fc3       data     extern C:\MCC18\v3_39\src\extended\proc\p18F45K22.asm
                   ADRESH   0x000fc4       data     extern C:\MCC18\v3_39\src\extended\proc\p18F45K22.asm
             SSP1CON2bits   0x000fc5       data     extern C:\MCC18\v3_39\src\extended\proc\p18F45K22.asm
                  SSPCON2   0x000fc5       data     extern C:\MCC18\v3_39\src\extended\proc\p18F45K22.asm
              SSPCON2bits   0x000fc5       data     extern C:\MCC18\v3_39\src\extended\proc\p18F45K22.asm
                 SSP1CON2   0x000fc5       data     extern C:\MCC18\v3_39\src\extended\proc\p18F45K22.asm
              SSPCON1bits   0x000fc6       data     extern C:\MCC18\v3_39\src\extended\proc\p18F45K22.asm
                 SSP1CON1   0x000fc6       data     extern C:\MCC18\v3_39\src\extended\proc\p18F45K22.asm
             SSP1CON1bits   0x000fc6       data     extern C:\MCC18\v3_39\src\extended\proc\p18F45K22.asm
                  SSPCON1   0x000fc6       data     extern C:\MCC18\v3_39\src\extended\proc\p18F45K22.asm
                  SSPSTAT   0x000fc7       data     extern C:\MCC18\v3_39\src\extended\proc\p18F45K22.asm
              SSPSTATbits   0x000fc7       data     extern C:\MCC18\v3_39\src\extended\proc\p18F45K22.asm
             SSP1STATbits   0x000fc7       data     extern C:\MCC18\v3_39\src\extended\proc\p18F45K22.asm
                 SSP1STAT   0x000fc7       data     extern C:\MCC18\v3_39\src\extended\proc\p18F45K22.asm
               SSPADDbits   0x000fc8       data     extern C:\MCC18\v3_39\src\extended\proc\p18F45K22.asm
                   SSPADD   0x000fc8       data     extern C:\MCC18\v3_39\src\extended\proc\p18F45K22.asm
              SSP1ADDbits   0x000fc8       data     extern C:\MCC18\v3_39\src\extended\proc\p18F45K22.asm
                  SSP1ADD   0x000fc8       data     extern C:\MCC18\v3_39\src\extended\proc\p18F45K22.asm
                   SSPBUF   0x000fc9       data     extern C:\MCC18\v3_39\src\extended\proc\p18F45K22.asm
               SSPBUFbits   0x000fc9       data     extern C:\MCC18\v3_39\src\extended\proc\p18F45K22.asm
              SSP1BUFbits   0x000fc9       data     extern C:\MCC18\v3_39\src\extended\proc\p18F45K22.asm
                  SSP1BUF   0x000fc9       data     extern C:\MCC18\v3_39\src\extended\proc\p18F45K22.asm
              SSP1MSKbits   0x000fca       data     extern C:\MCC18\v3_39\src\extended\proc\p18F45K22.asm
                  SSP1MSK   0x000fca       data     extern C:\MCC18\v3_39\src\extended\proc\p18F45K22.asm
               SSPMSKbits   0x000fca       data     extern C:\MCC18\v3_39\src\extended\proc\p18F45K22.asm
                   SSPMSK   0x000fca       data     extern C:\MCC18\v3_39\src\extended\proc\p18F45K22.asm
                 SSP1CON3   0x000fcb       data     extern C:\MCC18\v3_39\src\extended\proc\p18F45K22.asm
             SSP1CON3bits   0x000fcb       data     extern C:\MCC18\v3_39\src\extended\proc\p18F45K22.asm
              SSPCON3bits   0x000fcb       data     extern C:\MCC18\v3_39\src\extended\proc\p18F45K22.asm
                  SSPCON3   0x000fcb       data     extern C:\MCC18\v3_39\src\extended\proc\p18F45K22.asm
               T1GCONbits   0x000fcc       data     extern C:\MCC18\v3_39\src\extended\proc\p18F45K22.asm
                   T1GCON   0x000fcc       data     extern C:\MCC18\v3_39\src\extended\proc\p18F45K22.asm
                T1CONbits   0x000fcd       data     extern C:\MCC18\v3_39\src\extended\proc\p18F45K22.asm
                    T1CON   0x000fcd       data     extern C:\MCC18\v3_39\src\extended\proc\p18F45K22.asm
                    TMR1L   0x000fce       data     extern C:\MCC18\v3_39\src\extended\proc\p18F45K22.asm
                    TMR1H   0x000fcf       data     extern C:\MCC18\v3_39\src\extended\proc\p18F45K22.asm
                 RCONbits   0x000fd0       data     extern C:\MCC18\v3_39\src\extended\proc\p18F45K22.asm
                     RCON   0x000fd0       data     extern C:\MCC18\v3_39\src\extended\proc\p18F45K22.asm
               WDTCONbits   0x000fd1       data     extern C:\MCC18\v3_39\src\extended\proc\p18F45K22.asm
                   WDTCON   0x000fd1       data     extern C:\MCC18\v3_39\src\extended\proc\p18F45K22.asm
                  OSCCON2   0x000fd2       data     extern C:\MCC18\v3_39\src\extended\proc\p18F45K22.asm
              OSCCON2bits   0x000fd2       data     extern C:\MCC18\v3_39\src\extended\proc\p18F45K22.asm
                   OSCCON   0x000fd3       data     extern C:\MCC18\v3_39\src\extended\proc\p18F45K22.asm
               OSCCONbits   0x000fd3       data     extern C:\MCC18\v3_39\src\extended\proc\p18F45K22.asm
                T0CONbits   0x000fd5       data     extern C:\MCC18\v3_39\src\extended\proc\p18F45K22.asm
                    T0CON   0x000fd5       data     extern C:\MCC18\v3_39\src\extended\proc\p18F45K22.asm
                    TMR0L   0x000fd6       data     extern C:\MCC18\v3_39\src\extended\proc\p18F45K22.asm
                    TMR0H   0x000fd7       data     extern C:\MCC18\v3_39\src\extended\proc\p18F45K22.asm
               STATUSbits   0x000fd8       data     extern C:\MCC18\v3_39\src\extended\proc\p18F45K22.asm
                   STATUS   0x000fd8       data     extern C:\MCC18\v3_39\src\extended\proc\p18F45K22.asm
                     FSR2   0x000fd9       data     extern C:\MCC18\v3_39\src\extended\proc\p18F45K22.asm
                    FSR2L   0x000fd9       data     extern C:\MCC18\v3_39\src\extended\proc\p18F45K22.asm
                    FSR2H   0x000fda       data     extern C:\MCC18\v3_39\src\extended\proc\p18F45K22.asm
                   PLUSW2   0x000fdb       data     extern C:\MCC18\v3_39\src\extended\proc\p18F45K22.asm
                  PREINC2   0x000fdc       data     extern C:\MCC18\v3_39\src\extended\proc\p18F45K22.asm
                 POSTDEC2   0x000fdd       data     extern C:\MCC18\v3_39\src\extended\proc\p18F45K22.asm
                 POSTINC2   0x000fde       data     extern C:\MCC18\v3_39\src\extended\proc\p18F45K22.asm
                    INDF2   0x000fdf       data     extern C:\MCC18\v3_39\src\extended\proc\p18F45K22.asm
                      BSR   0x000fe0       data     extern C:\MCC18\v3_39\src\extended\proc\p18F45K22.asm
                    FSR1L   0x000fe1       data     extern C:\MCC18\v3_39\src\extended\proc\p18F45K22.asm
                     FSR1   0x000fe1       data     extern C:\MCC18\v3_39\src\extended\proc\p18F45K22.asm
                    FSR1H   0x000fe2       data     extern C:\MCC18\v3_39\src\extended\proc\p18F45K22.asm
                   PLUSW1   0x000fe3       data     extern C:\MCC18\v3_39\src\extended\proc\p18F45K22.asm
                  PREINC1   0x000fe4       data     extern C:\MCC18\v3_39\src\extended\proc\p18F45K22.asm
                 POSTDEC1   0x000fe5       data     extern C:\MCC18\v3_39\src\extended\proc\p18F45K22.asm
                 POSTINC1   0x000fe6       data     extern C:\MCC18\v3_39\src\extended\proc\p18F45K22.asm
                    INDF1   0x000fe7       data     extern C:\MCC18\v3_39\src\extended\proc\p18F45K22.asm
                        W   0x000fe8       data     extern C:\MCC18\v3_39\src\extended\proc\p18F45K22.asm
                     WREG   0x000fe8       data     extern C:\MCC18\v3_39\src\extended\proc\p18F45K22.asm
                    FSR0L   0x000fe9       data     extern C:\MCC18\v3_39\src\extended\proc\p18F45K22.asm
                     FSR0   0x000fe9       data     extern C:\MCC18\v3_39\src\extended\proc\p18F45K22.asm
                    FSR0H   0x000fea       data     extern C:\MCC18\v3_39\src\extended\proc\p18F45K22.asm
                   PLUSW0   0x000feb       data     extern C:\MCC18\v3_39\src\extended\proc\p18F45K22.asm
                  PREINC0   0x000fec       data     extern C:\MCC18\v3_39\src\extended\proc\p18F45K22.asm
                 POSTDEC0   0x000fed       data     extern C:\MCC18\v3_39\src\extended\proc\p18F45K22.asm
                 POSTINC0   0x000fee       data     extern C:\MCC18\v3_39\src\extended\proc\p18F45K22.asm
                    INDF0   0x000fef       data     extern C:\MCC18\v3_39\src\extended\proc\p18F45K22.asm
              INTCON3bits   0x000ff0       data     extern C:\MCC18\v3_39\src\extended\proc\p18F45K22.asm
                  INTCON3   0x000ff0       data     extern C:\MCC18\v3_39\src\extended\proc\p18F45K22.asm
              INTCON2bits   0x000ff1       data     extern C:\MCC18\v3_39\src\extended\proc\p18F45K22.asm
                  INTCON2   0x000ff1       data     extern C:\MCC18\v3_39\src\extended\proc\p18F45K22.asm
               INTCONbits   0x000ff2       data     extern C:\MCC18\v3_39\src\extended\proc\p18F45K22.asm
                   INTCON   0x000ff2       data     extern C:\MCC18\v3_39\src\extended\proc\p18F45K22.asm
                     PROD   0x000ff3       data     extern C:\MCC18\v3_39\src\extended\proc\p18F45K22.asm
                    PRODL   0x000ff3       data     extern C:\MCC18\v3_39\src\extended\proc\p18F45K22.asm
                    PRODH   0x000ff4       data     extern C:\MCC18\v3_39\src\extended\proc\p18F45K22.asm
                   TABLAT   0x000ff5       data     extern C:\MCC18\v3_39\src\extended\proc\p18F45K22.asm
                   TBLPTR   0x000ff6       data     extern C:\MCC18\v3_39\src\extended\proc\p18F45K22.asm
                  TBLPTRL   0x000ff6       data     extern C:\MCC18\v3_39\src\extended\proc\p18F45K22.asm
                  TBLPTRH   0x000ff7       data     extern C:\MCC18\v3_39\src\extended\proc\p18F45K22.asm
              TBLPTRUbits   0x000ff8       data     extern C:\MCC18\v3_39\src\extended\proc\p18F45K22.asm
                  TBLPTRU   0x000ff8       data     extern C:\MCC18\v3_39\src\extended\proc\p18F45K22.asm
                       PC   0x000ff9       data     extern C:\MCC18\v3_39\src\extended\proc\p18F45K22.asm
                      PCL   0x000ff9       data     extern C:\MCC18\v3_39\src\extended\proc\p18F45K22.asm
                   PCLATH   0x000ffa       data     extern C:\MCC18\v3_39\src\extended\proc\p18F45K22.asm
                   PCLATU   0x000ffb       data     extern C:\MCC18\v3_39\src\extended\proc\p18F45K22.asm
                   STKPTR   0x000ffc       data     extern C:\MCC18\v3_39\src\extended\proc\p18F45K22.asm
               STKPTRbits   0x000ffc       data     extern C:\MCC18\v3_39\src\extended\proc\p18F45K22.asm
                      TOS   0x000ffd       data     extern C:\MCC18\v3_39\src\extended\proc\p18F45K22.asm
                     TOSL   0x000ffd       data     extern C:\MCC18\v3_39\src\extended\proc\p18F45K22.asm
                     TOSH   0x000ffe       data     extern C:\MCC18\v3_39\src\extended\proc\p18F45K22.asm
                     TOSU   0x000fff       data     extern C:\MCC18\v3_39\src\extended\proc\p18F45K22.asm


