MPLINK 4.40, Linker
Linker Map File - Created Sat Feb 25 16:09:40 2012

                                 Section Info
                  Section       Type    Address   Location Size(Bytes)
                ---------  ---------  ---------  ---------  ---------
               _entry_scn       code   0x000000    program   0x000006
       .code__user_putc.o       code   0x000006    program   0x000002
      InterruptVectorHigh       code   0x000008    program   0x000006
         .code_adcclose.o       code   0x00000e    program   0x000006
          .code_adcconv.o       code   0x000014    program   0x000004
       InterruptVectorLow       code   0x000018    program   0x000006
                   .cinit    romdata   0x00001e    program   0x00000e
         .code_vfprintf.o       code   0x00002c    program   0x000816
           .code_my_i2c.o       code   0x000842    program   0x00073c
         .code_messages.o       code   0x000f7e    program   0x000506
             .code_main.o       code   0x001484    program   0x000234
       .code_interrupts.o       code   0x0016b8    program   0x000216
                     PROG       code   0x0018ce    program   0x0001be
          .code_my_uart.o       code   0x001a8c    program   0x0000d6
    .code_timer1_thread.o       code   0x001b62    program   0x0000c0
                   STRING       code   0x001c22    program   0x0000bc
               _cinit_scn       code   0x001cde    program   0x00009e
            .code_uopen.o       code   0x001d7c    program   0x000082
  .code_user_interrupts.o       code   0x001dfe    program   0x000074
             .code_putc.o       code   0x001e72    program   0x000066
           .code_printf.o       code   0x001ed8    program   0x000064
          .code_adcopen.o       code   0x001f3c    program   0x000064
             .stringtable    romdata   0x001fa0    program   0x000045
       .idata_adcconv.o_i    romdata   0x001fe5    program   0x000000
    .idata__user_putc.o_i    romdata   0x001fe5    program   0x000000
       .romdata_adcopen.o    romdata   0x001fe5    program   0x000000
         .idata_uopen.o_i    romdata   0x001fe5    program   0x000000
         .romdata_uopen.o    romdata   0x001fe5    program   0x000000
      .romdata_adcclose.o    romdata   0x001fe5    program   0x000000
       .idata_adcread.o_i    romdata   0x001fe5    program   0x000000
        .idata_t1read.o_i    romdata   0x001fe5    program   0x000000
        .romdata_t1read.o    romdata   0x001fe5    program   0x000000
      .romdata_adcsetch.o    romdata   0x001fe5    program   0x000000
       .idata_t0write.o_i    romdata   0x001fe5    program   0x000000
       .romdata_t0write.o    romdata   0x001fe5    program   0x000000
        .romdata___init.o    romdata   0x001fe5    program   0x000000
        .romdata_printf.o    romdata   0x001fe5    program   0x000000
        .romdata_stdout.o    romdata   0x001fe5    program   0x000000
          .idata_putc.o_i    romdata   0x001fe5    program   0x000000
   .idata_uart_thread.o_i    romdata   0x001fe5    program   0x000000
       .romdata_my_uart.o    romdata   0x001fe5    program   0x000000
   .romdata_uart_thread.o    romdata   0x001fe5    program   0x000000
.romdata_user_interrupts.o    romdata   0x001fe5    program   0x000000
.idata_user_interrupts.o_i    romdata   0x001fe5    program   0x000000
 .idata_timer0_thread.o_i    romdata   0x001fe5    program   0x000000
 .romdata_timer0_thread.o    romdata   0x001fe5    program   0x000000
       .idata_c018i_e.o_i    romdata   0x001fe5    program   0x000000
          .idata_main.o_i    romdata   0x001fe5    program   0x000000
        .idata_newADC.o_i    romdata   0x001fe5    program   0x000000
      .romdata_messages.o    romdata   0x001fe5    program   0x000000
        .idata_my_i2c.o_i    romdata   0x001fe5    program   0x000000
    .romdata_interrupts.o    romdata   0x001fe5    program   0x000000
            .code_udefs.o       code   0x001fe6    program   0x000000
           .code_t1open.o       code   0x001fe6    program   0x000040
          .code_c018i_e.o       code   0x001fe6    program   0x000000
            .code_uread.o       code   0x002026    program   0x00003e
           .code_newADC.o       code   0x002064    program   0x000038
           .code_t0open.o       code   0x00209c    program   0x000036
      .code_uart_thread.o       code   0x0020d2    program   0x000034
          .code_t1write.o       code   0x002106    program   0x000030
           .code_t1read.o       code   0x002136    program   0x000030
          .code_t0write.o       code   0x002166    program   0x000030
         .code_adcsetch.o       code   0x002196    program   0x000030
                    CTYPE       code   0x0021c6    program   0x000024
                    .code       code   0x0021ea    program   0x000020
                    STDIO       code   0x00220a    program   0x00001c
    .code_timer0_thread.o       code   0x002226    program   0x00001c
             _startup_scn       code   0x002242    program   0x00001a
          .code_adcread.o       code   0x00225c    program   0x000018
      .romdata_vfprintf.o    romdata   0x002274    program   0x000011
    .romdata__user_putc.o    romdata   0x002285    program   0x000000
       .romdata_c018i_e.o    romdata   0x002285    program   0x000000
          .romdata_putc.o    romdata   0x002285    program   0x000000
      .idata_adcclose.o_i    romdata   0x002285    program   0x000000
        .romdata_newADC.o    romdata   0x002285    program   0x000000
          .romdata_main.o    romdata   0x002285    program   0x000000
      .idata_vfprintf.o_i    romdata   0x002285    program   0x000000
      .idata_messages.o_i    romdata   0x002285    program   0x000000
        .idata_printf.o_i    romdata   0x002285    program   0x000000
        .romdata_my_i2c.o    romdata   0x002285    program   0x000000
    .idata_interrupts.o_i    romdata   0x002285    program   0x000000
       .romdata_adcconv.o    romdata   0x002285    program   0x000000
       .romdata_adcread.o    romdata   0x002285    program   0x000000
 .idata_timer1_thread.o_i    romdata   0x002285    program   0x000000
         .idata_uread.o_i    romdata   0x002285    program   0x000000
         .romdata_uread.o    romdata   0x002285    program   0x000000
 .romdata_timer1_thread.o    romdata   0x002285    program   0x000000
      .idata_adcsetch.o_i    romdata   0x002285    program   0x000000
       .idata_my_uart.o_i    romdata   0x002285    program   0x000000
        .romdata_t1open.o    romdata   0x002285    program   0x000000
         .idata_udefs.o_i    romdata   0x002285    program   0x000000
         .romdata_udefs.o    romdata   0x002285    program   0x000000
        .idata_t1open.o_i    romdata   0x002285    program   0x000000
        .romdata_t0open.o    romdata   0x002285    program   0x000000
        .idata_t0open.o_i    romdata   0x002285    program   0x000000
       .idata_adcopen.o_i    romdata   0x002285    program   0x000000
       .idata_t1write.o_i    romdata   0x002285    program   0x000000
       .romdata_t1write.o    romdata   0x002285    program   0x000000
        .idata___init.o_i    romdata   0x002285    program   0x000000
           .code_stdout.o       code   0x002286    program   0x000000
           .code___init.o       code   0x002286    program   0x000002
        .idata_stdout.o_i    romdata   0x002288    program   0x000002
      .config_7ff8_main.o    romdata   0x007ff8    program   0x000001
      .config_7ffa_main.o    romdata   0x007ffa    program   0x000001
                msgqueue4      udata   0x000000       data   0x00003f
         .udata_c018i_e.o      udata   0x00003f       data   0x00000a
                 .tmpdata      udata   0x000049       data   0x000007
         .udata_my_uart.o      udata   0x000050       data   0x000002
          .udata_my_i2c.o      udata   0x000052       data   0x000002
          .idata_stdout.o      idata   0x000054       data   0x000002
           .udata_udefs.o      udata   0x000056       data   0x000001
           .idata_udefs.o      idata   0x000057       data   0x000000
        .idata_adcsetch.o      idata   0x000057       data   0x000000
        .udata_adcsetch.o      udata   0x000057       data   0x000000
           .idata_uread.o      idata   0x000057       data   0x000000
           .udata_uread.o      udata   0x000057       data   0x000000
          .idata_t1read.o      idata   0x000057       data   0x000000
          .udata_t1read.o      udata   0x000057       data   0x000000
         .idata_adcread.o      idata   0x000057       data   0x000000
         .udata_adcread.o      udata   0x000057       data   0x000000
           .idata_uopen.o      idata   0x000057       data   0x000000
           .udata_uopen.o      udata   0x000057       data   0x000000
          .idata_t1open.o      idata   0x000057       data   0x000000
          .udata_t1open.o      udata   0x000057       data   0x000000
         .udata_t0write.o      udata   0x000057       data   0x000000
         .idata_t0write.o      idata   0x000057       data   0x000000
         .udata_t1write.o      udata   0x000057       data   0x000000
         .idata_t1write.o      idata   0x000057       data   0x000000
          .udata___init.o      udata   0x000057       data   0x000000
          .idata___init.o      idata   0x000057       data   0x000000
          .udata_printf.o      udata   0x000057       data   0x000000
          .idata_printf.o      idata   0x000057       data   0x000000
          .udata_stdout.o      udata   0x000057       data   0x000000
        .udata_vfprintf.o      udata   0x000057       data   0x000000
        .idata_vfprintf.o      idata   0x000057       data   0x000000
            .udata_putc.o      udata   0x000057       data   0x000000
            .idata_putc.o      idata   0x000057       data   0x000000
      .udata__user_putc.o      udata   0x000057       data   0x000000
      .idata__user_putc.o      idata   0x000057       data   0x000000
         .idata_c018i_e.o      idata   0x000057       data   0x000000
            .udata_main.o      udata   0x000057       data   0x000000
            .idata_main.o      idata   0x000057       data   0x000000
        .udata_messages.o      udata   0x000057       data   0x000000
        .idata_messages.o      idata   0x000057       data   0x000000
      .udata_interrupts.o      udata   0x000057       data   0x000000
      .idata_interrupts.o      idata   0x000057       data   0x000000
 .udata_user_interrupts.o      udata   0x000057       data   0x000000
 .idata_user_interrupts.o      idata   0x000057       data   0x000000
         .idata_my_uart.o      idata   0x000057       data   0x000000
     .udata_uart_thread.o      udata   0x000057       data   0x000000
     .idata_uart_thread.o      idata   0x000057       data   0x000000
   .udata_timer1_thread.o      udata   0x000057       data   0x000000
   .idata_timer1_thread.o      idata   0x000057       data   0x000000
          .idata_t0open.o      idata   0x000057       data   0x000000
          .udata_t0open.o      udata   0x000057       data   0x000000
         .idata_adcopen.o      idata   0x000057       data   0x000000
         .udata_adcopen.o      udata   0x000057       data   0x000000
         .idata_adcconv.o      idata   0x000057       data   0x000000
         .udata_adcconv.o      udata   0x000057       data   0x000000
        .idata_adcclose.o      idata   0x000057       data   0x000000
        .udata_adcclose.o      udata   0x000057       data   0x000000
          .idata_newADC.o      idata   0x000057       data   0x000000
          .udata_newADC.o      udata   0x000057       data   0x000000
          .idata_my_i2c.o      idata   0x000057       data   0x000000
   .idata_timer0_thread.o      idata   0x000057       data   0x000000
   .udata_timer0_thread.o      udata   0x000057       data   0x000000
                msgqueue3      udata   0x000080       data   0x00003e
                msgqueue2      udata   0x0000be       data   0x00003e
                MATH_DATA      udata   0x0000fc       data   0x000004
                msgqueue1      udata   0x000100       data   0x00003e
                   .stack      udata   0x000300       data   0x000100
            SFR_UNBANKED0      udata   0x000f80       data   0x000080



                              Program Memory Usage 
                               Start         End      
                           ---------   ---------      
                            0x000000    0x001fe4      
                            0x001fe6    0x002284      
                            0x002286    0x002289      
                            0x007ff8    0x007ff8      
                            0x007ffa    0x007ffa      
            8842 out of 32768 program addresses used, program memory utilization is 26%



                              Symbols - Sorted by Name
                     Name    Address   Location    Storage File                     
                ---------  ---------  ---------  --------- ---------                
                 CloseADC   0x00000e    program     extern C:\MCC18\v3_39\src\pmc_common\ADC\adcclose.c
               ConvertADC   0x000014    program     extern C:\MCC18\v3_39\src\pmc_common\ADC\adcconv.c
     FromMainHigh_recvmsg   0x001318    program     extern D:\Virginia Tech\VT Spring 2012\Embedded\CODENSTUFF\PIC Code\messages.c
     FromMainHigh_sendmsg   0x0012ea    program     extern D:\Virginia Tech\VT Spring 2012\Embedded\CODENSTUFF\PIC Code\messages.c
      FromMainLow_recvmsg   0x0012b8    program     extern D:\Virginia Tech\VT Spring 2012\Embedded\CODENSTUFF\PIC Code\messages.c
      FromMainLow_sendmsg   0x00128a    program     extern D:\Virginia Tech\VT Spring 2012\Embedded\CODENSTUFF\PIC Code\messages.c
     InterruptHandlerHigh   0x001740    program     extern D:\Virginia Tech\VT Spring 2012\Embedded\CODENSTUFF\PIC Code\interrupts.c
      InterruptHandlerLow   0x001804    program     extern D:\Virginia Tech\VT Spring 2012\Embedded\CODENSTUFF\PIC Code\interrupts.c
      InterruptVectorHigh   0x000008    program     extern D:\Virginia Tech\VT Spring 2012\Embedded\CODENSTUFF\PIC Code\interrupts.c
       InterruptVectorLow   0x000018    program     extern D:\Virginia Tech\VT Spring 2012\Embedded\CODENSTUFF\PIC Code\interrupts.c
                  OpenADC   0x001f3c    program     extern C:\MCC18\v3_39\src\pmc_common\ADC\adcopen.c
               OpenTimer0   0x00209c    program     extern C:\MCC18\v3_39\src\pmc_common\Timers\t0open.c
               OpenTimer1   0x001fe6    program     extern C:\MCC18\v3_39\src\pmc_common\Timers\t1open.c
                OpenUSART   0x001d7c    program     extern C:\MCC18\v3_39\src\pmc_common\USART\uopen.c
                  RESTORE   0x0019dc    program     static C:\MCC18\v3_39\src\extended\math\div32u.asm
                  RESTORE   0x001938    program     static C:\MCC18\v3_39\src\extended\math\div16u.asm
              RETQUOTIENT   0x0019cc    program     static C:\MCC18\v3_39\src\extended\math\div32u.asm
              RETQUOTIENT   0x001930    program     static C:\MCC18\v3_39\src\extended\math\div16u.asm
                  ReadADC   0x00225c    program     extern C:\MCC18\v3_39\src\pmc_common\ADC\adcread.c
               ReadTimer1   0x002136    program     extern C:\MCC18\v3_39\src\pmc_common\Timers\t1read.c
                ReadUSART   0x002026    program     extern C:\MCC18\v3_39\src\pmc_common\USART\uread.c
                 SETUPSTK   0x0018ce    program     static C:\MCC18\v3_39\src\extended\math\div16u.asm
                 SETUPSTK   0x001946    program     static C:\MCC18\v3_39\src\extended\math\div32u.asm
               SetChanADC   0x002196    program     extern C:\MCC18\v3_39\src\pmc_common\ADC\adcsetch.c
              SleepIfOkay   0x0013cc    program     extern D:\Virginia Tech\VT Spring 2012\Embedded\CODENSTUFF\PIC Code\messages.c
       ToMainHigh_recvmsg   0x001258    program     extern D:\Virginia Tech\VT Spring 2012\Embedded\CODENSTUFF\PIC Code\messages.c
       ToMainHigh_sendmsg   0x00122a    program     extern D:\Virginia Tech\VT Spring 2012\Embedded\CODENSTUFF\PIC Code\messages.c
        ToMainLow_recvmsg   0x0011f8    program     extern D:\Virginia Tech\VT Spring 2012\Embedded\CODENSTUFF\PIC Code\messages.c
        ToMainLow_sendmsg   0x0011ca    program     extern D:\Virginia Tech\VT Spring 2012\Embedded\CODENSTUFF\PIC Code\messages.c
              WriteTimer0   0x002166    program     extern C:\MCC18\v3_39\src\pmc_common\Timers\t0write.c
              WriteTimer1   0x002106    program     extern C:\MCC18\v3_39\src\pmc_common\Timers\t1write.c
                   _2jEnd   0x001cc8    program     static C:\MCC18\v3_39\src\extended\stdclib\slenpgm.asm
              _4jContinue   0x001c56    program     static C:\MCC18\v3_39\src\extended\stdclib\memcpy.asm
                   _5jEnd   0x001c60    program     static C:\MCC18\v3_39\src\extended\stdclib\memcpy.asm
       ___return_lbl00000   0x000004    program     static                          
       ___return_lbl00001   0x00225a    program     static                          
       ___return_lbl00002   0x001d7a    program     static                          
       ___return_lbl00012   0x00001c    program     static                          
       ___return_lbl00013   0x00000c    program     static                          
       ___return_lbl00019   0x001384    program     static                          
               __config_0   0x007ff8    program     static D:\Virginia Tech\VT Spring 2012\Embedded\CODENSTUFF\PIC Code\main.c
               __config_1   0x007ffa    program     static D:\Virginia Tech\VT Spring 2012\Embedded\CODENSTUFF\PIC Code\main.c
                 __div16u   0x0018e6    program     extern C:\MCC18\v3_39\src\extended\math\div16u.asm
                 __div32u   0x00195e    program     extern C:\MCC18\v3_39\src\extended\math\div32u.asm
                   __init   0x002286    program     extern C:\MCC18\v3_39\src\extended\stdclib\__init.c
                 __mod16u   0x0018ec    program     extern C:\MCC18\v3_39\src\extended\math\div16u.asm
                 __mod32u   0x001964    program     extern C:\MCC18\v3_39\src\extended\math\div32u.asm
                  __mul32   0x0019ea    program     extern C:\MCC18\v3_39\src\extended\math\mul32.asm
                   __pa_0   0x0006ee    program     static C:\MCC18\v3_39\src\extended\stdclib\vfprintf.c
                   __pa_1   0x0006fc    program     static C:\MCC18\v3_39\src\extended\stdclib\vfprintf.c
                  __pa_10   0x00078a    program     static C:\MCC18\v3_39\src\extended\stdclib\vfprintf.c
                  __pa_11   0x00079a    program     static C:\MCC18\v3_39\src\extended\stdclib\vfprintf.c
                  __pa_12   0x0007aa    program     static C:\MCC18\v3_39\src\extended\stdclib\vfprintf.c
                  __pa_13   0x0007b8    program     static C:\MCC18\v3_39\src\extended\stdclib\vfprintf.c
                  __pa_14   0x0007d6    program     static C:\MCC18\v3_39\src\extended\stdclib\vfprintf.c
                  __pa_15   0x0007e0    program     static C:\MCC18\v3_39\src\extended\stdclib\vfprintf.c
                  __pa_16   0x0007e6    program     static C:\MCC18\v3_39\src\extended\stdclib\vfprintf.c
                  __pa_17   0x0007f6    program     static C:\MCC18\v3_39\src\extended\stdclib\vfprintf.c
                  __pa_18   0x000802    program     static C:\MCC18\v3_39\src\extended\stdclib\vfprintf.c
                  __pa_19   0x000810    program     static C:\MCC18\v3_39\src\extended\stdclib\vfprintf.c
                   __pa_2   0x00070c    program     static C:\MCC18\v3_39\src\extended\stdclib\vfprintf.c
                  __pa_20   0x00081a    program     static C:\MCC18\v3_39\src\extended\stdclib\vfprintf.c
                  __pa_21   0x000824    program     static C:\MCC18\v3_39\src\extended\stdclib\vfprintf.c
                  __pa_22   0x00082e    program     static C:\MCC18\v3_39\src\extended\stdclib\vfprintf.c
                  __pa_23   0x00083c    program     static C:\MCC18\v3_39\src\extended\stdclib\vfprintf.c
                   __pa_3   0x000718    program     static C:\MCC18\v3_39\src\extended\stdclib\vfprintf.c
                   __pa_4   0x00072c    program     static C:\MCC18\v3_39\src\extended\stdclib\vfprintf.c
                   __pa_5   0x00073e    program     static C:\MCC18\v3_39\src\extended\stdclib\vfprintf.c
                   __pa_6   0x00074e    program     static C:\MCC18\v3_39\src\extended\stdclib\vfprintf.c
                   __pa_7   0x000760    program     static C:\MCC18\v3_39\src\extended\stdclib\vfprintf.c
                   __pa_8   0x00076c    program     static C:\MCC18\v3_39\src\extended\stdclib\vfprintf.c
                   __pa_9   0x00077e    program     static C:\MCC18\v3_39\src\extended\stdclib\vfprintf.c
               __string_0   0x001fce    program     static D:\Virginia Tech\VT Spring 2012\Embedded\CODENSTUFF\PIC Code\main.c
               __string_0   0x001fd6    program     static D:\Virginia Tech\VT Spring 2012\Embedded\CODENSTUFF\PIC Code\timer1_thread.c
               __string_1   0x001fa0    program     static D:\Virginia Tech\VT Spring 2012\Embedded\CODENSTUFF\PIC Code\main.c
            __zero_memory   0x0021ea    program     extern C:\MCC18\v3_39\src\extended\proc\p18F45J10.asm
                _do_cinit   0x001cde    program     extern C:\MCC18\v3_39\src\extended\startup\c018i_e.c
            _early16uexit   0x0018f0    program     extern C:\MCC18\v3_39\src\extended\math\div16u.asm
            _early32uexit   0x001968    program     extern C:\MCC18\v3_39\src\extended\math\div32u.asm
                   _entry   0x000000    program     extern C:\MCC18\v3_39\src\extended\startup\c018i_e.c
                   _false   0x0019ac    program     static C:\MCC18\v3_39\src\extended\math\div32u.asm
                 _startup   0x002242    program     extern C:\MCC18\v3_39\src\extended\startup\c018i_e.c
              _usart_putc   0x00220a    program     extern C:\MCC18\v3_39\src\pmc_common\USART\_usartpc.asm
               _user_putc   0x000006    program     extern C:\MCC18\v3_39\src\extended\stdclib\_user_putc.c
          adc_int_handler   0x001e30    program     extern D:\Virginia Tech\VT Spring 2012\Embedded\CODENSTUFF\PIC Code\user_interrupts.c
    block_on_FromMainHigh   0x001428    program     extern D:\Virginia Tech\VT Spring 2012\Embedded\CODENSTUFF\PIC Code\messages.c
    block_on_To_msgqueues   0x001444    program     extern D:\Virginia Tech\VT Spring 2012\Embedded\CODENSTUFF\PIC Code\messages.c
                check_msg   0x001386    program     extern D:\Virginia Tech\VT Spring 2012\Embedded\CODENSTUFF\PIC Code\messages.c
                compare_l   0x002200    program     static C:\MCC18\v3_39\src\extended\proc\p18F45J10.asm
                copy_loop   0x001d50    program     static                          
            copy_one_byte   0x001d56    program     static                          
                divmod16u   0x0018f2    program     static C:\MCC18\v3_39\src\extended\math\div16u.asm
                divmod32u   0x00196a    program     static C:\MCC18\v3_39\src\extended\math\div32u.asm
                     done   0x001d7a    program     static                          
             done_copying   0x001d64    program     static                          
        enable_interrupts   0x0016b8    program     extern D:\Virginia Tech\VT Spring 2012\Embedded\CODENSTUFF\PIC Code\interrupts.c
                  endloop   0x001918    program     static C:\MCC18\v3_39\src\extended\math\div16u.asm
         enter_sleep_mode   0x001380    program     extern D:\Virginia Tech\VT Spring 2012\Embedded\CODENSTUFF\PIC Code\messages.c
             handle_start   0x00094a    program     extern D:\Virginia Tech\VT Spring 2012\Embedded\CODENSTUFF\PIC Code\my_i2c.c
     i2c_configure_master   0x000842    program     extern D:\Virginia Tech\VT Spring 2012\Embedded\CODENSTUFF\PIC Code\my_i2c.c
      i2c_configure_slave   0x000f54    program     extern D:\Virginia Tech\VT Spring 2012\Embedded\CODENSTUFF\PIC Code\my_i2c.c
          i2c_int_handler   0x000a04    program     extern D:\Virginia Tech\VT Spring 2012\Embedded\CODENSTUFF\PIC Code\my_i2c.c
          i2c_master_recv   0x000866    program     extern D:\Virginia Tech\VT Spring 2012\Embedded\CODENSTUFF\PIC Code\my_i2c.c
          i2c_master_send   0x000854    program     extern D:\Virginia Tech\VT Spring 2012\Embedded\CODENSTUFF\PIC Code\my_i2c.c
              in_high_int   0x0016c2    program     extern D:\Virginia Tech\VT Spring 2012\Embedded\CODENSTUFF\PIC Code\interrupts.c
               in_low_int   0x001702    program     extern D:\Virginia Tech\VT Spring 2012\Embedded\CODENSTUFF\PIC Code\interrupts.c
                  in_main   0x00171a    program     extern D:\Virginia Tech\VT Spring 2012\Embedded\CODENSTUFF\PIC Code\interrupts.c
                  initADC   0x002064    program     extern D:\Virginia Tech\VT Spring 2012\Embedded\CODENSTUFF\PIC Code\newADC.c
                 init_i2c   0x000ef0    program     extern D:\Virginia Tech\VT Spring 2012\Embedded\CODENSTUFF\PIC Code\my_i2c.c
               init_queue   0x000f7e    program     extern D:\Virginia Tech\VT Spring 2012\Embedded\CODENSTUFF\PIC Code\messages.c
              init_queues   0x00134a    program     extern D:\Virginia Tech\VT Spring 2012\Embedded\CODENSTUFF\PIC Code\messages.c
      init_timer1_lthread   0x001b62    program     extern D:\Virginia Tech\VT Spring 2012\Embedded\CODENSTUFF\PIC Code\timer1_thread.c
           init_uart_recv   0x001b36    program     extern D:\Virginia Tech\VT Spring 2012\Embedded\CODENSTUFF\PIC Code\my_uart.c
                  isdigit   0x0021c6    program     extern C:\MCC18\v3_39\src\extended\stdclib\isdigit.asm
                     jEnd   0x001cca    program     static C:\MCC18\v3_39\src\extended\stdclib\slenpgm.asm
                     jEnd   0x001c92    program     static C:\MCC18\v3_39\src\extended\stdclib\strlen.asm
                     jEnd   0x001c66    program     static C:\MCC18\v3_39\src\extended\stdclib\memcpy.asm
                    jLoop   0x001c88    program     static C:\MCC18\v3_39\src\extended\stdclib\strlen.asm
                    jLoop   0x001c4a    program     static C:\MCC18\v3_39\src\extended\stdclib\memcpy.asm
                    jLoop   0x001cb2    program     static C:\MCC18\v3_39\src\extended\stdclib\slenpgm.asm
                   jMatch   0x0021e6    program     static C:\MCC18\v3_39\src\extended\stdclib\isdigit.asm
                 jNoMatch   0x0021e8    program     static C:\MCC18\v3_39\src\extended\stdclib\isdigit.asm
                     loop   0x0018fc    program     static C:\MCC18\v3_39\src\extended\math\div16u.asm
                     loop   0x001978    program     static C:\MCC18\v3_39\src\extended\math\div32u.asm
                     loop   0x002250    program     static                          
                     loop   0x00221a    program     static C:\MCC18\v3_39\src\pmc_common\USART\_usartpc.asm
                   loop_h   0x0021f8    program     static C:\MCC18\v3_39\src\extended\proc\p18F45J10.asm
                   loop_l   0x002202    program     static C:\MCC18\v3_39\src\extended\proc\p18F45J10.asm
           low_int_active   0x0016e2    program     extern D:\Virginia Tech\VT Spring 2012\Embedded\CODENSTUFF\PIC Code\interrupts.c
                     main   0x001484    program     extern D:\Virginia Tech\VT Spring 2012\Embedded\CODENSTUFF\PIC Code\main.c
                   memcpy   0x001c22    program     extern C:\MCC18\v3_39\src\extended\stdclib\memcpy.asm
                   printf   0x001ed8    program     extern C:\MCC18\v3_39\src\extended\stdclib\printf.c
                     putc   0x001e72    program     extern C:\MCC18\v3_39\src\extended\stdclib\putc.c
                  readADC   0x002082    program     extern D:\Virginia Tech\VT Spring 2012\Embedded\CODENSTUFF\PIC Code\newADC.c
                 recv_msg   0x0010c4    program     extern D:\Virginia Tech\VT Spring 2012\Embedded\CODENSTUFF\PIC Code\messages.c
                 s_digits   0x002274    program     static C:\MCC18\v3_39\src\extended\stdclib\vfprintf.c
            s_put_n_chars   0x00002c    program     static C:\MCC18\v3_39\src\extended\stdclib\vfprintf.c
                 send_msg   0x000fdc    program     extern D:\Virginia Tech\VT Spring 2012\Embedded\CODENSTUFF\PIC Code\messages.c
    start_i2c_slave_reply   0x000878    program     extern D:\Virginia Tech\VT Spring 2012\Embedded\CODENSTUFF\PIC Code\my_i2c.c
                  stopADC   0x002098    program     extern D:\Virginia Tech\VT Spring 2012\Embedded\CODENSTUFF\PIC Code\newADC.c
                   strlen   0x001c78    program     extern C:\MCC18\v3_39\src\extended\stdclib\strlen.asm
                strlenpgm   0x001c94    program     extern C:\MCC18\v3_39\src\extended\stdclib\slenpgm.asm
                     test   0x001cf8    program     static                          
       timer0_int_handler   0x001dfe    program     extern D:\Virginia Tech\VT Spring 2012\Embedded\CODENSTUFF\PIC Code\user_interrupts.c
           timer0_lthread   0x002226    program     extern D:\Virginia Tech\VT Spring 2012\Embedded\CODENSTUFF\PIC Code\timer0_thread.c
       timer1_int_handler   0x001e22    program     extern D:\Virginia Tech\VT Spring 2012\Embedded\CODENSTUFF\PIC Code\user_interrupts.c
           timer1_lthread   0x001b80    program     extern D:\Virginia Tech\VT Spring 2012\Embedded\CODENSTUFF\PIC Code\timer1_thread.c
             uart_lthread   0x0020d2    program     extern D:\Virginia Tech\VT Spring 2012\Embedded\CODENSTUFF\PIC Code\uart_thread.c
    uart_recv_int_handler   0x001a8c    program     extern D:\Virginia Tech\VT Spring 2012\Embedded\CODENSTUFF\PIC Code\my_uart.c
                 vfprintf   0x00005e    program     extern C:\MCC18\v3_39\src\extended\stdclib\vfprintf.c
               zero_block   0x0021f8    program     static C:\MCC18\v3_39\src\extended\proc\p18F45J10.asm
                   ADCON0   0x000fc2       data     extern C:\MCC18\v3_39\src\extended\proc\p18F45J10.asm
               ADCON0bits   0x000fc2       data     extern C:\MCC18\v3_39\src\extended\proc\p18F45J10.asm
                   ADCON1   0x000fc1       data     extern C:\MCC18\v3_39\src\extended\proc\p18F45J10.asm
               ADCON1bits   0x000fc1       data     extern C:\MCC18\v3_39\src\extended\proc\p18F45J10.asm
                   ADCON2   0x000fc0       data     extern C:\MCC18\v3_39\src\extended\proc\p18F45J10.asm
               ADCON2bits   0x000fc0       data     extern C:\MCC18\v3_39\src\extended\proc\p18F45J10.asm
                    ADRES   0x000fc3       data     extern C:\MCC18\v3_39\src\extended\proc\p18F45J10.asm
                   ADRESH   0x000fc4       data     extern C:\MCC18\v3_39\src\extended\proc\p18F45J10.asm
                   ADRESL   0x000fc3       data     extern C:\MCC18\v3_39\src\extended\proc\p18F45J10.asm
                  BAUDCON   0x000fb8       data     extern C:\MCC18\v3_39\src\extended\proc\p18F45J10.asm
              BAUDCONbits   0x000fb8       data     extern C:\MCC18\v3_39\src\extended\proc\p18F45J10.asm
                  BAUDCTL   0x000fb8       data     extern C:\MCC18\v3_39\src\extended\proc\p18F45J10.asm
              BAUDCTLbits   0x000fb8       data     extern C:\MCC18\v3_39\src\extended\proc\p18F45J10.asm
                      BSR   0x000fe0       data     extern C:\MCC18\v3_39\src\extended\proc\p18F45J10.asm
                  CCP1CON   0x000fbd       data     extern C:\MCC18\v3_39\src\extended\proc\p18F45J10.asm
              CCP1CONbits   0x000fbd       data     extern C:\MCC18\v3_39\src\extended\proc\p18F45J10.asm
                  CCP2CON   0x000fba       data     extern C:\MCC18\v3_39\src\extended\proc\p18F45J10.asm
              CCP2CONbits   0x000fba       data     extern C:\MCC18\v3_39\src\extended\proc\p18F45J10.asm
                    CCPR1   0x000fbe       data     extern C:\MCC18\v3_39\src\extended\proc\p18F45J10.asm
                   CCPR1H   0x000fbf       data     extern C:\MCC18\v3_39\src\extended\proc\p18F45J10.asm
                   CCPR1L   0x000fbe       data     extern C:\MCC18\v3_39\src\extended\proc\p18F45J10.asm
                    CCPR2   0x000fbb       data     extern C:\MCC18\v3_39\src\extended\proc\p18F45J10.asm
                   CCPR2H   0x000fbc       data     extern C:\MCC18\v3_39\src\extended\proc\p18F45J10.asm
                   CCPR2L   0x000fbb       data     extern C:\MCC18\v3_39\src\extended\proc\p18F45J10.asm
                    CMCON   0x000fb4       data     extern C:\MCC18\v3_39\src\extended\proc\p18F45J10.asm
                CMCONbits   0x000fb4       data     extern C:\MCC18\v3_39\src\extended\proc\p18F45J10.asm
                   CVRCON   0x000fb5       data     extern C:\MCC18\v3_39\src\extended\proc\p18F45J10.asm
               CVRCONbits   0x000fb5       data     extern C:\MCC18\v3_39\src\extended\proc\p18F45J10.asm
                     DDRA   0x000f92       data     extern C:\MCC18\v3_39\src\extended\proc\p18F45J10.asm
                 DDRAbits   0x000f92       data     extern C:\MCC18\v3_39\src\extended\proc\p18F45J10.asm
                     DDRB   0x000f93       data     extern C:\MCC18\v3_39\src\extended\proc\p18F45J10.asm
                 DDRBbits   0x000f93       data     extern C:\MCC18\v3_39\src\extended\proc\p18F45J10.asm
                     DDRC   0x000f94       data     extern C:\MCC18\v3_39\src\extended\proc\p18F45J10.asm
                 DDRCbits   0x000f94       data     extern C:\MCC18\v3_39\src\extended\proc\p18F45J10.asm
                     DDRD   0x000f95       data     extern C:\MCC18\v3_39\src\extended\proc\p18F45J10.asm
                 DDRDbits   0x000f95       data     extern C:\MCC18\v3_39\src\extended\proc\p18F45J10.asm
                     DDRE   0x000f96       data     extern C:\MCC18\v3_39\src\extended\proc\p18F45J10.asm
                 DDREbits   0x000f96       data     extern C:\MCC18\v3_39\src\extended\proc\p18F45J10.asm
                  ECCP1AS   0x000fb6       data     extern C:\MCC18\v3_39\src\extended\proc\p18F45J10.asm
              ECCP1ASbits   0x000fb6       data     extern C:\MCC18\v3_39\src\extended\proc\p18F45J10.asm
                 ECCP1CON   0x000fbd       data     extern C:\MCC18\v3_39\src\extended\proc\p18F45J10.asm
             ECCP1CONbits   0x000fbd       data     extern C:\MCC18\v3_39\src\extended\proc\p18F45J10.asm
                 ECCP1DEL   0x000fb7       data     extern C:\MCC18\v3_39\src\extended\proc\p18F45J10.asm
             ECCP1DELbits   0x000fb7       data     extern C:\MCC18\v3_39\src\extended\proc\p18F45J10.asm
                   EECON1   0x000fa6       data     extern C:\MCC18\v3_39\src\extended\proc\p18F45J10.asm
               EECON1bits   0x000fa6       data     extern C:\MCC18\v3_39\src\extended\proc\p18F45J10.asm
                   EECON2   0x000fa7       data     extern C:\MCC18\v3_39\src\extended\proc\p18F45J10.asm
                     FSR0   0x000fe9       data     extern C:\MCC18\v3_39\src\extended\proc\p18F45J10.asm
                    FSR0H   0x000fea       data     extern C:\MCC18\v3_39\src\extended\proc\p18F45J10.asm
                    FSR0L   0x000fe9       data     extern C:\MCC18\v3_39\src\extended\proc\p18F45J10.asm
                     FSR1   0x000fe1       data     extern C:\MCC18\v3_39\src\extended\proc\p18F45J10.asm
                    FSR1H   0x000fe2       data     extern C:\MCC18\v3_39\src\extended\proc\p18F45J10.asm
                    FSR1L   0x000fe1       data     extern C:\MCC18\v3_39\src\extended\proc\p18F45J10.asm
                     FSR2   0x000fd9       data     extern C:\MCC18\v3_39\src\extended\proc\p18F45J10.asm
                    FSR2H   0x000fda       data     extern C:\MCC18\v3_39\src\extended\proc\p18F45J10.asm
                    FSR2L   0x000fd9       data     extern C:\MCC18\v3_39\src\extended\proc\p18F45J10.asm
          FromMainHigh_MQ   0x000000       data     static D:\Virginia Tech\VT Spring 2012\Embedded\CODENSTUFF\PIC Code\messages.c
           FromMainLow_MQ   0x000080       data     static D:\Virginia Tech\VT Spring 2012\Embedded\CODENSTUFF\PIC Code\messages.c
                    INDF0   0x000fef       data     extern C:\MCC18\v3_39\src\extended\proc\p18F45J10.asm
                    INDF1   0x000fe7       data     extern C:\MCC18\v3_39\src\extended\proc\p18F45J10.asm
                    INDF2   0x000fdf       data     extern C:\MCC18\v3_39\src\extended\proc\p18F45J10.asm
                   INTCON   0x000ff2       data     extern C:\MCC18\v3_39\src\extended\proc\p18F45J10.asm
                  INTCON2   0x000ff1       data     extern C:\MCC18\v3_39\src\extended\proc\p18F45J10.asm
              INTCON2bits   0x000ff1       data     extern C:\MCC18\v3_39\src\extended\proc\p18F45J10.asm
                  INTCON3   0x000ff0       data     extern C:\MCC18\v3_39\src\extended\proc\p18F45J10.asm
              INTCON3bits   0x000ff0       data     extern C:\MCC18\v3_39\src\extended\proc\p18F45J10.asm
               INTCONbits   0x000ff2       data     extern C:\MCC18\v3_39\src\extended\proc\p18F45J10.asm
                     IPR1   0x000f9f       data     extern C:\MCC18\v3_39\src\extended\proc\p18F45J10.asm
                 IPR1bits   0x000f9f       data     extern C:\MCC18\v3_39\src\extended\proc\p18F45J10.asm
                     IPR2   0x000fa2       data     extern C:\MCC18\v3_39\src\extended\proc\p18F45J10.asm
                 IPR2bits   0x000fa2       data     extern C:\MCC18\v3_39\src\extended\proc\p18F45J10.asm
                     IPR3   0x000fa5       data     extern C:\MCC18\v3_39\src\extended\proc\p18F45J10.asm
                 IPR3bits   0x000fa5       data     extern C:\MCC18\v3_39\src\extended\proc\p18F45J10.asm
                     LATA   0x000f89       data     extern C:\MCC18\v3_39\src\extended\proc\p18F45J10.asm
                 LATAbits   0x000f89       data     extern C:\MCC18\v3_39\src\extended\proc\p18F45J10.asm
                     LATB   0x000f8a       data     extern C:\MCC18\v3_39\src\extended\proc\p18F45J10.asm
                 LATBbits   0x000f8a       data     extern C:\MCC18\v3_39\src\extended\proc\p18F45J10.asm
                     LATC   0x000f8b       data     extern C:\MCC18\v3_39\src\extended\proc\p18F45J10.asm
                 LATCbits   0x000f8b       data     extern C:\MCC18\v3_39\src\extended\proc\p18F45J10.asm
                     LATD   0x000f8c       data     extern C:\MCC18\v3_39\src\extended\proc\p18F45J10.asm
                 LATDbits   0x000f8c       data     extern C:\MCC18\v3_39\src\extended\proc\p18F45J10.asm
                     LATE   0x000f8d       data     extern C:\MCC18\v3_39\src\extended\proc\p18F45J10.asm
                 LATEbits   0x000f8d       data     extern C:\MCC18\v3_39\src\extended\proc\p18F45J10.asm
 MQ_Main_Willing_to_block   0x00003e       data     static D:\Virginia Tech\VT Spring 2012\Embedded\CODENSTUFF\PIC Code\messages.c
                   OSCCON   0x000fd3       data     extern C:\MCC18\v3_39\src\extended\proc\p18F45J10.asm
               OSCCONbits   0x000fd3       data     extern C:\MCC18\v3_39\src\extended\proc\p18F45J10.asm
                  OSCTUNE   0x000f9b       data     extern C:\MCC18\v3_39\src\extended\proc\p18F45J10.asm
              OSCTUNEbits   0x000f9b       data     extern C:\MCC18\v3_39\src\extended\proc\p18F45J10.asm
                       PC   0x000ff9       data     extern C:\MCC18\v3_39\src\extended\proc\p18F45J10.asm
                      PCL   0x000ff9       data     extern C:\MCC18\v3_39\src\extended\proc\p18F45J10.asm
                   PCLATH   0x000ffa       data     extern C:\MCC18\v3_39\src\extended\proc\p18F45J10.asm
                   PCLATU   0x000ffb       data     extern C:\MCC18\v3_39\src\extended\proc\p18F45J10.asm
                     PIE1   0x000f9d       data     extern C:\MCC18\v3_39\src\extended\proc\p18F45J10.asm
                 PIE1bits   0x000f9d       data     extern C:\MCC18\v3_39\src\extended\proc\p18F45J10.asm
                     PIE2   0x000fa0       data     extern C:\MCC18\v3_39\src\extended\proc\p18F45J10.asm
                 PIE2bits   0x000fa0       data     extern C:\MCC18\v3_39\src\extended\proc\p18F45J10.asm
                     PIE3   0x000fa3       data     extern C:\MCC18\v3_39\src\extended\proc\p18F45J10.asm
                 PIE3bits   0x000fa3       data     extern C:\MCC18\v3_39\src\extended\proc\p18F45J10.asm
                     PIR1   0x000f9e       data     extern C:\MCC18\v3_39\src\extended\proc\p18F45J10.asm
                 PIR1bits   0x000f9e       data     extern C:\MCC18\v3_39\src\extended\proc\p18F45J10.asm
                     PIR2   0x000fa1       data     extern C:\MCC18\v3_39\src\extended\proc\p18F45J10.asm
                 PIR2bits   0x000fa1       data     extern C:\MCC18\v3_39\src\extended\proc\p18F45J10.asm
                     PIR3   0x000fa4       data     extern C:\MCC18\v3_39\src\extended\proc\p18F45J10.asm
                 PIR3bits   0x000fa4       data     extern C:\MCC18\v3_39\src\extended\proc\p18F45J10.asm
                   PLUSW0   0x000feb       data     extern C:\MCC18\v3_39\src\extended\proc\p18F45J10.asm
                   PLUSW1   0x000fe3       data     extern C:\MCC18\v3_39\src\extended\proc\p18F45J10.asm
                   PLUSW2   0x000fdb       data     extern C:\MCC18\v3_39\src\extended\proc\p18F45J10.asm
                    PORTA   0x000f80       data     extern C:\MCC18\v3_39\src\extended\proc\p18F45J10.asm
                PORTAbits   0x000f80       data     extern C:\MCC18\v3_39\src\extended\proc\p18F45J10.asm
                    PORTB   0x000f81       data     extern C:\MCC18\v3_39\src\extended\proc\p18F45J10.asm
                PORTBbits   0x000f81       data     extern C:\MCC18\v3_39\src\extended\proc\p18F45J10.asm
                    PORTC   0x000f82       data     extern C:\MCC18\v3_39\src\extended\proc\p18F45J10.asm
                PORTCbits   0x000f82       data     extern C:\MCC18\v3_39\src\extended\proc\p18F45J10.asm
                    PORTD   0x000f83       data     extern C:\MCC18\v3_39\src\extended\proc\p18F45J10.asm
                PORTDbits   0x000f83       data     extern C:\MCC18\v3_39\src\extended\proc\p18F45J10.asm
                    PORTE   0x000f84       data     extern C:\MCC18\v3_39\src\extended\proc\p18F45J10.asm
                PORTEbits   0x000f84       data     extern C:\MCC18\v3_39\src\extended\proc\p18F45J10.asm
                 POSTDEC0   0x000fed       data     extern C:\MCC18\v3_39\src\extended\proc\p18F45J10.asm
                 POSTDEC1   0x000fe5       data     extern C:\MCC18\v3_39\src\extended\proc\p18F45J10.asm
                 POSTDEC2   0x000fdd       data     extern C:\MCC18\v3_39\src\extended\proc\p18F45J10.asm
                 POSTINC0   0x000fee       data     extern C:\MCC18\v3_39\src\extended\proc\p18F45J10.asm
                 POSTINC1   0x000fe6       data     extern C:\MCC18\v3_39\src\extended\proc\p18F45J10.asm
                 POSTINC2   0x000fde       data     extern C:\MCC18\v3_39\src\extended\proc\p18F45J10.asm
                      PR2   0x000fcb       data     extern C:\MCC18\v3_39\src\extended\proc\p18F45J10.asm
                  PREINC0   0x000fec       data     extern C:\MCC18\v3_39\src\extended\proc\p18F45J10.asm
                  PREINC1   0x000fe4       data     extern C:\MCC18\v3_39\src\extended\proc\p18F45J10.asm
                  PREINC2   0x000fdc       data     extern C:\MCC18\v3_39\src\extended\proc\p18F45J10.asm
                     PROD   0x000ff3       data     extern C:\MCC18\v3_39\src\extended\proc\p18F45J10.asm
                    PRODH   0x000ff4       data     extern C:\MCC18\v3_39\src\extended\proc\p18F45J10.asm
                    PRODL   0x000ff3       data     extern C:\MCC18\v3_39\src\extended\proc\p18F45J10.asm
                  PWM1CON   0x000fb7       data     extern C:\MCC18\v3_39\src\extended\proc\p18F45J10.asm
              PWM1CONbits   0x000fb7       data     extern C:\MCC18\v3_39\src\extended\proc\p18F45J10.asm
                     RCON   0x000fd0       data     extern C:\MCC18\v3_39\src\extended\proc\p18F45J10.asm
                 RCONbits   0x000fd0       data     extern C:\MCC18\v3_39\src\extended\proc\p18F45J10.asm
                    RCREG   0x000fae       data     extern C:\MCC18\v3_39\src\extended\proc\p18F45J10.asm
                   RCREG1   0x000fae       data     extern C:\MCC18\v3_39\src\extended\proc\p18F45J10.asm
                    RCSTA   0x000fab       data     extern C:\MCC18\v3_39\src\extended\proc\p18F45J10.asm
                   RCSTA1   0x000fab       data     extern C:\MCC18\v3_39\src\extended\proc\p18F45J10.asm
               RCSTA1bits   0x000fab       data     extern C:\MCC18\v3_39\src\extended\proc\p18F45J10.asm
                RCSTAbits   0x000fab       data     extern C:\MCC18\v3_39\src\extended\proc\p18F45J10.asm
                    SPBRG   0x000faf       data     extern C:\MCC18\v3_39\src\extended\proc\p18F45J10.asm
                   SPBRG1   0x000faf       data     extern C:\MCC18\v3_39\src\extended\proc\p18F45J10.asm
                   SPBRGH   0x000fb0       data     extern C:\MCC18\v3_39\src\extended\proc\p18F45J10.asm
                  SSP1ADD   0x000fc8       data     extern C:\MCC18\v3_39\src\extended\proc\p18F45J10.asm
                  SSP1BUF   0x000fc9       data     extern C:\MCC18\v3_39\src\extended\proc\p18F45J10.asm
                 SSP1CON1   0x000fc6       data     extern C:\MCC18\v3_39\src\extended\proc\p18F45J10.asm
             SSP1CON1bits   0x000fc6       data     extern C:\MCC18\v3_39\src\extended\proc\p18F45J10.asm
                 SSP1CON2   0x000fc5       data     extern C:\MCC18\v3_39\src\extended\proc\p18F45J10.asm
             SSP1CON2bits   0x000fc5       data     extern C:\MCC18\v3_39\src\extended\proc\p18F45J10.asm
                 SSP1STAT   0x000fc7       data     extern C:\MCC18\v3_39\src\extended\proc\p18F45J10.asm
             SSP1STATbits   0x000fc7       data     extern C:\MCC18\v3_39\src\extended\proc\p18F45J10.asm
                  SSP2ADD   0x000f88       data     extern C:\MCC18\v3_39\src\extended\proc\p18F45J10.asm
                  SSP2BUF   0x000f8e       data     extern C:\MCC18\v3_39\src\extended\proc\p18F45J10.asm
                 SSP2CON1   0x000f86       data     extern C:\MCC18\v3_39\src\extended\proc\p18F45J10.asm
             SSP2CON1bits   0x000f86       data     extern C:\MCC18\v3_39\src\extended\proc\p18F45J10.asm
                 SSP2CON2   0x000f85       data     extern C:\MCC18\v3_39\src\extended\proc\p18F45J10.asm
             SSP2CON2bits   0x000f85       data     extern C:\MCC18\v3_39\src\extended\proc\p18F45J10.asm
                 SSP2STAT   0x000f87       data     extern C:\MCC18\v3_39\src\extended\proc\p18F45J10.asm
             SSP2STATbits   0x000f87       data     extern C:\MCC18\v3_39\src\extended\proc\p18F45J10.asm
                   SSPADD   0x000fc8       data     extern C:\MCC18\v3_39\src\extended\proc\p18F45J10.asm
                   SSPBUF   0x000fc9       data     extern C:\MCC18\v3_39\src\extended\proc\p18F45J10.asm
                  SSPCON1   0x000fc6       data     extern C:\MCC18\v3_39\src\extended\proc\p18F45J10.asm
              SSPCON1bits   0x000fc6       data     extern C:\MCC18\v3_39\src\extended\proc\p18F45J10.asm
                  SSPCON2   0x000fc5       data     extern C:\MCC18\v3_39\src\extended\proc\p18F45J10.asm
              SSPCON2bits   0x000fc5       data     extern C:\MCC18\v3_39\src\extended\proc\p18F45J10.asm
                  SSPSTAT   0x000fc7       data     extern C:\MCC18\v3_39\src\extended\proc\p18F45J10.asm
              SSPSTATbits   0x000fc7       data     extern C:\MCC18\v3_39\src\extended\proc\p18F45J10.asm
                   STATUS   0x000fd8       data     extern C:\MCC18\v3_39\src\extended\proc\p18F45J10.asm
               STATUSbits   0x000fd8       data     extern C:\MCC18\v3_39\src\extended\proc\p18F45J10.asm
                   STKPTR   0x000ffc       data     extern C:\MCC18\v3_39\src\extended\proc\p18F45J10.asm
               STKPTRbits   0x000ffc       data     extern C:\MCC18\v3_39\src\extended\proc\p18F45J10.asm
                    T0CON   0x000fd5       data     extern C:\MCC18\v3_39\src\extended\proc\p18F45J10.asm
                T0CONbits   0x000fd5       data     extern C:\MCC18\v3_39\src\extended\proc\p18F45J10.asm
                    T1CON   0x000fcd       data     extern C:\MCC18\v3_39\src\extended\proc\p18F45J10.asm
                T1CONbits   0x000fcd       data     extern C:\MCC18\v3_39\src\extended\proc\p18F45J10.asm
                    T2CON   0x000fca       data     extern C:\MCC18\v3_39\src\extended\proc\p18F45J10.asm
                T2CONbits   0x000fca       data     extern C:\MCC18\v3_39\src\extended\proc\p18F45J10.asm
                   TABLAT   0x000ff5       data     extern C:\MCC18\v3_39\src\extended\proc\p18F45J10.asm
                   TBLPTR   0x000ff6       data     extern C:\MCC18\v3_39\src\extended\proc\p18F45J10.asm
                  TBLPTRH   0x000ff7       data     extern C:\MCC18\v3_39\src\extended\proc\p18F45J10.asm
                  TBLPTRL   0x000ff6       data     extern C:\MCC18\v3_39\src\extended\proc\p18F45J10.asm
                  TBLPTRU   0x000ff8       data     extern C:\MCC18\v3_39\src\extended\proc\p18F45J10.asm
                    TMR0H   0x000fd7       data     extern C:\MCC18\v3_39\src\extended\proc\p18F45J10.asm
                    TMR0L   0x000fd6       data     extern C:\MCC18\v3_39\src\extended\proc\p18F45J10.asm
                    TMR1H   0x000fcf       data     extern C:\MCC18\v3_39\src\extended\proc\p18F45J10.asm
                    TMR1L   0x000fce       data     extern C:\MCC18\v3_39\src\extended\proc\p18F45J10.asm
                     TMR2   0x000fcc       data     extern C:\MCC18\v3_39\src\extended\proc\p18F45J10.asm
                      TOS   0x000ffd       data     extern C:\MCC18\v3_39\src\extended\proc\p18F45J10.asm
                     TOSH   0x000ffe       data     extern C:\MCC18\v3_39\src\extended\proc\p18F45J10.asm
                     TOSL   0x000ffd       data     extern C:\MCC18\v3_39\src\extended\proc\p18F45J10.asm
                     TOSU   0x000fff       data     extern C:\MCC18\v3_39\src\extended\proc\p18F45J10.asm
                    TRISA   0x000f92       data     extern C:\MCC18\v3_39\src\extended\proc\p18F45J10.asm
                TRISAbits   0x000f92       data     extern C:\MCC18\v3_39\src\extended\proc\p18F45J10.asm
                    TRISB   0x000f93       data     extern C:\MCC18\v3_39\src\extended\proc\p18F45J10.asm
                TRISBbits   0x000f93       data     extern C:\MCC18\v3_39\src\extended\proc\p18F45J10.asm
                    TRISC   0x000f94       data     extern C:\MCC18\v3_39\src\extended\proc\p18F45J10.asm
                TRISCbits   0x000f94       data     extern C:\MCC18\v3_39\src\extended\proc\p18F45J10.asm
                    TRISD   0x000f95       data     extern C:\MCC18\v3_39\src\extended\proc\p18F45J10.asm
                TRISDbits   0x000f95       data     extern C:\MCC18\v3_39\src\extended\proc\p18F45J10.asm
                    TRISE   0x000f96       data     extern C:\MCC18\v3_39\src\extended\proc\p18F45J10.asm
                TRISEbits   0x000f96       data     extern C:\MCC18\v3_39\src\extended\proc\p18F45J10.asm
                    TXREG   0x000fad       data     extern C:\MCC18\v3_39\src\extended\proc\p18F45J10.asm
                   TXREG1   0x000fad       data     extern C:\MCC18\v3_39\src\extended\proc\p18F45J10.asm
                    TXSTA   0x000fac       data     extern C:\MCC18\v3_39\src\extended\proc\p18F45J10.asm
                   TXSTA1   0x000fac       data     extern C:\MCC18\v3_39\src\extended\proc\p18F45J10.asm
               TXSTA1bits   0x000fac       data     extern C:\MCC18\v3_39\src\extended\proc\p18F45J10.asm
                TXSTAbits   0x000fac       data     extern C:\MCC18\v3_39\src\extended\proc\p18F45J10.asm
            ToMainHigh_MQ   0x0000be       data     static D:\Virginia Tech\VT Spring 2012\Embedded\CODENSTUFF\PIC Code\messages.c
             ToMainLow_MQ   0x000100       data     static D:\Virginia Tech\VT Spring 2012\Embedded\CODENSTUFF\PIC Code\messages.c
             USART_Status   0x000056       data     extern C:\MCC18\v3_39\src\pmc_common\USART\udefs.c
                   WDTCON   0x000fd1       data     extern C:\MCC18\v3_39\src\extended\proc\p18F45J10.asm
               WDTCONbits   0x000fd1       data     extern C:\MCC18\v3_39\src\extended\proc\p18F45J10.asm
                     WREG   0x000fe8       data     extern C:\MCC18\v3_39\src\extended\proc\p18F45J10.asm
                __RETVAL0   0x0000fc       data     extern C:\MCC18\v3_39\src\extended\math\cmath18.asm
                __RETVAL1   0x0000fd       data     extern C:\MCC18\v3_39\src\extended\math\cmath18.asm
                __RETVAL2   0x0000fe       data     extern C:\MCC18\v3_39\src\extended\math\cmath18.asm
                __RETVAL3   0x0000ff       data     extern C:\MCC18\v3_39\src\extended\math\cmath18.asm
                  __tmp_0   0x000049       data     static C:\MCC18\v3_39\src\pmc_common\USART\uopen.c
                  __tmp_0   0x000049       data     static C:\MCC18\v3_39\src\pmc_common\ADC\adcread.c
                  __tmp_0   0x000049       data     static C:\MCC18\v3_39\src\pmc_common\ADC\adcsetch.c
                  __tmp_0   0x000049       data     static C:\MCC18\v3_39\src\pmc_common\ADC\adcopen.c
                  __tmp_0   0x000049       data     static C:\MCC18\v3_39\src\extended\stdclib\vfprintf.c
                  __tmp_0   0x000049       data     static D:\Virginia Tech\VT Spring 2012\Embedded\CODENSTUFF\PIC Code\my_i2c.c
                  __tmp_0   0x000049       data     static D:\Virginia Tech\VT Spring 2012\Embedded\CODENSTUFF\PIC Code\timer1_thread.c
                  __tmp_0   0x000049       data     static D:\Virginia Tech\VT Spring 2012\Embedded\CODENSTUFF\PIC Code\my_uart.c
                  __tmp_0   0x000049       data     static D:\Virginia Tech\VT Spring 2012\Embedded\CODENSTUFF\PIC Code\interrupts.c
                  __tmp_0   0x000049       data     static D:\Virginia Tech\VT Spring 2012\Embedded\CODENSTUFF\PIC Code\messages.c
                  __tmp_0   0x000049       data     static D:\Virginia Tech\VT Spring 2012\Embedded\CODENSTUFF\PIC Code\main.c
                curr_byte   0x000042       data     static C:\MCC18\v3_39\src\extended\startup\c018i_e.c
               curr_entry   0x000044       data     static C:\MCC18\v3_39\src\extended\startup\c018i_e.c
                 data_ptr   0x000046       data     static C:\MCC18\v3_39\src\extended\startup\c018i_e.c
                   ic_ptr   0x000052       data     static D:\Virginia Tech\VT Spring 2012\Embedded\CODENSTUFF\PIC Code\my_i2c.c
                     prom   0x00003f       data     static C:\MCC18\v3_39\src\extended\startup\c018i_e.c
                   stdout   0x000054       data     extern C:\MCC18\v3_39\src\extended\stdclib\stdout.c
                   uc_ptr   0x000050       data     static D:\Virginia Tech\VT Spring 2012\Embedded\CODENSTUFF\PIC Code\my_uart.c



                              Symbols - Sorted by Address
                     Name    Address   Location    Storage File                     
                ---------  ---------  ---------  --------- ---------                
                   _entry   0x000000    program     extern C:\MCC18\v3_39\src\extended\startup\c018i_e.c
       ___return_lbl00000   0x000004    program     static                          
               _user_putc   0x000006    program     extern C:\MCC18\v3_39\src\extended\stdclib\_user_putc.c
      InterruptVectorHigh   0x000008    program     extern D:\Virginia Tech\VT Spring 2012\Embedded\CODENSTUFF\PIC Code\interrupts.c
       ___return_lbl00013   0x00000c    program     static                          
                 CloseADC   0x00000e    program     extern C:\MCC18\v3_39\src\pmc_common\ADC\adcclose.c
               ConvertADC   0x000014    program     extern C:\MCC18\v3_39\src\pmc_common\ADC\adcconv.c
       InterruptVectorLow   0x000018    program     extern D:\Virginia Tech\VT Spring 2012\Embedded\CODENSTUFF\PIC Code\interrupts.c
       ___return_lbl00012   0x00001c    program     static                          
            s_put_n_chars   0x00002c    program     static C:\MCC18\v3_39\src\extended\stdclib\vfprintf.c
                 vfprintf   0x00005e    program     extern C:\MCC18\v3_39\src\extended\stdclib\vfprintf.c
                   __pa_0   0x0006ee    program     static C:\MCC18\v3_39\src\extended\stdclib\vfprintf.c
                   __pa_1   0x0006fc    program     static C:\MCC18\v3_39\src\extended\stdclib\vfprintf.c
                   __pa_2   0x00070c    program     static C:\MCC18\v3_39\src\extended\stdclib\vfprintf.c
                   __pa_3   0x000718    program     static C:\MCC18\v3_39\src\extended\stdclib\vfprintf.c
                   __pa_4   0x00072c    program     static C:\MCC18\v3_39\src\extended\stdclib\vfprintf.c
                   __pa_5   0x00073e    program     static C:\MCC18\v3_39\src\extended\stdclib\vfprintf.c
                   __pa_6   0x00074e    program     static C:\MCC18\v3_39\src\extended\stdclib\vfprintf.c
                   __pa_7   0x000760    program     static C:\MCC18\v3_39\src\extended\stdclib\vfprintf.c
                   __pa_8   0x00076c    program     static C:\MCC18\v3_39\src\extended\stdclib\vfprintf.c
                   __pa_9   0x00077e    program     static C:\MCC18\v3_39\src\extended\stdclib\vfprintf.c
                  __pa_10   0x00078a    program     static C:\MCC18\v3_39\src\extended\stdclib\vfprintf.c
                  __pa_11   0x00079a    program     static C:\MCC18\v3_39\src\extended\stdclib\vfprintf.c
                  __pa_12   0x0007aa    program     static C:\MCC18\v3_39\src\extended\stdclib\vfprintf.c
                  __pa_13   0x0007b8    program     static C:\MCC18\v3_39\src\extended\stdclib\vfprintf.c
                  __pa_14   0x0007d6    program     static C:\MCC18\v3_39\src\extended\stdclib\vfprintf.c
                  __pa_15   0x0007e0    program     static C:\MCC18\v3_39\src\extended\stdclib\vfprintf.c
                  __pa_16   0x0007e6    program     static C:\MCC18\v3_39\src\extended\stdclib\vfprintf.c
                  __pa_17   0x0007f6    program     static C:\MCC18\v3_39\src\extended\stdclib\vfprintf.c
                  __pa_18   0x000802    program     static C:\MCC18\v3_39\src\extended\stdclib\vfprintf.c
                  __pa_19   0x000810    program     static C:\MCC18\v3_39\src\extended\stdclib\vfprintf.c
                  __pa_20   0x00081a    program     static C:\MCC18\v3_39\src\extended\stdclib\vfprintf.c
                  __pa_21   0x000824    program     static C:\MCC18\v3_39\src\extended\stdclib\vfprintf.c
                  __pa_22   0x00082e    program     static C:\MCC18\v3_39\src\extended\stdclib\vfprintf.c
                  __pa_23   0x00083c    program     static C:\MCC18\v3_39\src\extended\stdclib\vfprintf.c
     i2c_configure_master   0x000842    program     extern D:\Virginia Tech\VT Spring 2012\Embedded\CODENSTUFF\PIC Code\my_i2c.c
          i2c_master_send   0x000854    program     extern D:\Virginia Tech\VT Spring 2012\Embedded\CODENSTUFF\PIC Code\my_i2c.c
          i2c_master_recv   0x000866    program     extern D:\Virginia Tech\VT Spring 2012\Embedded\CODENSTUFF\PIC Code\my_i2c.c
    start_i2c_slave_reply   0x000878    program     extern D:\Virginia Tech\VT Spring 2012\Embedded\CODENSTUFF\PIC Code\my_i2c.c
             handle_start   0x00094a    program     extern D:\Virginia Tech\VT Spring 2012\Embedded\CODENSTUFF\PIC Code\my_i2c.c
          i2c_int_handler   0x000a04    program     extern D:\Virginia Tech\VT Spring 2012\Embedded\CODENSTUFF\PIC Code\my_i2c.c
                 init_i2c   0x000ef0    program     extern D:\Virginia Tech\VT Spring 2012\Embedded\CODENSTUFF\PIC Code\my_i2c.c
      i2c_configure_slave   0x000f54    program     extern D:\Virginia Tech\VT Spring 2012\Embedded\CODENSTUFF\PIC Code\my_i2c.c
               init_queue   0x000f7e    program     extern D:\Virginia Tech\VT Spring 2012\Embedded\CODENSTUFF\PIC Code\messages.c
                 send_msg   0x000fdc    program     extern D:\Virginia Tech\VT Spring 2012\Embedded\CODENSTUFF\PIC Code\messages.c
                 recv_msg   0x0010c4    program     extern D:\Virginia Tech\VT Spring 2012\Embedded\CODENSTUFF\PIC Code\messages.c
        ToMainLow_sendmsg   0x0011ca    program     extern D:\Virginia Tech\VT Spring 2012\Embedded\CODENSTUFF\PIC Code\messages.c
        ToMainLow_recvmsg   0x0011f8    program     extern D:\Virginia Tech\VT Spring 2012\Embedded\CODENSTUFF\PIC Code\messages.c
       ToMainHigh_sendmsg   0x00122a    program     extern D:\Virginia Tech\VT Spring 2012\Embedded\CODENSTUFF\PIC Code\messages.c
       ToMainHigh_recvmsg   0x001258    program     extern D:\Virginia Tech\VT Spring 2012\Embedded\CODENSTUFF\PIC Code\messages.c
      FromMainLow_sendmsg   0x00128a    program     extern D:\Virginia Tech\VT Spring 2012\Embedded\CODENSTUFF\PIC Code\messages.c
      FromMainLow_recvmsg   0x0012b8    program     extern D:\Virginia Tech\VT Spring 2012\Embedded\CODENSTUFF\PIC Code\messages.c
     FromMainHigh_sendmsg   0x0012ea    program     extern D:\Virginia Tech\VT Spring 2012\Embedded\CODENSTUFF\PIC Code\messages.c
     FromMainHigh_recvmsg   0x001318    program     extern D:\Virginia Tech\VT Spring 2012\Embedded\CODENSTUFF\PIC Code\messages.c
              init_queues   0x00134a    program     extern D:\Virginia Tech\VT Spring 2012\Embedded\CODENSTUFF\PIC Code\messages.c
         enter_sleep_mode   0x001380    program     extern D:\Virginia Tech\VT Spring 2012\Embedded\CODENSTUFF\PIC Code\messages.c
       ___return_lbl00019   0x001384    program     static                          
                check_msg   0x001386    program     extern D:\Virginia Tech\VT Spring 2012\Embedded\CODENSTUFF\PIC Code\messages.c
              SleepIfOkay   0x0013cc    program     extern D:\Virginia Tech\VT Spring 2012\Embedded\CODENSTUFF\PIC Code\messages.c
    block_on_FromMainHigh   0x001428    program     extern D:\Virginia Tech\VT Spring 2012\Embedded\CODENSTUFF\PIC Code\messages.c
    block_on_To_msgqueues   0x001444    program     extern D:\Virginia Tech\VT Spring 2012\Embedded\CODENSTUFF\PIC Code\messages.c
                     main   0x001484    program     extern D:\Virginia Tech\VT Spring 2012\Embedded\CODENSTUFF\PIC Code\main.c
        enable_interrupts   0x0016b8    program     extern D:\Virginia Tech\VT Spring 2012\Embedded\CODENSTUFF\PIC Code\interrupts.c
              in_high_int   0x0016c2    program     extern D:\Virginia Tech\VT Spring 2012\Embedded\CODENSTUFF\PIC Code\interrupts.c
           low_int_active   0x0016e2    program     extern D:\Virginia Tech\VT Spring 2012\Embedded\CODENSTUFF\PIC Code\interrupts.c
               in_low_int   0x001702    program     extern D:\Virginia Tech\VT Spring 2012\Embedded\CODENSTUFF\PIC Code\interrupts.c
                  in_main   0x00171a    program     extern D:\Virginia Tech\VT Spring 2012\Embedded\CODENSTUFF\PIC Code\interrupts.c
     InterruptHandlerHigh   0x001740    program     extern D:\Virginia Tech\VT Spring 2012\Embedded\CODENSTUFF\PIC Code\interrupts.c
      InterruptHandlerLow   0x001804    program     extern D:\Virginia Tech\VT Spring 2012\Embedded\CODENSTUFF\PIC Code\interrupts.c
                 SETUPSTK   0x0018ce    program     static C:\MCC18\v3_39\src\extended\math\div16u.asm
                 __div16u   0x0018e6    program     extern C:\MCC18\v3_39\src\extended\math\div16u.asm
                 __mod16u   0x0018ec    program     extern C:\MCC18\v3_39\src\extended\math\div16u.asm
            _early16uexit   0x0018f0    program     extern C:\MCC18\v3_39\src\extended\math\div16u.asm
                divmod16u   0x0018f2    program     static C:\MCC18\v3_39\src\extended\math\div16u.asm
                     loop   0x0018fc    program     static C:\MCC18\v3_39\src\extended\math\div16u.asm
                  endloop   0x001918    program     static C:\MCC18\v3_39\src\extended\math\div16u.asm
              RETQUOTIENT   0x001930    program     static C:\MCC18\v3_39\src\extended\math\div16u.asm
                  RESTORE   0x001938    program     static C:\MCC18\v3_39\src\extended\math\div16u.asm
                 SETUPSTK   0x001946    program     static C:\MCC18\v3_39\src\extended\math\div32u.asm
                 __div32u   0x00195e    program     extern C:\MCC18\v3_39\src\extended\math\div32u.asm
                 __mod32u   0x001964    program     extern C:\MCC18\v3_39\src\extended\math\div32u.asm
            _early32uexit   0x001968    program     extern C:\MCC18\v3_39\src\extended\math\div32u.asm
                divmod32u   0x00196a    program     static C:\MCC18\v3_39\src\extended\math\div32u.asm
                     loop   0x001978    program     static C:\MCC18\v3_39\src\extended\math\div32u.asm
                   _false   0x0019ac    program     static C:\MCC18\v3_39\src\extended\math\div32u.asm
              RETQUOTIENT   0x0019cc    program     static C:\MCC18\v3_39\src\extended\math\div32u.asm
                  RESTORE   0x0019dc    program     static C:\MCC18\v3_39\src\extended\math\div32u.asm
                  __mul32   0x0019ea    program     extern C:\MCC18\v3_39\src\extended\math\mul32.asm
    uart_recv_int_handler   0x001a8c    program     extern D:\Virginia Tech\VT Spring 2012\Embedded\CODENSTUFF\PIC Code\my_uart.c
           init_uart_recv   0x001b36    program     extern D:\Virginia Tech\VT Spring 2012\Embedded\CODENSTUFF\PIC Code\my_uart.c
      init_timer1_lthread   0x001b62    program     extern D:\Virginia Tech\VT Spring 2012\Embedded\CODENSTUFF\PIC Code\timer1_thread.c
           timer1_lthread   0x001b80    program     extern D:\Virginia Tech\VT Spring 2012\Embedded\CODENSTUFF\PIC Code\timer1_thread.c
                   memcpy   0x001c22    program     extern C:\MCC18\v3_39\src\extended\stdclib\memcpy.asm
                    jLoop   0x001c4a    program     static C:\MCC18\v3_39\src\extended\stdclib\memcpy.asm
              _4jContinue   0x001c56    program     static C:\MCC18\v3_39\src\extended\stdclib\memcpy.asm
                   _5jEnd   0x001c60    program     static C:\MCC18\v3_39\src\extended\stdclib\memcpy.asm
                     jEnd   0x001c66    program     static C:\MCC18\v3_39\src\extended\stdclib\memcpy.asm
                   strlen   0x001c78    program     extern C:\MCC18\v3_39\src\extended\stdclib\strlen.asm
                    jLoop   0x001c88    program     static C:\MCC18\v3_39\src\extended\stdclib\strlen.asm
                     jEnd   0x001c92    program     static C:\MCC18\v3_39\src\extended\stdclib\strlen.asm
                strlenpgm   0x001c94    program     extern C:\MCC18\v3_39\src\extended\stdclib\slenpgm.asm
                    jLoop   0x001cb2    program     static C:\MCC18\v3_39\src\extended\stdclib\slenpgm.asm
                   _2jEnd   0x001cc8    program     static C:\MCC18\v3_39\src\extended\stdclib\slenpgm.asm
                     jEnd   0x001cca    program     static C:\MCC18\v3_39\src\extended\stdclib\slenpgm.asm
                _do_cinit   0x001cde    program     extern C:\MCC18\v3_39\src\extended\startup\c018i_e.c
                     test   0x001cf8    program     static                          
                copy_loop   0x001d50    program     static                          
            copy_one_byte   0x001d56    program     static                          
             done_copying   0x001d64    program     static                          
                     done   0x001d7a    program     static                          
       ___return_lbl00002   0x001d7a    program     static                          
                OpenUSART   0x001d7c    program     extern C:\MCC18\v3_39\src\pmc_common\USART\uopen.c
       timer0_int_handler   0x001dfe    program     extern D:\Virginia Tech\VT Spring 2012\Embedded\CODENSTUFF\PIC Code\user_interrupts.c
       timer1_int_handler   0x001e22    program     extern D:\Virginia Tech\VT Spring 2012\Embedded\CODENSTUFF\PIC Code\user_interrupts.c
          adc_int_handler   0x001e30    program     extern D:\Virginia Tech\VT Spring 2012\Embedded\CODENSTUFF\PIC Code\user_interrupts.c
                     putc   0x001e72    program     extern C:\MCC18\v3_39\src\extended\stdclib\putc.c
                   printf   0x001ed8    program     extern C:\MCC18\v3_39\src\extended\stdclib\printf.c
                  OpenADC   0x001f3c    program     extern C:\MCC18\v3_39\src\pmc_common\ADC\adcopen.c
               __string_1   0x001fa0    program     static D:\Virginia Tech\VT Spring 2012\Embedded\CODENSTUFF\PIC Code\main.c
               __string_0   0x001fce    program     static D:\Virginia Tech\VT Spring 2012\Embedded\CODENSTUFF\PIC Code\main.c
               __string_0   0x001fd6    program     static D:\Virginia Tech\VT Spring 2012\Embedded\CODENSTUFF\PIC Code\timer1_thread.c
               OpenTimer1   0x001fe6    program     extern C:\MCC18\v3_39\src\pmc_common\Timers\t1open.c
                ReadUSART   0x002026    program     extern C:\MCC18\v3_39\src\pmc_common\USART\uread.c
                  initADC   0x002064    program     extern D:\Virginia Tech\VT Spring 2012\Embedded\CODENSTUFF\PIC Code\newADC.c
                  readADC   0x002082    program     extern D:\Virginia Tech\VT Spring 2012\Embedded\CODENSTUFF\PIC Code\newADC.c
                  stopADC   0x002098    program     extern D:\Virginia Tech\VT Spring 2012\Embedded\CODENSTUFF\PIC Code\newADC.c
               OpenTimer0   0x00209c    program     extern C:\MCC18\v3_39\src\pmc_common\Timers\t0open.c
             uart_lthread   0x0020d2    program     extern D:\Virginia Tech\VT Spring 2012\Embedded\CODENSTUFF\PIC Code\uart_thread.c
              WriteTimer1   0x002106    program     extern C:\MCC18\v3_39\src\pmc_common\Timers\t1write.c
               ReadTimer1   0x002136    program     extern C:\MCC18\v3_39\src\pmc_common\Timers\t1read.c
              WriteTimer0   0x002166    program     extern C:\MCC18\v3_39\src\pmc_common\Timers\t0write.c
               SetChanADC   0x002196    program     extern C:\MCC18\v3_39\src\pmc_common\ADC\adcsetch.c
                  isdigit   0x0021c6    program     extern C:\MCC18\v3_39\src\extended\stdclib\isdigit.asm
                   jMatch   0x0021e6    program     static C:\MCC18\v3_39\src\extended\stdclib\isdigit.asm
                 jNoMatch   0x0021e8    program     static C:\MCC18\v3_39\src\extended\stdclib\isdigit.asm
            __zero_memory   0x0021ea    program     extern C:\MCC18\v3_39\src\extended\proc\p18F45J10.asm
                   loop_h   0x0021f8    program     static C:\MCC18\v3_39\src\extended\proc\p18F45J10.asm
               zero_block   0x0021f8    program     static C:\MCC18\v3_39\src\extended\proc\p18F45J10.asm
                compare_l   0x002200    program     static C:\MCC18\v3_39\src\extended\proc\p18F45J10.asm
                   loop_l   0x002202    program     static C:\MCC18\v3_39\src\extended\proc\p18F45J10.asm
              _usart_putc   0x00220a    program     extern C:\MCC18\v3_39\src\pmc_common\USART\_usartpc.asm
                     loop   0x00221a    program     static C:\MCC18\v3_39\src\pmc_common\USART\_usartpc.asm
           timer0_lthread   0x002226    program     extern D:\Virginia Tech\VT Spring 2012\Embedded\CODENSTUFF\PIC Code\timer0_thread.c
                 _startup   0x002242    program     extern C:\MCC18\v3_39\src\extended\startup\c018i_e.c
                     loop   0x002250    program     static                          
       ___return_lbl00001   0x00225a    program     static                          
                  ReadADC   0x00225c    program     extern C:\MCC18\v3_39\src\pmc_common\ADC\adcread.c
                 s_digits   0x002274    program     static C:\MCC18\v3_39\src\extended\stdclib\vfprintf.c
                   __init   0x002286    program     extern C:\MCC18\v3_39\src\extended\stdclib\__init.c
               __config_0   0x007ff8    program     static D:\Virginia Tech\VT Spring 2012\Embedded\CODENSTUFF\PIC Code\main.c
               __config_1   0x007ffa    program     static D:\Virginia Tech\VT Spring 2012\Embedded\CODENSTUFF\PIC Code\main.c
          FromMainHigh_MQ   0x000000       data     static D:\Virginia Tech\VT Spring 2012\Embedded\CODENSTUFF\PIC Code\messages.c
 MQ_Main_Willing_to_block   0x00003e       data     static D:\Virginia Tech\VT Spring 2012\Embedded\CODENSTUFF\PIC Code\messages.c
                     prom   0x00003f       data     static C:\MCC18\v3_39\src\extended\startup\c018i_e.c
                curr_byte   0x000042       data     static C:\MCC18\v3_39\src\extended\startup\c018i_e.c
               curr_entry   0x000044       data     static C:\MCC18\v3_39\src\extended\startup\c018i_e.c
                 data_ptr   0x000046       data     static C:\MCC18\v3_39\src\extended\startup\c018i_e.c
                  __tmp_0   0x000049       data     static D:\Virginia Tech\VT Spring 2012\Embedded\CODENSTUFF\PIC Code\interrupts.c
                  __tmp_0   0x000049       data     static D:\Virginia Tech\VT Spring 2012\Embedded\CODENSTUFF\PIC Code\my_uart.c
                  __tmp_0   0x000049       data     static D:\Virginia Tech\VT Spring 2012\Embedded\CODENSTUFF\PIC Code\timer1_thread.c
                  __tmp_0   0x000049       data     static D:\Virginia Tech\VT Spring 2012\Embedded\CODENSTUFF\PIC Code\messages.c
                  __tmp_0   0x000049       data     static D:\Virginia Tech\VT Spring 2012\Embedded\CODENSTUFF\PIC Code\my_i2c.c
                  __tmp_0   0x000049       data     static C:\MCC18\v3_39\src\extended\stdclib\vfprintf.c
                  __tmp_0   0x000049       data     static C:\MCC18\v3_39\src\pmc_common\ADC\adcopen.c
                  __tmp_0   0x000049       data     static D:\Virginia Tech\VT Spring 2012\Embedded\CODENSTUFF\PIC Code\main.c
                  __tmp_0   0x000049       data     static C:\MCC18\v3_39\src\pmc_common\ADC\adcsetch.c
                  __tmp_0   0x000049       data     static C:\MCC18\v3_39\src\pmc_common\ADC\adcread.c
                  __tmp_0   0x000049       data     static C:\MCC18\v3_39\src\pmc_common\USART\uopen.c
                   uc_ptr   0x000050       data     static D:\Virginia Tech\VT Spring 2012\Embedded\CODENSTUFF\PIC Code\my_uart.c
                   ic_ptr   0x000052       data     static D:\Virginia Tech\VT Spring 2012\Embedded\CODENSTUFF\PIC Code\my_i2c.c
                   stdout   0x000054       data     extern C:\MCC18\v3_39\src\extended\stdclib\stdout.c
             USART_Status   0x000056       data     extern C:\MCC18\v3_39\src\pmc_common\USART\udefs.c
           FromMainLow_MQ   0x000080       data     static D:\Virginia Tech\VT Spring 2012\Embedded\CODENSTUFF\PIC Code\messages.c
            ToMainHigh_MQ   0x0000be       data     static D:\Virginia Tech\VT Spring 2012\Embedded\CODENSTUFF\PIC Code\messages.c
                __RETVAL0   0x0000fc       data     extern C:\MCC18\v3_39\src\extended\math\cmath18.asm
                __RETVAL1   0x0000fd       data     extern C:\MCC18\v3_39\src\extended\math\cmath18.asm
                __RETVAL2   0x0000fe       data     extern C:\MCC18\v3_39\src\extended\math\cmath18.asm
                __RETVAL3   0x0000ff       data     extern C:\MCC18\v3_39\src\extended\math\cmath18.asm
             ToMainLow_MQ   0x000100       data     static D:\Virginia Tech\VT Spring 2012\Embedded\CODENSTUFF\PIC Code\messages.c
                PORTAbits   0x000f80       data     extern C:\MCC18\v3_39\src\extended\proc\p18F45J10.asm
                    PORTA   0x000f80       data     extern C:\MCC18\v3_39\src\extended\proc\p18F45J10.asm
                PORTBbits   0x000f81       data     extern C:\MCC18\v3_39\src\extended\proc\p18F45J10.asm
                    PORTB   0x000f81       data     extern C:\MCC18\v3_39\src\extended\proc\p18F45J10.asm
                    PORTC   0x000f82       data     extern C:\MCC18\v3_39\src\extended\proc\p18F45J10.asm
                PORTCbits   0x000f82       data     extern C:\MCC18\v3_39\src\extended\proc\p18F45J10.asm
                PORTDbits   0x000f83       data     extern C:\MCC18\v3_39\src\extended\proc\p18F45J10.asm
                    PORTD   0x000f83       data     extern C:\MCC18\v3_39\src\extended\proc\p18F45J10.asm
                    PORTE   0x000f84       data     extern C:\MCC18\v3_39\src\extended\proc\p18F45J10.asm
                PORTEbits   0x000f84       data     extern C:\MCC18\v3_39\src\extended\proc\p18F45J10.asm
             SSP2CON2bits   0x000f85       data     extern C:\MCC18\v3_39\src\extended\proc\p18F45J10.asm
                 SSP2CON2   0x000f85       data     extern C:\MCC18\v3_39\src\extended\proc\p18F45J10.asm
             SSP2CON1bits   0x000f86       data     extern C:\MCC18\v3_39\src\extended\proc\p18F45J10.asm
                 SSP2CON1   0x000f86       data     extern C:\MCC18\v3_39\src\extended\proc\p18F45J10.asm
             SSP2STATbits   0x000f87       data     extern C:\MCC18\v3_39\src\extended\proc\p18F45J10.asm
                 SSP2STAT   0x000f87       data     extern C:\MCC18\v3_39\src\extended\proc\p18F45J10.asm
                  SSP2ADD   0x000f88       data     extern C:\MCC18\v3_39\src\extended\proc\p18F45J10.asm
                     LATA   0x000f89       data     extern C:\MCC18\v3_39\src\extended\proc\p18F45J10.asm
                 LATAbits   0x000f89       data     extern C:\MCC18\v3_39\src\extended\proc\p18F45J10.asm
                     LATB   0x000f8a       data     extern C:\MCC18\v3_39\src\extended\proc\p18F45J10.asm
                 LATBbits   0x000f8a       data     extern C:\MCC18\v3_39\src\extended\proc\p18F45J10.asm
                     LATC   0x000f8b       data     extern C:\MCC18\v3_39\src\extended\proc\p18F45J10.asm
                 LATCbits   0x000f8b       data     extern C:\MCC18\v3_39\src\extended\proc\p18F45J10.asm
                     LATD   0x000f8c       data     extern C:\MCC18\v3_39\src\extended\proc\p18F45J10.asm
                 LATDbits   0x000f8c       data     extern C:\MCC18\v3_39\src\extended\proc\p18F45J10.asm
                     LATE   0x000f8d       data     extern C:\MCC18\v3_39\src\extended\proc\p18F45J10.asm
                 LATEbits   0x000f8d       data     extern C:\MCC18\v3_39\src\extended\proc\p18F45J10.asm
                  SSP2BUF   0x000f8e       data     extern C:\MCC18\v3_39\src\extended\proc\p18F45J10.asm
                    TRISA   0x000f92       data     extern C:\MCC18\v3_39\src\extended\proc\p18F45J10.asm
                TRISAbits   0x000f92       data     extern C:\MCC18\v3_39\src\extended\proc\p18F45J10.asm
                     DDRA   0x000f92       data     extern C:\MCC18\v3_39\src\extended\proc\p18F45J10.asm
                 DDRAbits   0x000f92       data     extern C:\MCC18\v3_39\src\extended\proc\p18F45J10.asm
                 DDRBbits   0x000f93       data     extern C:\MCC18\v3_39\src\extended\proc\p18F45J10.asm
                     DDRB   0x000f93       data     extern C:\MCC18\v3_39\src\extended\proc\p18F45J10.asm
                TRISBbits   0x000f93       data     extern C:\MCC18\v3_39\src\extended\proc\p18F45J10.asm
                    TRISB   0x000f93       data     extern C:\MCC18\v3_39\src\extended\proc\p18F45J10.asm
                     DDRC   0x000f94       data     extern C:\MCC18\v3_39\src\extended\proc\p18F45J10.asm
                 DDRCbits   0x000f94       data     extern C:\MCC18\v3_39\src\extended\proc\p18F45J10.asm
                TRISCbits   0x000f94       data     extern C:\MCC18\v3_39\src\extended\proc\p18F45J10.asm
                    TRISC   0x000f94       data     extern C:\MCC18\v3_39\src\extended\proc\p18F45J10.asm
                    TRISD   0x000f95       data     extern C:\MCC18\v3_39\src\extended\proc\p18F45J10.asm
                     DDRD   0x000f95       data     extern C:\MCC18\v3_39\src\extended\proc\p18F45J10.asm
                 DDRDbits   0x000f95       data     extern C:\MCC18\v3_39\src\extended\proc\p18F45J10.asm
                TRISDbits   0x000f95       data     extern C:\MCC18\v3_39\src\extended\proc\p18F45J10.asm
                TRISEbits   0x000f96       data     extern C:\MCC18\v3_39\src\extended\proc\p18F45J10.asm
                    TRISE   0x000f96       data     extern C:\MCC18\v3_39\src\extended\proc\p18F45J10.asm
                     DDRE   0x000f96       data     extern C:\MCC18\v3_39\src\extended\proc\p18F45J10.asm
                 DDREbits   0x000f96       data     extern C:\MCC18\v3_39\src\extended\proc\p18F45J10.asm
              OSCTUNEbits   0x000f9b       data     extern C:\MCC18\v3_39\src\extended\proc\p18F45J10.asm
                  OSCTUNE   0x000f9b       data     extern C:\MCC18\v3_39\src\extended\proc\p18F45J10.asm
                     PIE1   0x000f9d       data     extern C:\MCC18\v3_39\src\extended\proc\p18F45J10.asm
                 PIE1bits   0x000f9d       data     extern C:\MCC18\v3_39\src\extended\proc\p18F45J10.asm
                     PIR1   0x000f9e       data     extern C:\MCC18\v3_39\src\extended\proc\p18F45J10.asm
                 PIR1bits   0x000f9e       data     extern C:\MCC18\v3_39\src\extended\proc\p18F45J10.asm
                 IPR1bits   0x000f9f       data     extern C:\MCC18\v3_39\src\extended\proc\p18F45J10.asm
                     IPR1   0x000f9f       data     extern C:\MCC18\v3_39\src\extended\proc\p18F45J10.asm
                     PIE2   0x000fa0       data     extern C:\MCC18\v3_39\src\extended\proc\p18F45J10.asm
                 PIE2bits   0x000fa0       data     extern C:\MCC18\v3_39\src\extended\proc\p18F45J10.asm
                     PIR2   0x000fa1       data     extern C:\MCC18\v3_39\src\extended\proc\p18F45J10.asm
                 PIR2bits   0x000fa1       data     extern C:\MCC18\v3_39\src\extended\proc\p18F45J10.asm
                 IPR2bits   0x000fa2       data     extern C:\MCC18\v3_39\src\extended\proc\p18F45J10.asm
                     IPR2   0x000fa2       data     extern C:\MCC18\v3_39\src\extended\proc\p18F45J10.asm
                 PIE3bits   0x000fa3       data     extern C:\MCC18\v3_39\src\extended\proc\p18F45J10.asm
                     PIE3   0x000fa3       data     extern C:\MCC18\v3_39\src\extended\proc\p18F45J10.asm
                     PIR3   0x000fa4       data     extern C:\MCC18\v3_39\src\extended\proc\p18F45J10.asm
                 PIR3bits   0x000fa4       data     extern C:\MCC18\v3_39\src\extended\proc\p18F45J10.asm
                 IPR3bits   0x000fa5       data     extern C:\MCC18\v3_39\src\extended\proc\p18F45J10.asm
                     IPR3   0x000fa5       data     extern C:\MCC18\v3_39\src\extended\proc\p18F45J10.asm
               EECON1bits   0x000fa6       data     extern C:\MCC18\v3_39\src\extended\proc\p18F45J10.asm
                   EECON1   0x000fa6       data     extern C:\MCC18\v3_39\src\extended\proc\p18F45J10.asm
                   EECON2   0x000fa7       data     extern C:\MCC18\v3_39\src\extended\proc\p18F45J10.asm
                    RCSTA   0x000fab       data     extern C:\MCC18\v3_39\src\extended\proc\p18F45J10.asm
                   RCSTA1   0x000fab       data     extern C:\MCC18\v3_39\src\extended\proc\p18F45J10.asm
               RCSTA1bits   0x000fab       data     extern C:\MCC18\v3_39\src\extended\proc\p18F45J10.asm
                RCSTAbits   0x000fab       data     extern C:\MCC18\v3_39\src\extended\proc\p18F45J10.asm
                    TXSTA   0x000fac       data     extern C:\MCC18\v3_39\src\extended\proc\p18F45J10.asm
                   TXSTA1   0x000fac       data     extern C:\MCC18\v3_39\src\extended\proc\p18F45J10.asm
               TXSTA1bits   0x000fac       data     extern C:\MCC18\v3_39\src\extended\proc\p18F45J10.asm
                TXSTAbits   0x000fac       data     extern C:\MCC18\v3_39\src\extended\proc\p18F45J10.asm
                   TXREG1   0x000fad       data     extern C:\MCC18\v3_39\src\extended\proc\p18F45J10.asm
                    TXREG   0x000fad       data     extern C:\MCC18\v3_39\src\extended\proc\p18F45J10.asm
                    RCREG   0x000fae       data     extern C:\MCC18\v3_39\src\extended\proc\p18F45J10.asm
                   RCREG1   0x000fae       data     extern C:\MCC18\v3_39\src\extended\proc\p18F45J10.asm
                   SPBRG1   0x000faf       data     extern C:\MCC18\v3_39\src\extended\proc\p18F45J10.asm
                    SPBRG   0x000faf       data     extern C:\MCC18\v3_39\src\extended\proc\p18F45J10.asm
                   SPBRGH   0x000fb0       data     extern C:\MCC18\v3_39\src\extended\proc\p18F45J10.asm
                CMCONbits   0x000fb4       data     extern C:\MCC18\v3_39\src\extended\proc\p18F45J10.asm
                    CMCON   0x000fb4       data     extern C:\MCC18\v3_39\src\extended\proc\p18F45J10.asm
               CVRCONbits   0x000fb5       data     extern C:\MCC18\v3_39\src\extended\proc\p18F45J10.asm
                   CVRCON   0x000fb5       data     extern C:\MCC18\v3_39\src\extended\proc\p18F45J10.asm
                  ECCP1AS   0x000fb6       data     extern C:\MCC18\v3_39\src\extended\proc\p18F45J10.asm
              ECCP1ASbits   0x000fb6       data     extern C:\MCC18\v3_39\src\extended\proc\p18F45J10.asm
                 ECCP1DEL   0x000fb7       data     extern C:\MCC18\v3_39\src\extended\proc\p18F45J10.asm
             ECCP1DELbits   0x000fb7       data     extern C:\MCC18\v3_39\src\extended\proc\p18F45J10.asm
              PWM1CONbits   0x000fb7       data     extern C:\MCC18\v3_39\src\extended\proc\p18F45J10.asm
                  PWM1CON   0x000fb7       data     extern C:\MCC18\v3_39\src\extended\proc\p18F45J10.asm
              BAUDCTLbits   0x000fb8       data     extern C:\MCC18\v3_39\src\extended\proc\p18F45J10.asm
                  BAUDCTL   0x000fb8       data     extern C:\MCC18\v3_39\src\extended\proc\p18F45J10.asm
              BAUDCONbits   0x000fb8       data     extern C:\MCC18\v3_39\src\extended\proc\p18F45J10.asm
                  BAUDCON   0x000fb8       data     extern C:\MCC18\v3_39\src\extended\proc\p18F45J10.asm
                  CCP2CON   0x000fba       data     extern C:\MCC18\v3_39\src\extended\proc\p18F45J10.asm
              CCP2CONbits   0x000fba       data     extern C:\MCC18\v3_39\src\extended\proc\p18F45J10.asm
                    CCPR2   0x000fbb       data     extern C:\MCC18\v3_39\src\extended\proc\p18F45J10.asm
                   CCPR2L   0x000fbb       data     extern C:\MCC18\v3_39\src\extended\proc\p18F45J10.asm
                   CCPR2H   0x000fbc       data     extern C:\MCC18\v3_39\src\extended\proc\p18F45J10.asm
             ECCP1CONbits   0x000fbd       data     extern C:\MCC18\v3_39\src\extended\proc\p18F45J10.asm
                 ECCP1CON   0x000fbd       data     extern C:\MCC18\v3_39\src\extended\proc\p18F45J10.asm
                  CCP1CON   0x000fbd       data     extern C:\MCC18\v3_39\src\extended\proc\p18F45J10.asm
              CCP1CONbits   0x000fbd       data     extern C:\MCC18\v3_39\src\extended\proc\p18F45J10.asm
                    CCPR1   0x000fbe       data     extern C:\MCC18\v3_39\src\extended\proc\p18F45J10.asm
                   CCPR1L   0x000fbe       data     extern C:\MCC18\v3_39\src\extended\proc\p18F45J10.asm
                   CCPR1H   0x000fbf       data     extern C:\MCC18\v3_39\src\extended\proc\p18F45J10.asm
                   ADCON2   0x000fc0       data     extern C:\MCC18\v3_39\src\extended\proc\p18F45J10.asm
               ADCON2bits   0x000fc0       data     extern C:\MCC18\v3_39\src\extended\proc\p18F45J10.asm
               ADCON1bits   0x000fc1       data     extern C:\MCC18\v3_39\src\extended\proc\p18F45J10.asm
                   ADCON1   0x000fc1       data     extern C:\MCC18\v3_39\src\extended\proc\p18F45J10.asm
                   ADCON0   0x000fc2       data     extern C:\MCC18\v3_39\src\extended\proc\p18F45J10.asm
               ADCON0bits   0x000fc2       data     extern C:\MCC18\v3_39\src\extended\proc\p18F45J10.asm
                   ADRESL   0x000fc3       data     extern C:\MCC18\v3_39\src\extended\proc\p18F45J10.asm
                    ADRES   0x000fc3       data     extern C:\MCC18\v3_39\src\extended\proc\p18F45J10.asm
                   ADRESH   0x000fc4       data     extern C:\MCC18\v3_39\src\extended\proc\p18F45J10.asm
             SSP1CON2bits   0x000fc5       data     extern C:\MCC18\v3_39\src\extended\proc\p18F45J10.asm
                 SSP1CON2   0x000fc5       data     extern C:\MCC18\v3_39\src\extended\proc\p18F45J10.asm
              SSPCON2bits   0x000fc5       data     extern C:\MCC18\v3_39\src\extended\proc\p18F45J10.asm
                  SSPCON2   0x000fc5       data     extern C:\MCC18\v3_39\src\extended\proc\p18F45J10.asm
             SSP1CON1bits   0x000fc6       data     extern C:\MCC18\v3_39\src\extended\proc\p18F45J10.asm
                 SSP1CON1   0x000fc6       data     extern C:\MCC18\v3_39\src\extended\proc\p18F45J10.asm
                  SSPCON1   0x000fc6       data     extern C:\MCC18\v3_39\src\extended\proc\p18F45J10.asm
              SSPCON1bits   0x000fc6       data     extern C:\MCC18\v3_39\src\extended\proc\p18F45J10.asm
                 SSP1STAT   0x000fc7       data     extern C:\MCC18\v3_39\src\extended\proc\p18F45J10.asm
             SSP1STATbits   0x000fc7       data     extern C:\MCC18\v3_39\src\extended\proc\p18F45J10.asm
              SSPSTATbits   0x000fc7       data     extern C:\MCC18\v3_39\src\extended\proc\p18F45J10.asm
                  SSPSTAT   0x000fc7       data     extern C:\MCC18\v3_39\src\extended\proc\p18F45J10.asm
                  SSP1ADD   0x000fc8       data     extern C:\MCC18\v3_39\src\extended\proc\p18F45J10.asm
                   SSPADD   0x000fc8       data     extern C:\MCC18\v3_39\src\extended\proc\p18F45J10.asm
                  SSP1BUF   0x000fc9       data     extern C:\MCC18\v3_39\src\extended\proc\p18F45J10.asm
                   SSPBUF   0x000fc9       data     extern C:\MCC18\v3_39\src\extended\proc\p18F45J10.asm
                T2CONbits   0x000fca       data     extern C:\MCC18\v3_39\src\extended\proc\p18F45J10.asm
                    T2CON   0x000fca       data     extern C:\MCC18\v3_39\src\extended\proc\p18F45J10.asm
                      PR2   0x000fcb       data     extern C:\MCC18\v3_39\src\extended\proc\p18F45J10.asm
                     TMR2   0x000fcc       data     extern C:\MCC18\v3_39\src\extended\proc\p18F45J10.asm
                    T1CON   0x000fcd       data     extern C:\MCC18\v3_39\src\extended\proc\p18F45J10.asm
                T1CONbits   0x000fcd       data     extern C:\MCC18\v3_39\src\extended\proc\p18F45J10.asm
                    TMR1L   0x000fce       data     extern C:\MCC18\v3_39\src\extended\proc\p18F45J10.asm
                    TMR1H   0x000fcf       data     extern C:\MCC18\v3_39\src\extended\proc\p18F45J10.asm
                     RCON   0x000fd0       data     extern C:\MCC18\v3_39\src\extended\proc\p18F45J10.asm
                 RCONbits   0x000fd0       data     extern C:\MCC18\v3_39\src\extended\proc\p18F45J10.asm
                   WDTCON   0x000fd1       data     extern C:\MCC18\v3_39\src\extended\proc\p18F45J10.asm
               WDTCONbits   0x000fd1       data     extern C:\MCC18\v3_39\src\extended\proc\p18F45J10.asm
                   OSCCON   0x000fd3       data     extern C:\MCC18\v3_39\src\extended\proc\p18F45J10.asm
               OSCCONbits   0x000fd3       data     extern C:\MCC18\v3_39\src\extended\proc\p18F45J10.asm
                T0CONbits   0x000fd5       data     extern C:\MCC18\v3_39\src\extended\proc\p18F45J10.asm
                    T0CON   0x000fd5       data     extern C:\MCC18\v3_39\src\extended\proc\p18F45J10.asm
                    TMR0L   0x000fd6       data     extern C:\MCC18\v3_39\src\extended\proc\p18F45J10.asm
                    TMR0H   0x000fd7       data     extern C:\MCC18\v3_39\src\extended\proc\p18F45J10.asm
               STATUSbits   0x000fd8       data     extern C:\MCC18\v3_39\src\extended\proc\p18F45J10.asm
                   STATUS   0x000fd8       data     extern C:\MCC18\v3_39\src\extended\proc\p18F45J10.asm
                    FSR2L   0x000fd9       data     extern C:\MCC18\v3_39\src\extended\proc\p18F45J10.asm
                     FSR2   0x000fd9       data     extern C:\MCC18\v3_39\src\extended\proc\p18F45J10.asm
                    FSR2H   0x000fda       data     extern C:\MCC18\v3_39\src\extended\proc\p18F45J10.asm
                   PLUSW2   0x000fdb       data     extern C:\MCC18\v3_39\src\extended\proc\p18F45J10.asm
                  PREINC2   0x000fdc       data     extern C:\MCC18\v3_39\src\extended\proc\p18F45J10.asm
                 POSTDEC2   0x000fdd       data     extern C:\MCC18\v3_39\src\extended\proc\p18F45J10.asm
                 POSTINC2   0x000fde       data     extern C:\MCC18\v3_39\src\extended\proc\p18F45J10.asm
                    INDF2   0x000fdf       data     extern C:\MCC18\v3_39\src\extended\proc\p18F45J10.asm
                      BSR   0x000fe0       data     extern C:\MCC18\v3_39\src\extended\proc\p18F45J10.asm
                     FSR1   0x000fe1       data     extern C:\MCC18\v3_39\src\extended\proc\p18F45J10.asm
                    FSR1L   0x000fe1       data     extern C:\MCC18\v3_39\src\extended\proc\p18F45J10.asm
                    FSR1H   0x000fe2       data     extern C:\MCC18\v3_39\src\extended\proc\p18F45J10.asm
                   PLUSW1   0x000fe3       data     extern C:\MCC18\v3_39\src\extended\proc\p18F45J10.asm
                  PREINC1   0x000fe4       data     extern C:\MCC18\v3_39\src\extended\proc\p18F45J10.asm
                 POSTDEC1   0x000fe5       data     extern C:\MCC18\v3_39\src\extended\proc\p18F45J10.asm
                 POSTINC1   0x000fe6       data     extern C:\MCC18\v3_39\src\extended\proc\p18F45J10.asm
                    INDF1   0x000fe7       data     extern C:\MCC18\v3_39\src\extended\proc\p18F45J10.asm
                     WREG   0x000fe8       data     extern C:\MCC18\v3_39\src\extended\proc\p18F45J10.asm
                    FSR0L   0x000fe9       data     extern C:\MCC18\v3_39\src\extended\proc\p18F45J10.asm
                     FSR0   0x000fe9       data     extern C:\MCC18\v3_39\src\extended\proc\p18F45J10.asm
                    FSR0H   0x000fea       data     extern C:\MCC18\v3_39\src\extended\proc\p18F45J10.asm
                   PLUSW0   0x000feb       data     extern C:\MCC18\v3_39\src\extended\proc\p18F45J10.asm
                  PREINC0   0x000fec       data     extern C:\MCC18\v3_39\src\extended\proc\p18F45J10.asm
                 POSTDEC0   0x000fed       data     extern C:\MCC18\v3_39\src\extended\proc\p18F45J10.asm
                 POSTINC0   0x000fee       data     extern C:\MCC18\v3_39\src\extended\proc\p18F45J10.asm
                    INDF0   0x000fef       data     extern C:\MCC18\v3_39\src\extended\proc\p18F45J10.asm
              INTCON3bits   0x000ff0       data     extern C:\MCC18\v3_39\src\extended\proc\p18F45J10.asm
                  INTCON3   0x000ff0       data     extern C:\MCC18\v3_39\src\extended\proc\p18F45J10.asm
                  INTCON2   0x000ff1       data     extern C:\MCC18\v3_39\src\extended\proc\p18F45J10.asm
              INTCON2bits   0x000ff1       data     extern C:\MCC18\v3_39\src\extended\proc\p18F45J10.asm
                   INTCON   0x000ff2       data     extern C:\MCC18\v3_39\src\extended\proc\p18F45J10.asm
               INTCONbits   0x000ff2       data     extern C:\MCC18\v3_39\src\extended\proc\p18F45J10.asm
                    PRODL   0x000ff3       data     extern C:\MCC18\v3_39\src\extended\proc\p18F45J10.asm
                     PROD   0x000ff3       data     extern C:\MCC18\v3_39\src\extended\proc\p18F45J10.asm
                    PRODH   0x000ff4       data     extern C:\MCC18\v3_39\src\extended\proc\p18F45J10.asm
                   TABLAT   0x000ff5       data     extern C:\MCC18\v3_39\src\extended\proc\p18F45J10.asm
                   TBLPTR   0x000ff6       data     extern C:\MCC18\v3_39\src\extended\proc\p18F45J10.asm
                  TBLPTRL   0x000ff6       data     extern C:\MCC18\v3_39\src\extended\proc\p18F45J10.asm
                  TBLPTRH   0x000ff7       data     extern C:\MCC18\v3_39\src\extended\proc\p18F45J10.asm
                  TBLPTRU   0x000ff8       data     extern C:\MCC18\v3_39\src\extended\proc\p18F45J10.asm
                       PC   0x000ff9       data     extern C:\MCC18\v3_39\src\extended\proc\p18F45J10.asm
                      PCL   0x000ff9       data     extern C:\MCC18\v3_39\src\extended\proc\p18F45J10.asm
                   PCLATH   0x000ffa       data     extern C:\MCC18\v3_39\src\extended\proc\p18F45J10.asm
                   PCLATU   0x000ffb       data     extern C:\MCC18\v3_39\src\extended\proc\p18F45J10.asm
                   STKPTR   0x000ffc       data     extern C:\MCC18\v3_39\src\extended\proc\p18F45J10.asm
               STKPTRbits   0x000ffc       data     extern C:\MCC18\v3_39\src\extended\proc\p18F45J10.asm
                      TOS   0x000ffd       data     extern C:\MCC18\v3_39\src\extended\proc\p18F45J10.asm
                     TOSL   0x000ffd       data     extern C:\MCC18\v3_39\src\extended\proc\p18F45J10.asm
                     TOSH   0x000ffe       data     extern C:\MCC18\v3_39\src\extended\proc\p18F45J10.asm
                     TOSU   0x000fff       data     extern C:\MCC18\v3_39\src\extended\proc\p18F45J10.asm


